<!doctype html public "-//w3c//dtd html 4.0 transitional//en">
<html><head>
<title>Static Call Graph - [..\..\Output\atk_h743.axf]</title></head>
<body><HR>
<H1>Static Call Graph for image ..\..\Output\atk_h743.axf</H1><HR>
<BR><P>#&#060CALLGRAPH&#062# ARM Linker, 6230001: Last Updated: Wed May 28 11:41:21 2025
<BR><P>
<H3>Maximum Stack Usage =       1208 bytes + Unknown(Functions without stacksize, Cycles, Untraceable Function Pointers)</H3><H3>
Call chain for Maximum Stack Depth:</H3>
__rt_entry_main &rArr; main &rArr; test_flash_step_by_step &rArr; __2printf &rArr; _printf_char_file &rArr; _printf_char_common &rArr; __printf
<P>
<H3>
Functions with no stack information
</H3><UL>
 <LI><a href="#[ab]">__user_initial_stackheap</a>
</UL>
</UL>
<P>
<H3>
Mutually Recursive functions
</H3> <LI><a href="#[4]">BusFault_Handler</a>&nbsp;&nbsp;&nbsp;&rArr;&nbsp;&nbsp;&nbsp;<a href="#[4]">BusFault_Handler</a><BR>
 <LI><a href="#[2]">HardFault_Handler</a>&nbsp;&nbsp;&nbsp;&rArr;&nbsp;&nbsp;&nbsp;<a href="#[2]">HardFault_Handler</a><BR>
 <LI><a href="#[1]">NMI_Handler</a>&nbsp;&nbsp;&nbsp;&rArr;&nbsp;&nbsp;&nbsp;<a href="#[1]">NMI_Handler</a><BR>
 <LI><a href="#[5]">UsageFault_Handler</a>&nbsp;&nbsp;&nbsp;&rArr;&nbsp;&nbsp;&nbsp;<a href="#[5]">UsageFault_Handler</a><BR>
 <LI><a href="#[81]">ADC3_IRQHandler</a>&nbsp;&nbsp;&nbsp;&rArr;&nbsp;&nbsp;&nbsp;<a href="#[81]">ADC3_IRQHandler</a><BR>
</UL>
<P>
<H3>
Function Pointers
</H3><UL>
 <LI><a href="#[81]">ADC3_IRQHandler</a> from startup_stm32h743xx.o(.text) referenced from startup_stm32h743xx.o(RESET)
 <LI><a href="#[1c]">ADC_IRQHandler</a> from startup_stm32h743xx.o(.text) referenced from startup_stm32h743xx.o(RESET)
 <LI><a href="#[83]">BDMA_Channel0_IRQHandler</a> from startup_stm32h743xx.o(.text) referenced from startup_stm32h743xx.o(RESET)
 <LI><a href="#[84]">BDMA_Channel1_IRQHandler</a> from startup_stm32h743xx.o(.text) referenced from startup_stm32h743xx.o(RESET)
 <LI><a href="#[85]">BDMA_Channel2_IRQHandler</a> from startup_stm32h743xx.o(.text) referenced from startup_stm32h743xx.o(RESET)
 <LI><a href="#[86]">BDMA_Channel3_IRQHandler</a> from startup_stm32h743xx.o(.text) referenced from startup_stm32h743xx.o(RESET)
 <LI><a href="#[87]">BDMA_Channel4_IRQHandler</a> from startup_stm32h743xx.o(.text) referenced from startup_stm32h743xx.o(RESET)
 <LI><a href="#[88]">BDMA_Channel5_IRQHandler</a> from startup_stm32h743xx.o(.text) referenced from startup_stm32h743xx.o(RESET)
 <LI><a href="#[89]">BDMA_Channel6_IRQHandler</a> from startup_stm32h743xx.o(.text) referenced from startup_stm32h743xx.o(RESET)
 <LI><a href="#[8a]">BDMA_Channel7_IRQHandler</a> from startup_stm32h743xx.o(.text) referenced from startup_stm32h743xx.o(RESET)
 <LI><a href="#[4]">BusFault_Handler</a> from stm32h7xx_it.o(.text.BusFault_Handler) referenced from startup_stm32h743xx.o(RESET)
 <LI><a href="#[62]">CEC_IRQHandler</a> from startup_stm32h743xx.o(.text) referenced from startup_stm32h743xx.o(RESET)
 <LI><a href="#[8b]">COMP1_IRQHandler</a> from startup_stm32h743xx.o(.text) referenced from startup_stm32h743xx.o(RESET)
 <LI><a href="#[91]">CRS_IRQHandler</a> from startup_stm32h743xx.o(.text) referenced from startup_stm32h743xx.o(RESET)
 <LI><a href="#[53]">DCMI_IRQHandler</a> from startup_stm32h743xx.o(.text) referenced from startup_stm32h743xx.o(RESET)
 <LI><a href="#[72]">DFSDM1_FLT0_IRQHandler</a> from startup_stm32h743xx.o(.text) referenced from startup_stm32h743xx.o(RESET)
 <LI><a href="#[73]">DFSDM1_FLT1_IRQHandler</a> from startup_stm32h743xx.o(.text) referenced from startup_stm32h743xx.o(RESET)
 <LI><a href="#[74]">DFSDM1_FLT2_IRQHandler</a> from startup_stm32h743xx.o(.text) referenced from startup_stm32h743xx.o(RESET)
 <LI><a href="#[75]">DFSDM1_FLT3_IRQHandler</a> from startup_stm32h743xx.o(.text) referenced from startup_stm32h743xx.o(RESET)
 <LI><a href="#[15]">DMA1_Stream0_IRQHandler</a> from startup_stm32h743xx.o(.text) referenced from startup_stm32h743xx.o(RESET)
 <LI><a href="#[16]">DMA1_Stream1_IRQHandler</a> from startup_stm32h743xx.o(.text) referenced from startup_stm32h743xx.o(RESET)
 <LI><a href="#[17]">DMA1_Stream2_IRQHandler</a> from startup_stm32h743xx.o(.text) referenced from startup_stm32h743xx.o(RESET)
 <LI><a href="#[18]">DMA1_Stream3_IRQHandler</a> from startup_stm32h743xx.o(.text) referenced from startup_stm32h743xx.o(RESET)
 <LI><a href="#[19]">DMA1_Stream4_IRQHandler</a> from startup_stm32h743xx.o(.text) referenced from startup_stm32h743xx.o(RESET)
 <LI><a href="#[1a]">DMA1_Stream5_IRQHandler</a> from startup_stm32h743xx.o(.text) referenced from startup_stm32h743xx.o(RESET)
 <LI><a href="#[1b]">DMA1_Stream6_IRQHandler</a> from startup_stm32h743xx.o(.text) referenced from startup_stm32h743xx.o(RESET)
 <LI><a href="#[38]">DMA1_Stream7_IRQHandler</a> from startup_stm32h743xx.o(.text) referenced from startup_stm32h743xx.o(RESET)
 <LI><a href="#[5e]">DMA2D_IRQHandler</a> from startup_stm32h743xx.o(.text) referenced from startup_stm32h743xx.o(RESET)
 <LI><a href="#[41]">DMA2_Stream0_IRQHandler</a> from startup_stm32h743xx.o(.text) referenced from startup_stm32h743xx.o(RESET)
 <LI><a href="#[42]">DMA2_Stream1_IRQHandler</a> from startup_stm32h743xx.o(.text) referenced from startup_stm32h743xx.o(RESET)
 <LI><a href="#[43]">DMA2_Stream2_IRQHandler</a> from startup_stm32h743xx.o(.text) referenced from startup_stm32h743xx.o(RESET)
 <LI><a href="#[44]">DMA2_Stream3_IRQHandler</a> from startup_stm32h743xx.o(.text) referenced from startup_stm32h743xx.o(RESET)
 <LI><a href="#[45]">DMA2_Stream4_IRQHandler</a> from startup_stm32h743xx.o(.text) referenced from startup_stm32h743xx.o(RESET)
 <LI><a href="#[49]">DMA2_Stream5_IRQHandler</a> from startup_stm32h743xx.o(.text) referenced from startup_stm32h743xx.o(RESET)
 <LI><a href="#[4a]">DMA2_Stream6_IRQHandler</a> from startup_stm32h743xx.o(.text) referenced from startup_stm32h743xx.o(RESET)
 <LI><a href="#[4b]">DMA2_Stream7_IRQHandler</a> from startup_stm32h743xx.o(.text) referenced from startup_stm32h743xx.o(RESET)
 <LI><a href="#[6a]">DMAMUX1_OVR_IRQHandler</a> from startup_stm32h743xx.o(.text) referenced from startup_stm32h743xx.o(RESET)
 <LI><a href="#[82]">DMAMUX2_OVR_IRQHandler</a> from startup_stm32h743xx.o(.text) referenced from startup_stm32h743xx.o(RESET)
 <LI><a href="#[7]">DebugMon_Handler</a> from stm32h7xx_it.o(.text.DebugMon_Handler) referenced from startup_stm32h743xx.o(RESET)
 <LI><a href="#[92]">ECC_IRQHandler</a> from startup_stm32h743xx.o(.text) referenced from startup_stm32h743xx.o(RESET)
 <LI><a href="#[46]">ETH_IRQHandler</a> from startup_stm32h743xx.o(.text) referenced from startup_stm32h743xx.o(RESET)
 <LI><a href="#[47]">ETH_WKUP_IRQHandler</a> from startup_stm32h743xx.o(.text) referenced from startup_stm32h743xx.o(RESET)
 <LI><a href="#[10]">EXTI0_IRQHandler</a> from startup_stm32h743xx.o(.text) referenced from startup_stm32h743xx.o(RESET)
 <LI><a href="#[32]">EXTI15_10_IRQHandler</a> from startup_stm32h743xx.o(.text) referenced from startup_stm32h743xx.o(RESET)
 <LI><a href="#[11]">EXTI1_IRQHandler</a> from startup_stm32h743xx.o(.text) referenced from startup_stm32h743xx.o(RESET)
 <LI><a href="#[12]">EXTI2_IRQHandler</a> from startup_stm32h743xx.o(.text) referenced from startup_stm32h743xx.o(RESET)
 <LI><a href="#[13]">EXTI3_IRQHandler</a> from startup_stm32h743xx.o(.text) referenced from startup_stm32h743xx.o(RESET)
 <LI><a href="#[14]">EXTI4_IRQHandler</a> from startup_stm32h743xx.o(.text) referenced from startup_stm32h743xx.o(RESET)
 <LI><a href="#[21]">EXTI9_5_IRQHandler</a> from startup_stm32h743xx.o(.text) referenced from startup_stm32h743xx.o(RESET)
 <LI><a href="#[1d]">FDCAN1_IT0_IRQHandler</a> from startup_stm32h743xx.o(.text) referenced from startup_stm32h743xx.o(RESET)
 <LI><a href="#[1f]">FDCAN1_IT1_IRQHandler</a> from startup_stm32h743xx.o(.text) referenced from startup_stm32h743xx.o(RESET)
 <LI><a href="#[1e]">FDCAN2_IT0_IRQHandler</a> from startup_stm32h743xx.o(.text) referenced from startup_stm32h743xx.o(RESET)
 <LI><a href="#[20]">FDCAN2_IT1_IRQHandler</a> from startup_stm32h743xx.o(.text) referenced from startup_stm32h743xx.o(RESET)
 <LI><a href="#[48]">FDCAN_CAL_IRQHandler</a> from startup_stm32h743xx.o(.text) referenced from startup_stm32h743xx.o(RESET)
 <LI><a href="#[e]">FLASH_IRQHandler</a> from startup_stm32h743xx.o(.text) referenced from startup_stm32h743xx.o(RESET)
 <LI><a href="#[39]">FMC_IRQHandler</a> from startup_stm32h743xx.o(.text) referenced from startup_stm32h743xx.o(RESET)
 <LI><a href="#[55]">FPU_IRQHandler</a> from startup_stm32h743xx.o(.text) referenced from startup_stm32h743xx.o(RESET)
 <LI><a href="#[71]">HRTIM1_FLT_IRQHandler</a> from startup_stm32h743xx.o(.text) referenced from startup_stm32h743xx.o(RESET)
 <LI><a href="#[6b]">HRTIM1_Master_IRQHandler</a> from startup_stm32h743xx.o(.text) referenced from startup_stm32h743xx.o(RESET)
 <LI><a href="#[6c]">HRTIM1_TIMA_IRQHandler</a> from startup_stm32h743xx.o(.text) referenced from startup_stm32h743xx.o(RESET)
 <LI><a href="#[6d]">HRTIM1_TIMB_IRQHandler</a> from startup_stm32h743xx.o(.text) referenced from startup_stm32h743xx.o(RESET)
 <LI><a href="#[6e]">HRTIM1_TIMC_IRQHandler</a> from startup_stm32h743xx.o(.text) referenced from startup_stm32h743xx.o(RESET)
 <LI><a href="#[6f]">HRTIM1_TIMD_IRQHandler</a> from startup_stm32h743xx.o(.text) referenced from startup_stm32h743xx.o(RESET)
 <LI><a href="#[70]">HRTIM1_TIME_IRQHandler</a> from startup_stm32h743xx.o(.text) referenced from startup_stm32h743xx.o(RESET)
 <LI><a href="#[80]">HSEM1_IRQHandler</a> from startup_stm32h743xx.o(.text) referenced from startup_stm32h743xx.o(RESET)
 <LI><a href="#[2]">HardFault_Handler</a> from stm32h7xx_it.o(.text.HardFault_Handler) referenced from startup_stm32h743xx.o(RESET)
 <LI><a href="#[2a]">I2C1_ER_IRQHandler</a> from startup_stm32h743xx.o(.text) referenced from startup_stm32h743xx.o(RESET)
 <LI><a href="#[29]">I2C1_EV_IRQHandler</a> from startup_stm32h743xx.o(.text) referenced from startup_stm32h743xx.o(RESET)
 <LI><a href="#[2c]">I2C2_ER_IRQHandler</a> from startup_stm32h743xx.o(.text) referenced from startup_stm32h743xx.o(RESET)
 <LI><a href="#[2b]">I2C2_EV_IRQHandler</a> from startup_stm32h743xx.o(.text) referenced from startup_stm32h743xx.o(RESET)
 <LI><a href="#[4e]">I2C3_ER_IRQHandler</a> from startup_stm32h743xx.o(.text) referenced from startup_stm32h743xx.o(RESET)
 <LI><a href="#[4d]">I2C3_EV_IRQHandler</a> from startup_stm32h743xx.o(.text) referenced from startup_stm32h743xx.o(RESET)
 <LI><a href="#[64]">I2C4_ER_IRQHandler</a> from startup_stm32h743xx.o(.text) referenced from startup_stm32h743xx.o(RESET)
 <LI><a href="#[63]">I2C4_EV_IRQHandler</a> from startup_stm32h743xx.o(.text) referenced from startup_stm32h743xx.o(RESET)
 <LI><a href="#[7d]">JPEG_IRQHandler</a> from startup_stm32h743xx.o(.text) referenced from startup_stm32h743xx.o(RESET)
 <LI><a href="#[61]">LPTIM1_IRQHandler</a> from startup_stm32h743xx.o(.text) referenced from startup_stm32h743xx.o(RESET)
 <LI><a href="#[8c]">LPTIM2_IRQHandler</a> from startup_stm32h743xx.o(.text) referenced from startup_stm32h743xx.o(RESET)
 <LI><a href="#[8d]">LPTIM3_IRQHandler</a> from startup_stm32h743xx.o(.text) referenced from startup_stm32h743xx.o(RESET)
 <LI><a href="#[8e]">LPTIM4_IRQHandler</a> from startup_stm32h743xx.o(.text) referenced from startup_stm32h743xx.o(RESET)
 <LI><a href="#[8f]">LPTIM5_IRQHandler</a> from startup_stm32h743xx.o(.text) referenced from startup_stm32h743xx.o(RESET)
 <LI><a href="#[90]">LPUART1_IRQHandler</a> from startup_stm32h743xx.o(.text) referenced from startup_stm32h743xx.o(RESET)
 <LI><a href="#[5d]">LTDC_ER_IRQHandler</a> from startup_stm32h743xx.o(.text) referenced from startup_stm32h743xx.o(RESET)
 <LI><a href="#[5c]">LTDC_IRQHandler</a> from startup_stm32h743xx.o(.text) referenced from startup_stm32h743xx.o(RESET)
 <LI><a href="#[7c]">MDIOS_IRQHandler</a> from startup_stm32h743xx.o(.text) referenced from startup_stm32h743xx.o(RESET)
 <LI><a href="#[7b]">MDIOS_WKUP_IRQHandler</a> from startup_stm32h743xx.o(.text) referenced from startup_stm32h743xx.o(RESET)
 <LI><a href="#[7e]">MDMA_IRQHandler</a> from startup_stm32h743xx.o(.text) referenced from startup_stm32h743xx.o(RESET)
 <LI><a href="#[3]">MemManage_Handler</a> from stm32h7xx_it.o(.text.MemManage_Handler) referenced from startup_stm32h743xx.o(RESET)
 <LI><a href="#[1]">NMI_Handler</a> from stm32h7xx_it.o(.text.NMI_Handler) referenced from startup_stm32h743xx.o(RESET)
 <LI><a href="#[67]">OTG_FS_EP1_IN_IRQHandler</a> from startup_stm32h743xx.o(.text) referenced from startup_stm32h743xx.o(RESET)
 <LI><a href="#[66]">OTG_FS_EP1_OUT_IRQHandler</a> from startup_stm32h743xx.o(.text) referenced from startup_stm32h743xx.o(RESET)
 <LI><a href="#[69]">OTG_FS_IRQHandler</a> from startup_stm32h743xx.o(.text) referenced from startup_stm32h743xx.o(RESET)
 <LI><a href="#[68]">OTG_FS_WKUP_IRQHandler</a> from startup_stm32h743xx.o(.text) referenced from startup_stm32h743xx.o(RESET)
 <LI><a href="#[50]">OTG_HS_EP1_IN_IRQHandler</a> from startup_stm32h743xx.o(.text) referenced from startup_stm32h743xx.o(RESET)
 <LI><a href="#[4f]">OTG_HS_EP1_OUT_IRQHandler</a> from startup_stm32h743xx.o(.text) referenced from startup_stm32h743xx.o(RESET)
 <LI><a href="#[52]">OTG_HS_IRQHandler</a> from startup_stm32h743xx.o(.text) referenced from startup_stm32h743xx.o(RESET)
 <LI><a href="#[51]">OTG_HS_WKUP_IRQHandler</a> from startup_stm32h743xx.o(.text) referenced from startup_stm32h743xx.o(RESET)
 <LI><a href="#[b]">PVD_AVD_IRQHandler</a> from startup_stm32h743xx.o(.text) referenced from startup_stm32h743xx.o(RESET)
 <LI><a href="#[8]">PendSV_Handler</a> from stm32h7xx_it.o(.text.PendSV_Handler) referenced from startup_stm32h743xx.o(RESET)
 <LI><a href="#[60]">QUADSPI_IRQHandler</a> from startup_stm32h743xx.o(.text) referenced from startup_stm32h743xx.o(RESET)
 <LI><a href="#[f]">RCC_IRQHandler</a> from startup_stm32h743xx.o(.text) referenced from startup_stm32h743xx.o(RESET)
 <LI><a href="#[54]">RNG_IRQHandler</a> from startup_stm32h743xx.o(.text) referenced from startup_stm32h743xx.o(RESET)
 <LI><a href="#[33]">RTC_Alarm_IRQHandler</a> from rtc.o(.text.RTC_Alarm_IRQHandler) referenced from startup_stm32h743xx.o(RESET)
 <LI><a href="#[d]">RTC_WKUP_IRQHandler</a> from rtc.o(.text.RTC_WKUP_IRQHandler) referenced from startup_stm32h743xx.o(RESET)
 <LI><a href="#[0]">Reset_Handler</a> from startup_stm32h743xx.o(.text) referenced from startup_stm32h743xx.o(RESET)
 <LI><a href="#[5b]">SAI1_IRQHandler</a> from startup_stm32h743xx.o(.text) referenced from startup_stm32h743xx.o(RESET)
 <LI><a href="#[5f]">SAI2_IRQHandler</a> from startup_stm32h743xx.o(.text) referenced from startup_stm32h743xx.o(RESET)
 <LI><a href="#[76]">SAI3_IRQHandler</a> from startup_stm32h743xx.o(.text) referenced from startup_stm32h743xx.o(RESET)
 <LI><a href="#[93]">SAI4_IRQHandler</a> from startup_stm32h743xx.o(.text) referenced from startup_stm32h743xx.o(RESET)
 <LI><a href="#[3a]">SDMMC1_IRQHandler</a> from startup_stm32h743xx.o(.text) referenced from startup_stm32h743xx.o(RESET)
 <LI><a href="#[7f]">SDMMC2_IRQHandler</a> from startup_stm32h743xx.o(.text) referenced from startup_stm32h743xx.o(RESET)
 <LI><a href="#[65]">SPDIF_RX_IRQHandler</a> from startup_stm32h743xx.o(.text) referenced from startup_stm32h743xx.o(RESET)
 <LI><a href="#[2d]">SPI1_IRQHandler</a> from startup_stm32h743xx.o(.text) referenced from startup_stm32h743xx.o(RESET)
 <LI><a href="#[2e]">SPI2_IRQHandler</a> from startup_stm32h743xx.o(.text) referenced from startup_stm32h743xx.o(RESET)
 <LI><a href="#[3c]">SPI3_IRQHandler</a> from startup_stm32h743xx.o(.text) referenced from startup_stm32h743xx.o(RESET)
 <LI><a href="#[58]">SPI4_IRQHandler</a> from startup_stm32h743xx.o(.text) referenced from startup_stm32h743xx.o(RESET)
 <LI><a href="#[59]">SPI5_IRQHandler</a> from startup_stm32h743xx.o(.text) referenced from startup_stm32h743xx.o(RESET)
 <LI><a href="#[5a]">SPI6_IRQHandler</a> from startup_stm32h743xx.o(.text) referenced from startup_stm32h743xx.o(RESET)
 <LI><a href="#[6]">SVC_Handler</a> from stm32h7xx_it.o(.text.SVC_Handler) referenced from startup_stm32h743xx.o(RESET)
 <LI><a href="#[77]">SWPMI1_IRQHandler</a> from startup_stm32h743xx.o(.text) referenced from startup_stm32h743xx.o(RESET)
 <LI><a href="#[9]">SysTick_Handler</a> from stm32h7xx_it.o(.text.SysTick_Handler) referenced from startup_stm32h743xx.o(RESET)
 <LI><a href="#[c]">TAMP_STAMP_IRQHandler</a> from startup_stm32h743xx.o(.text) referenced from startup_stm32h743xx.o(RESET)
 <LI><a href="#[78]">TIM15_IRQHandler</a> from startup_stm32h743xx.o(.text) referenced from startup_stm32h743xx.o(RESET)
 <LI><a href="#[79]">TIM16_IRQHandler</a> from startup_stm32h743xx.o(.text) referenced from startup_stm32h743xx.o(RESET)
 <LI><a href="#[7a]">TIM17_IRQHandler</a> from startup_stm32h743xx.o(.text) referenced from startup_stm32h743xx.o(RESET)
 <LI><a href="#[22]">TIM1_BRK_IRQHandler</a> from startup_stm32h743xx.o(.text) referenced from startup_stm32h743xx.o(RESET)
 <LI><a href="#[25]">TIM1_CC_IRQHandler</a> from startup_stm32h743xx.o(.text) referenced from startup_stm32h743xx.o(RESET)
 <LI><a href="#[24]">TIM1_TRG_COM_IRQHandler</a> from startup_stm32h743xx.o(.text) referenced from startup_stm32h743xx.o(RESET)
 <LI><a href="#[23]">TIM1_UP_IRQHandler</a> from startup_stm32h743xx.o(.text) referenced from startup_stm32h743xx.o(RESET)
 <LI><a href="#[26]">TIM2_IRQHandler</a> from startup_stm32h743xx.o(.text) referenced from startup_stm32h743xx.o(RESET)
 <LI><a href="#[27]">TIM3_IRQHandler</a> from startup_stm32h743xx.o(.text) referenced from startup_stm32h743xx.o(RESET)
 <LI><a href="#[28]">TIM4_IRQHandler</a> from startup_stm32h743xx.o(.text) referenced from startup_stm32h743xx.o(RESET)
 <LI><a href="#[3b]">TIM5_IRQHandler</a> from startup_stm32h743xx.o(.text) referenced from startup_stm32h743xx.o(RESET)
 <LI><a href="#[3f]">TIM6_DAC_IRQHandler</a> from timer.o(.text.TIM6_DAC_IRQHandler) referenced from startup_stm32h743xx.o(RESET)
 <LI><a href="#[40]">TIM7_IRQHandler</a> from startup_stm32h743xx.o(.text) referenced from startup_stm32h743xx.o(RESET)
 <LI><a href="#[34]">TIM8_BRK_TIM12_IRQHandler</a> from startup_stm32h743xx.o(.text) referenced from startup_stm32h743xx.o(RESET)
 <LI><a href="#[37]">TIM8_CC_IRQHandler</a> from startup_stm32h743xx.o(.text) referenced from startup_stm32h743xx.o(RESET)
 <LI><a href="#[36]">TIM8_TRG_COM_TIM14_IRQHandler</a> from startup_stm32h743xx.o(.text) referenced from startup_stm32h743xx.o(RESET)
 <LI><a href="#[35]">TIM8_UP_TIM13_IRQHandler</a> from startup_stm32h743xx.o(.text) referenced from startup_stm32h743xx.o(RESET)
 <LI><a href="#[3d]">UART4_IRQHandler</a> from startup_stm32h743xx.o(.text) referenced from startup_stm32h743xx.o(RESET)
 <LI><a href="#[3e]">UART5_IRQHandler</a> from startup_stm32h743xx.o(.text) referenced from startup_stm32h743xx.o(RESET)
 <LI><a href="#[56]">UART7_IRQHandler</a> from startup_stm32h743xx.o(.text) referenced from startup_stm32h743xx.o(RESET)
 <LI><a href="#[57]">UART8_IRQHandler</a> from startup_stm32h743xx.o(.text) referenced from startup_stm32h743xx.o(RESET)
 <LI><a href="#[2f]">USART1_IRQHandler</a> from usart.o(.text.USART1_IRQHandler) referenced from startup_stm32h743xx.o(RESET)
 <LI><a href="#[30]">USART2_IRQHandler</a> from startup_stm32h743xx.o(.text) referenced from startup_stm32h743xx.o(RESET)
 <LI><a href="#[31]">USART3_IRQHandler</a> from startup_stm32h743xx.o(.text) referenced from startup_stm32h743xx.o(RESET)
 <LI><a href="#[4c]">USART6_IRQHandler</a> from startup_stm32h743xx.o(.text) referenced from startup_stm32h743xx.o(RESET)
 <LI><a href="#[5]">UsageFault_Handler</a> from stm32h7xx_it.o(.text.UsageFault_Handler) referenced from startup_stm32h743xx.o(RESET)
 <LI><a href="#[94]">WAKEUP_PIN_IRQHandler</a> from startup_stm32h743xx.o(.text) referenced from startup_stm32h743xx.o(RESET)
 <LI><a href="#[a]">WWDG_IRQHandler</a> from startup_stm32h743xx.o(.text) referenced from startup_stm32h743xx.o(RESET)
 <LI><a href="#[96]">__main</a> from __main.o(!!!main) referenced from startup_stm32h743xx.o(.text)
 <LI><a href="#[97]">_printf_input_char</a> from _printf_char_common.o(.text) referenced from _printf_char_common.o(.text)
 <LI><a href="#[95]">fputc</a> from usart.o(.text.fputc) referenced from _printf_char_file.o(.text)
</UL>
<P>
<H3>
Global Symbols
</H3>
<P><STRONG><a name="[96]"></a>__main</STRONG> (Thumb, 8 bytes, Stack size 0 bytes, __main.o(!!!main))
<BR><BR>[Calls]<UL><LI><a href="#[99]">&gt;&gt;</a>&nbsp;&nbsp;&nbsp;__rt_entry
<LI><a href="#[98]">&gt;&gt;</a>&nbsp;&nbsp;&nbsp;__scatterload
</UL>
<BR>[Address Reference Count : 1]<UL><LI> startup_stm32h743xx.o(.text)
</UL>
<P><STRONG><a name="[98]"></a>__scatterload</STRONG> (Thumb, 0 bytes, Stack size unknown bytes, __scatter.o(!!!scatter))
<BR><BR>[Called By]<UL><LI><a href="#[96]">&gt;&gt;</a>&nbsp;&nbsp;&nbsp;__main
</UL>

<P><STRONG><a name="[9a]"></a>__scatterload_rt2</STRONG> (Thumb, 84 bytes, Stack size unknown bytes, __scatter.o(!!!scatter), UNUSED)
<BR><BR>[Calls]<UL><LI><a href="#[99]">&gt;&gt;</a>&nbsp;&nbsp;&nbsp;__rt_entry
</UL>

<P><STRONG><a name="[10e]"></a>__scatterload_rt2_thumb_only</STRONG> (Thumb, 0 bytes, Stack size unknown bytes, __scatter.o(!!!scatter), UNUSED)

<P><STRONG><a name="[10f]"></a>__scatterload_loop</STRONG> (Thumb, 0 bytes, Stack size unknown bytes, __scatter.o(!!!scatter), UNUSED)

<P><STRONG><a name="[9b]"></a>__scatterload_copy</STRONG> (Thumb, 26 bytes, Stack size unknown bytes, __scatter_copy.o(!!handler_copy), UNUSED)
<BR><BR>[Calls]<UL><LI><a href="#[9b]">&gt;&gt;</a>&nbsp;&nbsp;&nbsp;__scatterload_copy
</UL>
<BR>[Called By]<UL><LI><a href="#[9b]">&gt;&gt;</a>&nbsp;&nbsp;&nbsp;__scatterload_copy
</UL>

<P><STRONG><a name="[110]"></a>__scatterload_null</STRONG> (Thumb, 2 bytes, Stack size unknown bytes, __scatter.o(!!handler_null), UNUSED)

<P><STRONG><a name="[111]"></a>__scatterload_zeroinit</STRONG> (Thumb, 28 bytes, Stack size unknown bytes, __scatter_zi.o(!!handler_zi), UNUSED)

<P><STRONG><a name="[9d]"></a>__rt_lib_shutdown</STRONG> (Thumb, 0 bytes, Stack size unknown bytes, libshutdown.o(.ARM.Collect$$libshutdown$$00000000))
<BR><BR>[Called By]<UL><LI><a href="#[9c]">&gt;&gt;</a>&nbsp;&nbsp;&nbsp;__rt_exit_ls
</UL>

<P><STRONG><a name="[112]"></a>__rt_lib_shutdown_cpp_1</STRONG> (Thumb, 0 bytes, Stack size unknown bytes, libshutdown2.o(.ARM.Collect$$libshutdown$$00000002))

<P><STRONG><a name="[113]"></a>__rt_lib_shutdown_fp_trap_1</STRONG> (Thumb, 0 bytes, Stack size unknown bytes, libshutdown2.o(.ARM.Collect$$libshutdown$$00000007))

<P><STRONG><a name="[114]"></a>__rt_lib_shutdown_heap_1</STRONG> (Thumb, 0 bytes, Stack size unknown bytes, libshutdown2.o(.ARM.Collect$$libshutdown$$0000000F))

<P><STRONG><a name="[115]"></a>__rt_lib_shutdown_return</STRONG> (Thumb, 0 bytes, Stack size unknown bytes, libshutdown2.o(.ARM.Collect$$libshutdown$$00000010))

<P><STRONG><a name="[116]"></a>__rt_lib_shutdown_signal_1</STRONG> (Thumb, 0 bytes, Stack size unknown bytes, libshutdown2.o(.ARM.Collect$$libshutdown$$0000000A))

<P><STRONG><a name="[117]"></a>__rt_lib_shutdown_stdio_1</STRONG> (Thumb, 0 bytes, Stack size unknown bytes, libshutdown2.o(.ARM.Collect$$libshutdown$$00000004))

<P><STRONG><a name="[118]"></a>__rt_lib_shutdown_user_alloc_1</STRONG> (Thumb, 0 bytes, Stack size unknown bytes, libshutdown2.o(.ARM.Collect$$libshutdown$$0000000C))

<P><STRONG><a name="[ad]"></a>__rt_exit</STRONG> (Thumb, 0 bytes, Stack size unknown bytes, rtexit.o(.ARM.Collect$$rtexit$$00000000))
<BR><BR>[Called By]<UL><LI><a href="#[ac]">&gt;&gt;</a>&nbsp;&nbsp;&nbsp;exit
</UL>

<P><STRONG><a name="[9c]"></a>__rt_exit_ls</STRONG> (Thumb, 0 bytes, Stack size unknown bytes, rtexit2.o(.ARM.Collect$$rtexit$$00000003))
<BR><BR>[Calls]<UL><LI><a href="#[9d]">&gt;&gt;</a>&nbsp;&nbsp;&nbsp;__rt_lib_shutdown
</UL>

<P><STRONG><a name="[119]"></a>__rt_exit_prels_1</STRONG> (Thumb, 0 bytes, Stack size unknown bytes, rtexit2.o(.ARM.Collect$$rtexit$$00000002))

<P><STRONG><a name="[9e]"></a>__rt_exit_exit</STRONG> (Thumb, 0 bytes, Stack size unknown bytes, rtexit2.o(.ARM.Collect$$rtexit$$00000004))
<BR><BR>[Calls]<UL><LI><a href="#[9f]">&gt;&gt;</a>&nbsp;&nbsp;&nbsp;_sys_exit
</UL>

<P><STRONG><a name="[11a]"></a>__use_no_semihosting</STRONG> (Thumb, 2 bytes, Stack size 0 bytes, use_no_semi_2.o(.text), UNUSED)

<P><STRONG><a name="[a0]"></a>__2printf</STRONG> (Thumb, 20 bytes, Stack size 24 bytes, __2printf.o(.text))
<BR><BR>[Stack]<UL><LI>Max Depth = 144 + Unknown Stack Size
<LI>Call Chain = __2printf &rArr; _printf_char_file &rArr; _printf_char_common &rArr; __printf
</UL>
<BR>[Calls]<UL><LI><a href="#[a1]">&gt;&gt;</a>&nbsp;&nbsp;&nbsp;_printf_char_file
</UL>
<BR>[Called By]<UL><LI><a href="#[cc]">&gt;&gt;</a>&nbsp;&nbsp;&nbsp;QSPI_Transmit
<LI><a href="#[e8]">&gt;&gt;</a>&nbsp;&nbsp;&nbsp;test_flash_step_by_step
</UL>

<P><STRONG><a name="[a3]"></a>_printf_pre_padding</STRONG> (Thumb, 44 bytes, Stack size 16 bytes, _printf_pad.o(.text))
<BR><BR>[Stack]<UL><LI>Max Depth = 16<LI>Call Chain = _printf_pre_padding
</UL>
<BR>[Called By]<UL><LI><a href="#[a6]">&gt;&gt;</a>&nbsp;&nbsp;&nbsp;_printf_int_common
<LI><a href="#[a2]">&gt;&gt;</a>&nbsp;&nbsp;&nbsp;_printf_str
</UL>

<P><STRONG><a name="[a4]"></a>_printf_post_padding</STRONG> (Thumb, 34 bytes, Stack size 16 bytes, _printf_pad.o(.text))
<BR><BR>[Stack]<UL><LI>Max Depth = 16<LI>Call Chain = _printf_post_padding
</UL>
<BR>[Called By]<UL><LI><a href="#[a6]">&gt;&gt;</a>&nbsp;&nbsp;&nbsp;_printf_int_common
<LI><a href="#[a2]">&gt;&gt;</a>&nbsp;&nbsp;&nbsp;_printf_str
</UL>

<P><STRONG><a name="[a2]"></a>_printf_str</STRONG> (Thumb, 82 bytes, Stack size 16 bytes, _printf_str.o(.text))
<BR><BR>[Stack]<UL><LI>Max Depth = 32<LI>Call Chain = _printf_str &rArr; _printf_post_padding
</UL>
<BR>[Calls]<UL><LI><a href="#[a4]">&gt;&gt;</a>&nbsp;&nbsp;&nbsp;_printf_post_padding
<LI><a href="#[a3]">&gt;&gt;</a>&nbsp;&nbsp;&nbsp;_printf_pre_padding
</UL>
<BR>[Called By]<UL><LI><a href="#[fc]">&gt;&gt;</a>&nbsp;&nbsp;&nbsp;_printf_cs_common
</UL>

<P><STRONG><a name="[a5]"></a>puts</STRONG> (Thumb, 40 bytes, Stack size 8 bytes, puts.o(.text))
<BR><BR>[Stack]<UL><LI>Max Depth = 8<LI>Call Chain = puts
</UL>
<BR>[Calls]<UL><LI><a href="#[95]">&gt;&gt;</a>&nbsp;&nbsp;&nbsp;fputc
</UL>
<BR>[Called By]<UL><LI><a href="#[b8]">&gt;&gt;</a>&nbsp;&nbsp;&nbsp;HAL_RTC_AlarmAEventCallback
<LI><a href="#[3]">&gt;&gt;</a>&nbsp;&nbsp;&nbsp;MemManage_Handler
<LI><a href="#[e8]">&gt;&gt;</a>&nbsp;&nbsp;&nbsp;test_flash_step_by_step
</UL>

<P><STRONG><a name="[11b]"></a>__use_two_region_memory</STRONG> (Thumb, 2 bytes, Stack size 0 bytes, heapauxi.o(.text), UNUSED)

<P><STRONG><a name="[11c]"></a>__rt_heap_escrow$2region</STRONG> (Thumb, 2 bytes, Stack size 0 bytes, heapauxi.o(.text), UNUSED)

<P><STRONG><a name="[11d]"></a>__rt_heap_expand$2region</STRONG> (Thumb, 2 bytes, Stack size 0 bytes, heapauxi.o(.text), UNUSED)

<P><STRONG><a name="[a6]"></a>_printf_int_common</STRONG> (Thumb, 178 bytes, Stack size 32 bytes, _printf_intcommon.o(.text))
<BR><BR>[Stack]<UL><LI>Max Depth = 48<LI>Call Chain = _printf_int_common &rArr; _printf_post_padding
</UL>
<BR>[Calls]<UL><LI><a href="#[a4]">&gt;&gt;</a>&nbsp;&nbsp;&nbsp;_printf_post_padding
<LI><a href="#[a3]">&gt;&gt;</a>&nbsp;&nbsp;&nbsp;_printf_pre_padding
</UL>
<BR>[Called By]<UL><LI><a href="#[f0]">&gt;&gt;</a>&nbsp;&nbsp;&nbsp;_printf_int_hex
<LI><a href="#[ed]">&gt;&gt;</a>&nbsp;&nbsp;&nbsp;_printf_int_dec
</UL>

<P><STRONG><a name="[a1]"></a>_printf_char_file</STRONG> (Thumb, 32 bytes, Stack size 16 bytes, _printf_char_file.o(.text))
<BR><BR>[Stack]<UL><LI>Max Depth = 120 + Unknown Stack Size
<LI>Call Chain = _printf_char_file &rArr; _printf_char_common &rArr; __printf
</UL>
<BR>[Calls]<UL><LI><a href="#[a8]">&gt;&gt;</a>&nbsp;&nbsp;&nbsp;ferror
<LI><a href="#[a7]">&gt;&gt;</a>&nbsp;&nbsp;&nbsp;_printf_char_common
</UL>
<BR>[Called By]<UL><LI><a href="#[a0]">&gt;&gt;</a>&nbsp;&nbsp;&nbsp;__2printf
</UL>

<P><STRONG><a name="[a8]"></a>ferror</STRONG> (Thumb, 8 bytes, Stack size 0 bytes, ferror.o(.text))
<BR><BR>[Called By]<UL><LI><a href="#[a1]">&gt;&gt;</a>&nbsp;&nbsp;&nbsp;_printf_char_file
</UL>

<P><STRONG><a name="[11e]"></a>__user_libspace</STRONG> (Thumb, 8 bytes, Stack size 0 bytes, libspace.o(.text), UNUSED)

<P><STRONG><a name="[aa]"></a>__user_perproc_libspace</STRONG> (Thumb, 0 bytes, Stack size 0 bytes, libspace.o(.text))
<BR><BR>[Called By]<UL><LI><a href="#[a9]">&gt;&gt;</a>&nbsp;&nbsp;&nbsp;__user_setup_stackheap
</UL>

<P><STRONG><a name="[11f]"></a>__user_perthread_libspace</STRONG> (Thumb, 0 bytes, Stack size 0 bytes, libspace.o(.text), UNUSED)

<P><STRONG><a name="[a9]"></a>__user_setup_stackheap</STRONG> (Thumb, 74 bytes, Stack size 8 bytes, sys_stackheap_outer.o(.text))
<BR><BR>[Stack]<UL><LI>Max Depth = 8 + Unknown Stack Size
<LI>Call Chain = __user_setup_stackheap
</UL>
<BR>[Calls]<UL><LI><a href="#[ab]">&gt;&gt;</a>&nbsp;&nbsp;&nbsp;__user_initial_stackheap
<LI><a href="#[aa]">&gt;&gt;</a>&nbsp;&nbsp;&nbsp;__user_perproc_libspace
</UL>
<BR>[Called By]<UL><LI><a href="#[f5]">&gt;&gt;</a>&nbsp;&nbsp;&nbsp;__rt_entry_sh
</UL>

<P><STRONG><a name="[ac]"></a>exit</STRONG> (Thumb, 18 bytes, Stack size 8 bytes, exit.o(.text))
<BR><BR>[Stack]<UL><LI>Max Depth = 8 + Unknown Stack Size
<LI>Call Chain = exit
</UL>
<BR>[Calls]<UL><LI><a href="#[ad]">&gt;&gt;</a>&nbsp;&nbsp;&nbsp;__rt_exit
</UL>
<BR>[Called By]<UL><LI><a href="#[f8]">&gt;&gt;</a>&nbsp;&nbsp;&nbsp;__rt_entry_main
</UL>

<P><STRONG><a name="[4]"></a>BusFault_Handler</STRONG> (Thumb, 2 bytes, Stack size 0 bytes, stm32h7xx_it.o(.text.BusFault_Handler))
<BR><BR>[Calls]<UL><LI><a href="#[4]">&gt;&gt;</a>&nbsp;&nbsp;&nbsp;BusFault_Handler
</UL>
<BR>[Called By]<UL><LI><a href="#[4]">&gt;&gt;</a>&nbsp;&nbsp;&nbsp;BusFault_Handler
</UL>
<BR>[Address Reference Count : 1]<UL><LI> startup_stm32h743xx.o(RESET)
</UL>
<P><STRONG><a name="[7]"></a>DebugMon_Handler</STRONG> (Thumb, 2 bytes, Stack size 0 bytes, stm32h7xx_it.o(.text.DebugMon_Handler))
<BR>[Address Reference Count : 1]<UL><LI> startup_stm32h743xx.o(RESET)
</UL>
<P><STRONG><a name="[ae]"></a>HAL_Delay</STRONG> (Thumb, 40 bytes, Stack size 16 bytes, stm32h7xx_hal.o(.text.HAL_Delay))
<BR><BR>[Stack]<UL><LI>Max Depth = 16<LI>Call Chain = HAL_Delay
</UL>
<BR>[Calls]<UL><LI><a href="#[af]">&gt;&gt;</a>&nbsp;&nbsp;&nbsp;HAL_GetTick
</UL>
<BR>[Called By]<UL><LI><a href="#[ea]">&gt;&gt;</a>&nbsp;&nbsp;&nbsp;delay_us
<LI><a href="#[dc]">&gt;&gt;</a>&nbsp;&nbsp;&nbsp;delay_ms
</UL>

<P><STRONG><a name="[cf]"></a>HAL_IncTick</STRONG> (Thumb, 26 bytes, Stack size 0 bytes, stm32h7xx_hal.o(.text.HAL_IncTick))
<BR><BR>[Called By]<UL><LI><a href="#[9]">&gt;&gt;</a>&nbsp;&nbsp;&nbsp;SysTick_Handler
</UL>

<P><STRONG><a name="[b0]"></a>HAL_Init</STRONG> (Thumb, 100 bytes, Stack size 8 bytes, stm32h7xx_hal.o(.text.HAL_Init))
<BR><BR>[Stack]<UL><LI>Max Depth = 32<LI>Call Chain = HAL_Init &rArr; HAL_InitTick &rArr; HAL_NVIC_SetPriority
</UL>
<BR>[Calls]<UL><LI><a href="#[b4]">&gt;&gt;</a>&nbsp;&nbsp;&nbsp;HAL_MspInit
<LI><a href="#[b3]">&gt;&gt;</a>&nbsp;&nbsp;&nbsp;HAL_InitTick
<LI><a href="#[b2]">&gt;&gt;</a>&nbsp;&nbsp;&nbsp;HAL_RCC_GetSysClockFreq
<LI><a href="#[b1]">&gt;&gt;</a>&nbsp;&nbsp;&nbsp;HAL_NVIC_SetPriorityGrouping
</UL>
<BR>[Called By]<UL><LI><a href="#[e0]">&gt;&gt;</a>&nbsp;&nbsp;&nbsp;main
</UL>

<P><STRONG><a name="[c0]"></a>HAL_NVIC_EnableIRQ</STRONG> (Thumb, 34 bytes, Stack size 0 bytes, stm32h7xx_hal_cortex.o(.text.HAL_NVIC_EnableIRQ))
<BR><BR>[Called By]<UL><LI><a href="#[bd]">&gt;&gt;</a>&nbsp;&nbsp;&nbsp;HAL_TIM_Base_MspInit
<LI><a href="#[e7]">&gt;&gt;</a>&nbsp;&nbsp;&nbsp;RTC_Set_WakeUp
</UL>

<P><STRONG><a name="[bf]"></a>HAL_NVIC_SetPriority</STRONG> (Thumb, 90 bytes, Stack size 16 bytes, stm32h7xx_hal_cortex.o(.text.HAL_NVIC_SetPriority))
<BR><BR>[Stack]<UL><LI>Max Depth = 16<LI>Call Chain = HAL_NVIC_SetPriority
</UL>
<BR>[Called By]<UL><LI><a href="#[bd]">&gt;&gt;</a>&nbsp;&nbsp;&nbsp;HAL_TIM_Base_MspInit
<LI><a href="#[e7]">&gt;&gt;</a>&nbsp;&nbsp;&nbsp;RTC_Set_WakeUp
<LI><a href="#[b3]">&gt;&gt;</a>&nbsp;&nbsp;&nbsp;HAL_InitTick
</UL>

<P><STRONG><a name="[b5]"></a>HAL_RCC_ClockConfig</STRONG> (Thumb, 586 bytes, Stack size 32 bytes, stm32h7xx_hal_rcc.o(.text.HAL_RCC_ClockConfig))
<BR><BR>[Stack]<UL><LI>Max Depth = 56<LI>Call Chain = HAL_RCC_ClockConfig &rArr; HAL_InitTick &rArr; HAL_NVIC_SetPriority
</UL>
<BR>[Calls]<UL><LI><a href="#[af]">&gt;&gt;</a>&nbsp;&nbsp;&nbsp;HAL_GetTick
<LI><a href="#[b3]">&gt;&gt;</a>&nbsp;&nbsp;&nbsp;HAL_InitTick
<LI><a href="#[b2]">&gt;&gt;</a>&nbsp;&nbsp;&nbsp;HAL_RCC_GetSysClockFreq
</UL>
<BR>[Called By]<UL><LI><a href="#[e2]">&gt;&gt;</a>&nbsp;&nbsp;&nbsp;SystemClock_Config
</UL>

<P><STRONG><a name="[d9]"></a>HAL_RCC_GetClockConfig</STRONG> (Thumb, 88 bytes, Stack size 0 bytes, stm32h7xx_hal_rcc.o(.text.HAL_RCC_GetClockConfig))
<BR><BR>[Called By]<UL><LI><a href="#[d7]">&gt;&gt;</a>&nbsp;&nbsp;&nbsp;delay_init
</UL>

<P><STRONG><a name="[b6]"></a>HAL_RCC_OscConfig</STRONG> (Thumb, 1502 bytes, Stack size 32 bytes, stm32h7xx_hal_rcc.o(.text.HAL_RCC_OscConfig))
<BR><BR>[Stack]<UL><LI>Max Depth = 32<LI>Call Chain = HAL_RCC_OscConfig
</UL>
<BR>[Calls]<UL><LI><a href="#[b7]">&gt;&gt;</a>&nbsp;&nbsp;&nbsp;HAL_GetREVID
<LI><a href="#[af]">&gt;&gt;</a>&nbsp;&nbsp;&nbsp;HAL_GetTick
</UL>
<BR>[Called By]<UL><LI><a href="#[b9]">&gt;&gt;</a>&nbsp;&nbsp;&nbsp;HAL_RTC_MspInit
<LI><a href="#[e2]">&gt;&gt;</a>&nbsp;&nbsp;&nbsp;SystemClock_Config
</UL>

<P><STRONG><a name="[10b]"></a>HAL_RTCEx_BKUPRead</STRONG> (Thumb, 10 bytes, Stack size 0 bytes, stm32h7xx_hal_rtc_ex.o(.text.HAL_RTCEx_BKUPRead))
<BR><BR>[Called By]<UL><LI><a href="#[e6]">&gt;&gt;</a>&nbsp;&nbsp;&nbsp;RTC_Init
</UL>

<P><STRONG><a name="[10c]"></a>HAL_RTCEx_BKUPWrite</STRONG> (Thumb, 10 bytes, Stack size 0 bytes, stm32h7xx_hal_rtc_ex.o(.text.HAL_RTCEx_BKUPWrite))
<BR><BR>[Called By]<UL><LI><a href="#[e6]">&gt;&gt;</a>&nbsp;&nbsp;&nbsp;RTC_Init
</UL>

<P><STRONG><a name="[102]"></a>HAL_RTCEx_WakeUpTimerEventCallback</STRONG> (Thumb, 18 bytes, Stack size 0 bytes, rtc.o(.text.HAL_RTCEx_WakeUpTimerEventCallback))
<BR><BR>[Called By]<UL><LI><a href="#[ce]">&gt;&gt;</a>&nbsp;&nbsp;&nbsp;HAL_RTCEx_WakeUpTimerIRQHandler
</UL>

<P><STRONG><a name="[b8]"></a>HAL_RTC_AlarmAEventCallback</STRONG> (Thumb, 8 bytes, Stack size 0 bytes, rtc.o(.text.HAL_RTC_AlarmAEventCallback))
<BR><BR>[Stack]<UL><LI>Max Depth = 8<LI>Call Chain = HAL_RTC_AlarmAEventCallback &rArr; puts
</UL>
<BR>[Calls]<UL><LI><a href="#[a5]">&gt;&gt;</a>&nbsp;&nbsp;&nbsp;puts
</UL>
<BR>[Called By]<UL><LI><a href="#[103]">&gt;&gt;</a>&nbsp;&nbsp;&nbsp;HAL_RTC_AlarmIRQHandler
</UL>

<P><STRONG><a name="[b9]"></a>HAL_RTC_MspInit</STRONG> (Thumb, 86 bytes, Stack size 272 bytes, rtc.o(.text.HAL_RTC_MspInit))
<BR><BR>[Stack]<UL><LI>Max Depth = 328<LI>Call Chain = HAL_RTC_MspInit &rArr; HAL_RCCEx_PeriphCLKConfig &rArr; RCCEx_PLL3_Config
</UL>
<BR>[Calls]<UL><LI><a href="#[bb]">&gt;&gt;</a>&nbsp;&nbsp;&nbsp;HAL_RCCEx_PeriphCLKConfig
<LI><a href="#[ba]">&gt;&gt;</a>&nbsp;&nbsp;&nbsp;HAL_PWR_EnableBkUpAccess
<LI><a href="#[b6]">&gt;&gt;</a>&nbsp;&nbsp;&nbsp;HAL_RCC_OscConfig
</UL>
<BR>[Called By]<UL><LI><a href="#[105]">&gt;&gt;</a>&nbsp;&nbsp;&nbsp;HAL_RTC_Init
</UL>

<P><STRONG><a name="[c6]"></a>HAL_TIMEx_Break2Callback</STRONG> (Thumb, 2 bytes, Stack size 0 bytes, stm32h7xx_hal_tim_ex.o(.text.HAL_TIMEx_Break2Callback))
<BR><BR>[Called By]<UL><LI><a href="#[c1]">&gt;&gt;</a>&nbsp;&nbsp;&nbsp;HAL_TIM_IRQHandler
</UL>

<P><STRONG><a name="[c2]"></a>HAL_TIMEx_CommutCallback</STRONG> (Thumb, 2 bytes, Stack size 0 bytes, stm32h7xx_hal_tim_ex.o(.text.HAL_TIMEx_CommutCallback))
<BR><BR>[Called By]<UL><LI><a href="#[c1]">&gt;&gt;</a>&nbsp;&nbsp;&nbsp;HAL_TIM_IRQHandler
</UL>

<P><STRONG><a name="[bc]"></a>HAL_TIM_Base_Init</STRONG> (Thumb, 96 bytes, Stack size 8 bytes, stm32h7xx_hal_tim.o(.text.HAL_TIM_Base_Init))
<BR><BR>[Stack]<UL><LI>Max Depth = 40<LI>Call Chain = HAL_TIM_Base_Init &rArr; HAL_TIM_Base_MspInit &rArr; HAL_NVIC_SetPriority
</UL>
<BR>[Calls]<UL><LI><a href="#[bd]">&gt;&gt;</a>&nbsp;&nbsp;&nbsp;HAL_TIM_Base_MspInit
<LI><a href="#[be]">&gt;&gt;</a>&nbsp;&nbsp;&nbsp;TIM_Base_SetConfig
</UL>
<BR>[Called By]<UL><LI><a href="#[d5]">&gt;&gt;</a>&nbsp;&nbsp;&nbsp;btim_timx_int_init
<LI><a href="#[d7]">&gt;&gt;</a>&nbsp;&nbsp;&nbsp;delay_init
</UL>

<P><STRONG><a name="[bd]"></a>HAL_TIM_Base_MspInit</STRONG> (Thumb, 68 bytes, Stack size 16 bytes, timer.o(.text.HAL_TIM_Base_MspInit))
<BR><BR>[Stack]<UL><LI>Max Depth = 32<LI>Call Chain = HAL_TIM_Base_MspInit &rArr; HAL_NVIC_SetPriority
</UL>
<BR>[Calls]<UL><LI><a href="#[c0]">&gt;&gt;</a>&nbsp;&nbsp;&nbsp;HAL_NVIC_EnableIRQ
<LI><a href="#[bf]">&gt;&gt;</a>&nbsp;&nbsp;&nbsp;HAL_NVIC_SetPriority
</UL>
<BR>[Called By]<UL><LI><a href="#[bc]">&gt;&gt;</a>&nbsp;&nbsp;&nbsp;HAL_TIM_Base_Init
</UL>

<P><STRONG><a name="[d6]"></a>HAL_TIM_Base_Start_IT</STRONG> (Thumb, 178 bytes, Stack size 0 bytes, stm32h7xx_hal_tim.o(.text.HAL_TIM_Base_Start_IT))
<BR><BR>[Called By]<UL><LI><a href="#[d5]">&gt;&gt;</a>&nbsp;&nbsp;&nbsp;btim_timx_int_init
</UL>

<P><STRONG><a name="[c3]"></a>HAL_TIM_IC_CaptureCallback</STRONG> (Thumb, 2 bytes, Stack size 0 bytes, stm32h7xx_hal_tim.o(.text.HAL_TIM_IC_CaptureCallback))
<BR><BR>[Called By]<UL><LI><a href="#[c1]">&gt;&gt;</a>&nbsp;&nbsp;&nbsp;HAL_TIM_IRQHandler
</UL>

<P><STRONG><a name="[c1]"></a>HAL_TIM_IRQHandler</STRONG> (Thumb, 392 bytes, Stack size 8 bytes, stm32h7xx_hal_tim.o(.text.HAL_TIM_IRQHandler))
<BR><BR>[Stack]<UL><LI>Max Depth = 8<LI>Call Chain = HAL_TIM_IRQHandler
</UL>
<BR>[Calls]<UL><LI><a href="#[c4]">&gt;&gt;</a>&nbsp;&nbsp;&nbsp;HAL_TIM_PeriodElapsedCallback
<LI><a href="#[c8]">&gt;&gt;</a>&nbsp;&nbsp;&nbsp;HAL_TIM_OC_DelayElapsedCallback
<LI><a href="#[c7]">&gt;&gt;</a>&nbsp;&nbsp;&nbsp;HAL_TIM_TriggerCallback
<LI><a href="#[c6]">&gt;&gt;</a>&nbsp;&nbsp;&nbsp;HAL_TIMEx_Break2Callback
<LI><a href="#[c5]">&gt;&gt;</a>&nbsp;&nbsp;&nbsp;HAL_TIMEx_BreakCallback
<LI><a href="#[c2]">&gt;&gt;</a>&nbsp;&nbsp;&nbsp;HAL_TIMEx_CommutCallback
<LI><a href="#[c3]">&gt;&gt;</a>&nbsp;&nbsp;&nbsp;HAL_TIM_IC_CaptureCallback
<LI><a href="#[c9]">&gt;&gt;</a>&nbsp;&nbsp;&nbsp;HAL_TIM_PWM_PulseFinishedCallback
</UL>
<BR>[Called By]<UL><LI><a href="#[3f]">&gt;&gt;</a>&nbsp;&nbsp;&nbsp;TIM6_DAC_IRQHandler
</UL>

<P><STRONG><a name="[c9]"></a>HAL_TIM_PWM_PulseFinishedCallback</STRONG> (Thumb, 2 bytes, Stack size 0 bytes, stm32h7xx_hal_tim.o(.text.HAL_TIM_PWM_PulseFinishedCallback))
<BR><BR>[Called By]<UL><LI><a href="#[c1]">&gt;&gt;</a>&nbsp;&nbsp;&nbsp;HAL_TIM_IRQHandler
</UL>

<P><STRONG><a name="[2]"></a>HardFault_Handler</STRONG> (Thumb, 2 bytes, Stack size 0 bytes, stm32h7xx_it.o(.text.HardFault_Handler))
<BR><BR>[Calls]<UL><LI><a href="#[2]">&gt;&gt;</a>&nbsp;&nbsp;&nbsp;HardFault_Handler
</UL>
<BR>[Called By]<UL><LI><a href="#[2]">&gt;&gt;</a>&nbsp;&nbsp;&nbsp;HardFault_Handler
</UL>
<BR>[Address Reference Count : 1]<UL><LI> startup_stm32h743xx.o(RESET)
</UL>
<P><STRONG><a name="[1]"></a>NMI_Handler</STRONG> (Thumb, 2 bytes, Stack size 0 bytes, stm32h7xx_it.o(.text.NMI_Handler))
<BR><BR>[Calls]<UL><LI><a href="#[1]">&gt;&gt;</a>&nbsp;&nbsp;&nbsp;NMI_Handler
</UL>
<BR>[Called By]<UL><LI><a href="#[1]">&gt;&gt;</a>&nbsp;&nbsp;&nbsp;NMI_Handler
</UL>
<BR>[Address Reference Count : 1]<UL><LI> startup_stm32h743xx.o(RESET)
</UL>
<P><STRONG><a name="[ca]"></a>QSPI_Init</STRONG> (Thumb, 356 bytes, Stack size 64 bytes, qspi.o(.text.QSPI_Init))
<BR><BR>[Stack]<UL><LI>Max Depth = 112<LI>Call Chain = QSPI_Init &rArr; HAL_GPIO_Init
</UL>
<BR>[Calls]<UL><LI><a href="#[cb]">&gt;&gt;</a>&nbsp;&nbsp;&nbsp;HAL_GPIO_Init
</UL>
<BR>[Called By]<UL><LI><a href="#[d0]">&gt;&gt;</a>&nbsp;&nbsp;&nbsp;W25QXX_Init
</UL>

<P><STRONG><a name="[d3]"></a>QSPI_Receive</STRONG> (Thumb, 244 bytes, Stack size 16 bytes, qspi.o(.text.QSPI_Receive))
<BR><BR>[Stack]<UL><LI>Max Depth = 16<LI>Call Chain = QSPI_Receive
</UL>
<BR>[Called By]<UL><LI><a href="#[d4]">&gt;&gt;</a>&nbsp;&nbsp;&nbsp;W25QXX_Read
<LI><a href="#[d1]">&gt;&gt;</a>&nbsp;&nbsp;&nbsp;W25QXX_Qspi_Enable
<LI><a href="#[d0]">&gt;&gt;</a>&nbsp;&nbsp;&nbsp;W25QXX_Init
</UL>

<P><STRONG><a name="[d2]"></a>QSPI_Send_CMD</STRONG> (Thumb, 136 bytes, Stack size 8 bytes, qspi.o(.text.QSPI_Send_CMD))
<BR><BR>[Stack]<UL><LI>Max Depth = 8<LI>Call Chain = QSPI_Send_CMD
</UL>
<BR>[Called By]<UL><LI><a href="#[d4]">&gt;&gt;</a>&nbsp;&nbsp;&nbsp;W25QXX_Read
<LI><a href="#[d1]">&gt;&gt;</a>&nbsp;&nbsp;&nbsp;W25QXX_Qspi_Enable
<LI><a href="#[d0]">&gt;&gt;</a>&nbsp;&nbsp;&nbsp;W25QXX_Init
</UL>

<P><STRONG><a name="[cc]"></a>QSPI_Transmit</STRONG> (Thumb, 240 bytes, Stack size 24 bytes, qspi.o(.text.QSPI_Transmit))
<BR><BR>[Stack]<UL><LI>Max Depth = 168 + Unknown Stack Size
<LI>Call Chain = QSPI_Transmit &rArr; __2printf &rArr; _printf_char_file &rArr; _printf_char_common &rArr; __printf
</UL>
<BR>[Calls]<UL><LI><a href="#[a0]">&gt;&gt;</a>&nbsp;&nbsp;&nbsp;__2printf
</UL>
<BR>[Called By]<UL><LI><a href="#[d1]">&gt;&gt;</a>&nbsp;&nbsp;&nbsp;W25QXX_Qspi_Enable
<LI><a href="#[d0]">&gt;&gt;</a>&nbsp;&nbsp;&nbsp;W25QXX_Init
</UL>

<P><STRONG><a name="[d]"></a>RTC_WKUP_IRQHandler</STRONG> (Thumb, 12 bytes, Stack size 0 bytes, rtc.o(.text.RTC_WKUP_IRQHandler))
<BR><BR>[Stack]<UL><LI>Max Depth = 8<LI>Call Chain = RTC_WKUP_IRQHandler &rArr; HAL_RTCEx_WakeUpTimerIRQHandler
</UL>
<BR>[Calls]<UL><LI><a href="#[ce]">&gt;&gt;</a>&nbsp;&nbsp;&nbsp;HAL_RTCEx_WakeUpTimerIRQHandler
</UL>
<BR>[Address Reference Count : 1]<UL><LI> startup_stm32h743xx.o(RESET)
</UL>
<P><STRONG><a name="[9]"></a>SysTick_Handler</STRONG> (Thumb, 4 bytes, Stack size 0 bytes, stm32h7xx_it.o(.text.SysTick_Handler))
<BR><BR>[Calls]<UL><LI><a href="#[cf]">&gt;&gt;</a>&nbsp;&nbsp;&nbsp;HAL_IncTick
</UL>
<BR>[Address Reference Count : 1]<UL><LI> startup_stm32h743xx.o(RESET)
</UL>
<P><STRONG><a name="[be]"></a>TIM_Base_SetConfig</STRONG> (Thumb, 316 bytes, Stack size 8 bytes, stm32h7xx_hal_tim.o(.text.TIM_Base_SetConfig))
<BR><BR>[Stack]<UL><LI>Max Depth = 8<LI>Call Chain = TIM_Base_SetConfig
</UL>
<BR>[Called By]<UL><LI><a href="#[bc]">&gt;&gt;</a>&nbsp;&nbsp;&nbsp;HAL_TIM_Base_Init
</UL>

<P><STRONG><a name="[2f]"></a>USART1_IRQHandler</STRONG> (Thumb, 114 bytes, Stack size 8 bytes, usart.o(.text.USART1_IRQHandler))
<BR><BR>[Stack]<UL><LI>Max Depth = 8<LI>Call Chain = USART1_IRQHandler
</UL>
<BR>[Address Reference Count : 1]<UL><LI> startup_stm32h743xx.o(RESET)
</UL>
<P><STRONG><a name="[5]"></a>UsageFault_Handler</STRONG> (Thumb, 2 bytes, Stack size 0 bytes, stm32h7xx_it.o(.text.UsageFault_Handler))
<BR><BR>[Calls]<UL><LI><a href="#[5]">&gt;&gt;</a>&nbsp;&nbsp;&nbsp;UsageFault_Handler
</UL>
<BR>[Called By]<UL><LI><a href="#[5]">&gt;&gt;</a>&nbsp;&nbsp;&nbsp;UsageFault_Handler
</UL>
<BR>[Address Reference Count : 1]<UL><LI> startup_stm32h743xx.o(RESET)
</UL>
<P><STRONG><a name="[d0]"></a>W25QXX_Init</STRONG> (Thumb, 264 bytes, Stack size 24 bytes, w25qxx.o(.text.W25QXX_Init))
<BR><BR>[Stack]<UL><LI>Max Depth = 216 + Unknown Stack Size
<LI>Call Chain = W25QXX_Init &rArr; W25QXX_Qspi_Enable &rArr; QSPI_Transmit &rArr; __2printf &rArr; _printf_char_file &rArr; _printf_char_common &rArr; __printf
</UL>
<BR>[Calls]<UL><LI><a href="#[cc]">&gt;&gt;</a>&nbsp;&nbsp;&nbsp;QSPI_Transmit
<LI><a href="#[d3]">&gt;&gt;</a>&nbsp;&nbsp;&nbsp;QSPI_Receive
<LI><a href="#[d2]">&gt;&gt;</a>&nbsp;&nbsp;&nbsp;QSPI_Send_CMD
<LI><a href="#[d1]">&gt;&gt;</a>&nbsp;&nbsp;&nbsp;W25QXX_Qspi_Enable
<LI><a href="#[ca]">&gt;&gt;</a>&nbsp;&nbsp;&nbsp;QSPI_Init
</UL>
<BR>[Called By]<UL><LI><a href="#[e0]">&gt;&gt;</a>&nbsp;&nbsp;&nbsp;main
</UL>

<P><STRONG><a name="[d1]"></a>W25QXX_Qspi_Enable</STRONG> (Thumb, 140 bytes, Stack size 24 bytes, w25qxx.o(.text.W25QXX_Qspi_Enable))
<BR><BR>[Stack]<UL><LI>Max Depth = 192 + Unknown Stack Size
<LI>Call Chain = W25QXX_Qspi_Enable &rArr; QSPI_Transmit &rArr; __2printf &rArr; _printf_char_file &rArr; _printf_char_common &rArr; __printf
</UL>
<BR>[Calls]<UL><LI><a href="#[cc]">&gt;&gt;</a>&nbsp;&nbsp;&nbsp;QSPI_Transmit
<LI><a href="#[d3]">&gt;&gt;</a>&nbsp;&nbsp;&nbsp;QSPI_Receive
<LI><a href="#[d2]">&gt;&gt;</a>&nbsp;&nbsp;&nbsp;QSPI_Send_CMD
</UL>
<BR>[Called By]<UL><LI><a href="#[d0]">&gt;&gt;</a>&nbsp;&nbsp;&nbsp;W25QXX_Init
</UL>

<P><STRONG><a name="[d4]"></a>W25QXX_Read</STRONG> (Thumb, 28 bytes, Stack size 16 bytes, w25qxx.o(.text.W25QXX_Read))
<BR><BR>[Stack]<UL><LI>Max Depth = 32<LI>Call Chain = W25QXX_Read &rArr; QSPI_Receive
</UL>
<BR>[Calls]<UL><LI><a href="#[d3]">&gt;&gt;</a>&nbsp;&nbsp;&nbsp;QSPI_Receive
<LI><a href="#[d2]">&gt;&gt;</a>&nbsp;&nbsp;&nbsp;QSPI_Send_CMD
</UL>
<BR>[Called By]<UL><LI><a href="#[e8]">&gt;&gt;</a>&nbsp;&nbsp;&nbsp;test_flash_step_by_step
</UL>

<P><STRONG><a name="[9f]"></a>_sys_exit</STRONG> (Thumb, 2 bytes, Stack size 0 bytes, usart.o(.text._sys_exit))
<BR><BR>[Called By]<UL><LI><a href="#[9e]">&gt;&gt;</a>&nbsp;&nbsp;&nbsp;__rt_exit_exit
</UL>

<P><STRONG><a name="[d5]"></a>btim_timx_int_init</STRONG> (Thumb, 44 bytes, Stack size 8 bytes, timer.o(.text.btim_timx_int_init))
<BR><BR>[Stack]<UL><LI>Max Depth = 48<LI>Call Chain = btim_timx_int_init &rArr; HAL_TIM_Base_Init &rArr; HAL_TIM_Base_MspInit &rArr; HAL_NVIC_SetPriority
</UL>
<BR>[Calls]<UL><LI><a href="#[d6]">&gt;&gt;</a>&nbsp;&nbsp;&nbsp;HAL_TIM_Base_Start_IT
<LI><a href="#[bc]">&gt;&gt;</a>&nbsp;&nbsp;&nbsp;HAL_TIM_Base_Init
</UL>
<BR>[Called By]<UL><LI><a href="#[e0]">&gt;&gt;</a>&nbsp;&nbsp;&nbsp;main
</UL>

<P><STRONG><a name="[d7]"></a>delay_init</STRONG> (Thumb, 148 bytes, Stack size 72 bytes, delay.o(.text.delay_init))
<BR><BR>[Stack]<UL><LI>Max Depth = 112<LI>Call Chain = delay_init &rArr; HAL_TIM_Base_Init &rArr; HAL_TIM_Base_MspInit &rArr; HAL_NVIC_SetPriority
</UL>
<BR>[Calls]<UL><LI><a href="#[db]">&gt;&gt;</a>&nbsp;&nbsp;&nbsp;HAL_TIM_Base_Start
<LI><a href="#[da]">&gt;&gt;</a>&nbsp;&nbsp;&nbsp;HAL_TIM_ConfigClockSource
<LI><a href="#[bc]">&gt;&gt;</a>&nbsp;&nbsp;&nbsp;HAL_TIM_Base_Init
<LI><a href="#[d9]">&gt;&gt;</a>&nbsp;&nbsp;&nbsp;HAL_RCC_GetClockConfig
<LI><a href="#[d8]">&gt;&gt;</a>&nbsp;&nbsp;&nbsp;HAL_RCC_GetPCLK1Freq
</UL>
<BR>[Called By]<UL><LI><a href="#[e0]">&gt;&gt;</a>&nbsp;&nbsp;&nbsp;main
</UL>

<P><STRONG><a name="[dc]"></a>delay_ms</STRONG> (Thumb, 48 bytes, Stack size 0 bytes, delay.o(.text.delay_ms))
<BR><BR>[Stack]<UL><LI>Max Depth = 16<LI>Call Chain = delay_ms &rArr; HAL_Delay
</UL>
<BR>[Calls]<UL><LI><a href="#[ae]">&gt;&gt;</a>&nbsp;&nbsp;&nbsp;HAL_Delay
</UL>
<BR>[Called By]<UL><LI><a href="#[3]">&gt;&gt;</a>&nbsp;&nbsp;&nbsp;MemManage_Handler
</UL>

<P><STRONG><a name="[dd]"></a>led_init</STRONG> (Thumb, 96 bytes, Stack size 24 bytes, led.o(.text.led_init))
<BR><BR>[Stack]<UL><LI>Max Depth = 60<LI>Call Chain = led_init &rArr; sys_gpio_set
</UL>
<BR>[Calls]<UL><LI><a href="#[de]">&gt;&gt;</a>&nbsp;&nbsp;&nbsp;sys_gpio_set
<LI><a href="#[df]">&gt;&gt;</a>&nbsp;&nbsp;&nbsp;sys_gpio_pin_set
</UL>
<BR>[Called By]<UL><LI><a href="#[e0]">&gt;&gt;</a>&nbsp;&nbsp;&nbsp;main
</UL>

<P><STRONG><a name="[e0]"></a>main</STRONG> (Thumb, 70 bytes, Stack size 0 bytes, main.o(.text.main))
<BR><BR>[Stack]<UL><LI>Max Depth = 1208 + Unknown Stack Size
<LI>Call Chain = main &rArr; test_flash_step_by_step &rArr; __2printf &rArr; _printf_char_file &rArr; _printf_char_common &rArr; __printf
</UL>
<BR>[Calls]<UL><LI><a href="#[e7]">&gt;&gt;</a>&nbsp;&nbsp;&nbsp;RTC_Set_WakeUp
<LI><a href="#[e6]">&gt;&gt;</a>&nbsp;&nbsp;&nbsp;RTC_Init
<LI><a href="#[d0]">&gt;&gt;</a>&nbsp;&nbsp;&nbsp;W25QXX_Init
<LI><a href="#[d5]">&gt;&gt;</a>&nbsp;&nbsp;&nbsp;btim_timx_int_init
<LI><a href="#[e5]">&gt;&gt;</a>&nbsp;&nbsp;&nbsp;sdram_init
<LI><a href="#[e4]">&gt;&gt;</a>&nbsp;&nbsp;&nbsp;mpu_memory_protection
<LI><a href="#[dd]">&gt;&gt;</a>&nbsp;&nbsp;&nbsp;led_init
<LI><a href="#[e3]">&gt;&gt;</a>&nbsp;&nbsp;&nbsp;usart_init
<LI><a href="#[d7]">&gt;&gt;</a>&nbsp;&nbsp;&nbsp;delay_init
<LI><a href="#[e2]">&gt;&gt;</a>&nbsp;&nbsp;&nbsp;SystemClock_Config
<LI><a href="#[b0]">&gt;&gt;</a>&nbsp;&nbsp;&nbsp;HAL_Init
<LI><a href="#[e1]">&gt;&gt;</a>&nbsp;&nbsp;&nbsp;sys_cache_enable
<LI><a href="#[e8]">&gt;&gt;</a>&nbsp;&nbsp;&nbsp;test_flash_step_by_step
</UL>
<BR>[Called By]<UL><LI><a href="#[f8]">&gt;&gt;</a>&nbsp;&nbsp;&nbsp;__rt_entry_main
</UL>

<P><STRONG><a name="[e5]"></a>sdram_init</STRONG> (Thumb, 370 bytes, Stack size 48 bytes, sdram.o(.text.sdram_init))
<BR><BR>[Stack]<UL><LI>Max Depth = 84<LI>Call Chain = sdram_init &rArr; sys_gpio_set
</UL>
<BR>[Calls]<UL><LI><a href="#[de]">&gt;&gt;</a>&nbsp;&nbsp;&nbsp;sys_gpio_set
<LI><a href="#[e9]">&gt;&gt;</a>&nbsp;&nbsp;&nbsp;sys_gpio_af_set
<LI><a href="#[ea]">&gt;&gt;</a>&nbsp;&nbsp;&nbsp;delay_us
</UL>
<BR>[Called By]<UL><LI><a href="#[e0]">&gt;&gt;</a>&nbsp;&nbsp;&nbsp;main
</UL>

<P><STRONG><a name="[e1]"></a>sys_cache_enable</STRONG> (Thumb, 158 bytes, Stack size 16 bytes, sys.o(.text.sys_cache_enable))
<BR><BR>[Stack]<UL><LI>Max Depth = 16<LI>Call Chain = sys_cache_enable
</UL>
<BR>[Called By]<UL><LI><a href="#[e0]">&gt;&gt;</a>&nbsp;&nbsp;&nbsp;main
</UL>

<P><STRONG><a name="[df]"></a>sys_gpio_pin_set</STRONG> (Thumb, 14 bytes, Stack size 0 bytes, sys.o(.text.sys_gpio_pin_set))
<BR><BR>[Called By]<UL><LI><a href="#[3]">&gt;&gt;</a>&nbsp;&nbsp;&nbsp;MemManage_Handler
<LI><a href="#[dd]">&gt;&gt;</a>&nbsp;&nbsp;&nbsp;led_init
</UL>

<P><STRONG><a name="[e8]"></a>test_flash_step_by_step</STRONG> (Thumb, 316 bytes, Stack size 1064 bytes, w25q64_test.o(.text.test_flash_step_by_step))
<BR><BR>[Stack]<UL><LI>Max Depth = 1208 + Unknown Stack Size
<LI>Call Chain = test_flash_step_by_step &rArr; __2printf &rArr; _printf_char_file &rArr; _printf_char_common &rArr; __printf
</UL>
<BR>[Calls]<UL><LI><a href="#[d4]">&gt;&gt;</a>&nbsp;&nbsp;&nbsp;W25QXX_Read
<LI><a href="#[a5]">&gt;&gt;</a>&nbsp;&nbsp;&nbsp;puts
<LI><a href="#[a0]">&gt;&gt;</a>&nbsp;&nbsp;&nbsp;__2printf
</UL>
<BR>[Called By]<UL><LI><a href="#[e0]">&gt;&gt;</a>&nbsp;&nbsp;&nbsp;main
</UL>

<P><STRONG><a name="[e3]"></a>usart_init</STRONG> (Thumb, 206 bytes, Stack size 32 bytes, usart.o(.text.usart_init))
<BR><BR>[Stack]<UL><LI>Max Depth = 68<LI>Call Chain = usart_init &rArr; sys_gpio_set
</UL>
<BR>[Calls]<UL><LI><a href="#[de]">&gt;&gt;</a>&nbsp;&nbsp;&nbsp;sys_gpio_set
<LI><a href="#[e9]">&gt;&gt;</a>&nbsp;&nbsp;&nbsp;sys_gpio_af_set
<LI><a href="#[eb]">&gt;&gt;</a>&nbsp;&nbsp;&nbsp;sys_nvic_init
</UL>
<BR>[Called By]<UL><LI><a href="#[e0]">&gt;&gt;</a>&nbsp;&nbsp;&nbsp;main
</UL>

<P><STRONG><a name="[fa]"></a>_is_digit</STRONG> (Thumb, 14 bytes, Stack size 0 bytes, __printf_wp.o(i._is_digit))
<BR><BR>[Called By]<UL><LI><a href="#[f9]">&gt;&gt;</a>&nbsp;&nbsp;&nbsp;__printf
</UL>

<P><STRONG><a name="[ec]"></a>_printf_d</STRONG> (Thumb, 0 bytes, Stack size unknown bytes, _printf_d.o(.ARM.Collect$$_printf_percent$$00000009))
<BR><BR>[Stack]<UL><LI>Max Depth = 72 + Unknown Stack Size
<LI>Call Chain = _printf_d &rArr; _printf_int_dec &rArr; _printf_int_common &rArr; _printf_post_padding
</UL>
<BR>[Calls]<UL><LI><a href="#[ed]">&gt;&gt;</a>&nbsp;&nbsp;&nbsp;_printf_int_dec
</UL>

<P><STRONG><a name="[fb]"></a>_printf_percent</STRONG> (Thumb, 0 bytes, Stack size unknown bytes, _printf_percent.o(.ARM.Collect$$_printf_percent$$00000000))
<BR><BR>[Called By]<UL><LI><a href="#[f9]">&gt;&gt;</a>&nbsp;&nbsp;&nbsp;__printf
</UL>

<P><STRONG><a name="[ee]"></a>_printf_u</STRONG> (Thumb, 0 bytes, Stack size unknown bytes, _printf_u.o(.ARM.Collect$$_printf_percent$$0000000A))
<BR><BR>[Stack]<UL><LI>Max Depth = 72 + Unknown Stack Size
<LI>Call Chain = _printf_u &rArr; _printf_int_dec &rArr; _printf_int_common &rArr; _printf_post_padding
</UL>
<BR>[Calls]<UL><LI><a href="#[ed]">&gt;&gt;</a>&nbsp;&nbsp;&nbsp;_printf_int_dec
</UL>

<P><STRONG><a name="[ef]"></a>_printf_x</STRONG> (Thumb, 0 bytes, Stack size unknown bytes, _printf_x.o(.ARM.Collect$$_printf_percent$$0000000C))
<BR><BR>[Stack]<UL><LI>Max Depth = 64 + Unknown Stack Size
<LI>Call Chain = _printf_x &rArr; _printf_int_hex &rArr; _printf_int_common &rArr; _printf_post_padding
</UL>
<BR>[Calls]<UL><LI><a href="#[f0]">&gt;&gt;</a>&nbsp;&nbsp;&nbsp;_printf_int_hex
</UL>

<P><STRONG><a name="[f1]"></a>_printf_s</STRONG> (Thumb, 0 bytes, Stack size unknown bytes, _printf_s.o(.ARM.Collect$$_printf_percent$$00000014))
<BR><BR>[Stack]<UL><LI>Max Depth = 40 + Unknown Stack Size
<LI>Call Chain = _printf_s &rArr; _printf_string &rArr; _printf_cs_common &rArr; _printf_str &rArr; _printf_post_padding
</UL>
<BR>[Calls]<UL><LI><a href="#[f2]">&gt;&gt;</a>&nbsp;&nbsp;&nbsp;_printf_string
</UL>

<P><STRONG><a name="[120]"></a>_printf_percent_end</STRONG> (Thumb, 0 bytes, Stack size unknown bytes, _printf_percent_end.o(.ARM.Collect$$_printf_percent$$00000017))

<P><STRONG><a name="[f7]"></a>__rt_lib_init</STRONG> (Thumb, 0 bytes, Stack size unknown bytes, libinit.o(.ARM.Collect$$libinit$$00000000))
<BR><BR>[Called By]<UL><LI><a href="#[f6]">&gt;&gt;</a>&nbsp;&nbsp;&nbsp;__rt_entry_li
</UL>

<P><STRONG><a name="[f3]"></a>__rt_lib_init_fp_1</STRONG> (Thumb, 0 bytes, Stack size unknown bytes, libinit2.o(.ARM.Collect$$libinit$$00000001))
<BR><BR>[Calls]<UL><LI><a href="#[f4]">&gt;&gt;</a>&nbsp;&nbsp;&nbsp;_fp_init
</UL>

<P><STRONG><a name="[121]"></a>__rt_lib_init_alloca_1</STRONG> (Thumb, 0 bytes, Stack size unknown bytes, libinit2.o(.ARM.Collect$$libinit$$00000030))

<P><STRONG><a name="[122]"></a>__rt_lib_init_argv_1</STRONG> (Thumb, 0 bytes, Stack size unknown bytes, libinit2.o(.ARM.Collect$$libinit$$0000002E))

<P><STRONG><a name="[123]"></a>__rt_lib_init_atexit_1</STRONG> (Thumb, 0 bytes, Stack size unknown bytes, libinit2.o(.ARM.Collect$$libinit$$0000001D))

<P><STRONG><a name="[124]"></a>__rt_lib_init_clock_1</STRONG> (Thumb, 0 bytes, Stack size unknown bytes, libinit2.o(.ARM.Collect$$libinit$$00000023))

<P><STRONG><a name="[125]"></a>__rt_lib_init_cpp_1</STRONG> (Thumb, 0 bytes, Stack size unknown bytes, libinit2.o(.ARM.Collect$$libinit$$00000034))

<P><STRONG><a name="[126]"></a>__rt_lib_init_exceptions_1</STRONG> (Thumb, 0 bytes, Stack size unknown bytes, libinit2.o(.ARM.Collect$$libinit$$00000032))

<P><STRONG><a name="[127]"></a>__rt_lib_init_fp_trap_1</STRONG> (Thumb, 0 bytes, Stack size unknown bytes, libinit2.o(.ARM.Collect$$libinit$$00000021))

<P><STRONG><a name="[128]"></a>__rt_lib_init_getenv_1</STRONG> (Thumb, 0 bytes, Stack size unknown bytes, libinit2.o(.ARM.Collect$$libinit$$00000025))

<P><STRONG><a name="[129]"></a>__rt_lib_init_heap_1</STRONG> (Thumb, 0 bytes, Stack size unknown bytes, libinit2.o(.ARM.Collect$$libinit$$0000000C))

<P><STRONG><a name="[12a]"></a>__rt_lib_init_lc_collate_1</STRONG> (Thumb, 0 bytes, Stack size unknown bytes, libinit2.o(.ARM.Collect$$libinit$$00000013))

<P><STRONG><a name="[12b]"></a>__rt_lib_init_lc_ctype_1</STRONG> (Thumb, 0 bytes, Stack size unknown bytes, libinit2.o(.ARM.Collect$$libinit$$00000015))

<P><STRONG><a name="[12c]"></a>__rt_lib_init_lc_monetary_1</STRONG> (Thumb, 0 bytes, Stack size unknown bytes, libinit2.o(.ARM.Collect$$libinit$$00000017))

<P><STRONG><a name="[12d]"></a>__rt_lib_init_lc_numeric_1</STRONG> (Thumb, 0 bytes, Stack size unknown bytes, libinit2.o(.ARM.Collect$$libinit$$00000019))

<P><STRONG><a name="[12e]"></a>__rt_lib_init_lc_time_1</STRONG> (Thumb, 0 bytes, Stack size unknown bytes, libinit2.o(.ARM.Collect$$libinit$$0000001B))

<P><STRONG><a name="[12f]"></a>__rt_lib_init_preinit_1</STRONG> (Thumb, 0 bytes, Stack size unknown bytes, libinit2.o(.ARM.Collect$$libinit$$00000006))

<P><STRONG><a name="[130]"></a>__rt_lib_init_rand_1</STRONG> (Thumb, 0 bytes, Stack size unknown bytes, libinit2.o(.ARM.Collect$$libinit$$00000010))

<P><STRONG><a name="[131]"></a>__rt_lib_init_relocate_pie_1</STRONG> (Thumb, 0 bytes, Stack size unknown bytes, libinit2.o(.ARM.Collect$$libinit$$00000004))

<P><STRONG><a name="[132]"></a>__rt_lib_init_return</STRONG> (Thumb, 0 bytes, Stack size unknown bytes, libinit2.o(.ARM.Collect$$libinit$$00000035))

<P><STRONG><a name="[133]"></a>__rt_lib_init_signal_1</STRONG> (Thumb, 0 bytes, Stack size unknown bytes, libinit2.o(.ARM.Collect$$libinit$$0000001F))

<P><STRONG><a name="[134]"></a>__rt_lib_init_stdio_1</STRONG> (Thumb, 0 bytes, Stack size unknown bytes, libinit2.o(.ARM.Collect$$libinit$$00000027))

<P><STRONG><a name="[135]"></a>__rt_lib_init_user_alloc_1</STRONG> (Thumb, 0 bytes, Stack size unknown bytes, libinit2.o(.ARM.Collect$$libinit$$0000000E))

<P><STRONG><a name="[99]"></a>__rt_entry</STRONG> (Thumb, 0 bytes, Stack size unknown bytes, __rtentry.o(.ARM.Collect$$rtentry$$00000000))
<BR><BR>[Called By]<UL><LI><a href="#[96]">&gt;&gt;</a>&nbsp;&nbsp;&nbsp;__main
<LI><a href="#[9a]">&gt;&gt;</a>&nbsp;&nbsp;&nbsp;__scatterload_rt2
</UL>

<P><STRONG><a name="[136]"></a>__rt_entry_presh_1</STRONG> (Thumb, 0 bytes, Stack size unknown bytes, __rtentry2.o(.ARM.Collect$$rtentry$$00000002))

<P><STRONG><a name="[f5]"></a>__rt_entry_sh</STRONG> (Thumb, 0 bytes, Stack size unknown bytes, __rtentry4.o(.ARM.Collect$$rtentry$$00000004))
<BR><BR>[Stack]<UL><LI>Max Depth = 8 + Unknown Stack Size
<LI>Call Chain = __rt_entry_sh &rArr; __user_setup_stackheap
</UL>
<BR>[Calls]<UL><LI><a href="#[a9]">&gt;&gt;</a>&nbsp;&nbsp;&nbsp;__user_setup_stackheap
</UL>

<P><STRONG><a name="[f6]"></a>__rt_entry_li</STRONG> (Thumb, 0 bytes, Stack size unknown bytes, __rtentry2.o(.ARM.Collect$$rtentry$$0000000A))
<BR><BR>[Calls]<UL><LI><a href="#[f7]">&gt;&gt;</a>&nbsp;&nbsp;&nbsp;__rt_lib_init
</UL>

<P><STRONG><a name="[137]"></a>__rt_entry_postsh_1</STRONG> (Thumb, 0 bytes, Stack size unknown bytes, __rtentry2.o(.ARM.Collect$$rtentry$$00000009))

<P><STRONG><a name="[f8]"></a>__rt_entry_main</STRONG> (Thumb, 0 bytes, Stack size unknown bytes, __rtentry2.o(.ARM.Collect$$rtentry$$0000000D))
<BR><BR>[Stack]<UL><LI>Max Depth = 1208 + Unknown Stack Size
<LI>Call Chain = __rt_entry_main &rArr; main &rArr; test_flash_step_by_step &rArr; __2printf &rArr; _printf_char_file &rArr; _printf_char_common &rArr; __printf
</UL>
<BR>[Calls]<UL><LI><a href="#[e0]">&gt;&gt;</a>&nbsp;&nbsp;&nbsp;main
<LI><a href="#[ac]">&gt;&gt;</a>&nbsp;&nbsp;&nbsp;exit
</UL>

<P><STRONG><a name="[138]"></a>__rt_entry_postli_1</STRONG> (Thumb, 0 bytes, Stack size unknown bytes, __rtentry2.o(.ARM.Collect$$rtentry$$0000000C))

<P><STRONG><a name="[0]"></a>Reset_Handler</STRONG> (Thumb, 20 bytes, Stack size 0 bytes, startup_stm32h743xx.o(.text))
<BR>[Address Reference Count : 1]<UL><LI> startup_stm32h743xx.o(RESET)
</UL>
<P><STRONG><a name="[81]"></a>ADC3_IRQHandler</STRONG> (Thumb, 0 bytes, Stack size 0 bytes, startup_stm32h743xx.o(.text))
<BR><BR>[Calls]<UL><LI><a href="#[81]">&gt;&gt;</a>&nbsp;&nbsp;&nbsp;ADC3_IRQHandler
</UL>
<BR>[Called By]<UL><LI><a href="#[81]">&gt;&gt;</a>&nbsp;&nbsp;&nbsp;ADC3_IRQHandler
</UL>
<BR>[Address Reference Count : 1]<UL><LI> startup_stm32h743xx.o(RESET)
</UL>
<P><STRONG><a name="[1c]"></a>ADC_IRQHandler</STRONG> (Thumb, 0 bytes, Stack size 0 bytes, startup_stm32h743xx.o(.text))
<BR>[Address Reference Count : 1]<UL><LI> startup_stm32h743xx.o(RESET)
</UL>
<P><STRONG><a name="[83]"></a>BDMA_Channel0_IRQHandler</STRONG> (Thumb, 0 bytes, Stack size 0 bytes, startup_stm32h743xx.o(.text))
<BR>[Address Reference Count : 1]<UL><LI> startup_stm32h743xx.o(RESET)
</UL>
<P><STRONG><a name="[84]"></a>BDMA_Channel1_IRQHandler</STRONG> (Thumb, 0 bytes, Stack size 0 bytes, startup_stm32h743xx.o(.text))
<BR>[Address Reference Count : 1]<UL><LI> startup_stm32h743xx.o(RESET)
</UL>
<P><STRONG><a name="[85]"></a>BDMA_Channel2_IRQHandler</STRONG> (Thumb, 0 bytes, Stack size 0 bytes, startup_stm32h743xx.o(.text))
<BR>[Address Reference Count : 1]<UL><LI> startup_stm32h743xx.o(RESET)
</UL>
<P><STRONG><a name="[86]"></a>BDMA_Channel3_IRQHandler</STRONG> (Thumb, 0 bytes, Stack size 0 bytes, startup_stm32h743xx.o(.text))
<BR>[Address Reference Count : 1]<UL><LI> startup_stm32h743xx.o(RESET)
</UL>
<P><STRONG><a name="[87]"></a>BDMA_Channel4_IRQHandler</STRONG> (Thumb, 0 bytes, Stack size 0 bytes, startup_stm32h743xx.o(.text))
<BR>[Address Reference Count : 1]<UL><LI> startup_stm32h743xx.o(RESET)
</UL>
<P><STRONG><a name="[88]"></a>BDMA_Channel5_IRQHandler</STRONG> (Thumb, 0 bytes, Stack size 0 bytes, startup_stm32h743xx.o(.text))
<BR>[Address Reference Count : 1]<UL><LI> startup_stm32h743xx.o(RESET)
</UL>
<P><STRONG><a name="[89]"></a>BDMA_Channel6_IRQHandler</STRONG> (Thumb, 0 bytes, Stack size 0 bytes, startup_stm32h743xx.o(.text))
<BR>[Address Reference Count : 1]<UL><LI> startup_stm32h743xx.o(RESET)
</UL>
<P><STRONG><a name="[8a]"></a>BDMA_Channel7_IRQHandler</STRONG> (Thumb, 0 bytes, Stack size 0 bytes, startup_stm32h743xx.o(.text))
<BR>[Address Reference Count : 1]<UL><LI> startup_stm32h743xx.o(RESET)
</UL>
<P><STRONG><a name="[62]"></a>CEC_IRQHandler</STRONG> (Thumb, 0 bytes, Stack size 0 bytes, startup_stm32h743xx.o(.text))
<BR>[Address Reference Count : 1]<UL><LI> startup_stm32h743xx.o(RESET)
</UL>
<P><STRONG><a name="[8b]"></a>COMP1_IRQHandler</STRONG> (Thumb, 0 bytes, Stack size 0 bytes, startup_stm32h743xx.o(.text))
<BR>[Address Reference Count : 1]<UL><LI> startup_stm32h743xx.o(RESET)
</UL>
<P><STRONG><a name="[91]"></a>CRS_IRQHandler</STRONG> (Thumb, 0 bytes, Stack size 0 bytes, startup_stm32h743xx.o(.text))
<BR>[Address Reference Count : 1]<UL><LI> startup_stm32h743xx.o(RESET)
</UL>
<P><STRONG><a name="[53]"></a>DCMI_IRQHandler</STRONG> (Thumb, 0 bytes, Stack size 0 bytes, startup_stm32h743xx.o(.text))
<BR>[Address Reference Count : 1]<UL><LI> startup_stm32h743xx.o(RESET)
</UL>
<P><STRONG><a name="[72]"></a>DFSDM1_FLT0_IRQHandler</STRONG> (Thumb, 0 bytes, Stack size 0 bytes, startup_stm32h743xx.o(.text))
<BR>[Address Reference Count : 1]<UL><LI> startup_stm32h743xx.o(RESET)
</UL>
<P><STRONG><a name="[73]"></a>DFSDM1_FLT1_IRQHandler</STRONG> (Thumb, 0 bytes, Stack size 0 bytes, startup_stm32h743xx.o(.text))
<BR>[Address Reference Count : 1]<UL><LI> startup_stm32h743xx.o(RESET)
</UL>
<P><STRONG><a name="[74]"></a>DFSDM1_FLT2_IRQHandler</STRONG> (Thumb, 0 bytes, Stack size 0 bytes, startup_stm32h743xx.o(.text))
<BR>[Address Reference Count : 1]<UL><LI> startup_stm32h743xx.o(RESET)
</UL>
<P><STRONG><a name="[75]"></a>DFSDM1_FLT3_IRQHandler</STRONG> (Thumb, 0 bytes, Stack size 0 bytes, startup_stm32h743xx.o(.text))
<BR>[Address Reference Count : 1]<UL><LI> startup_stm32h743xx.o(RESET)
</UL>
<P><STRONG><a name="[15]"></a>DMA1_Stream0_IRQHandler</STRONG> (Thumb, 0 bytes, Stack size 0 bytes, startup_stm32h743xx.o(.text))
<BR>[Address Reference Count : 1]<UL><LI> startup_stm32h743xx.o(RESET)
</UL>
<P><STRONG><a name="[16]"></a>DMA1_Stream1_IRQHandler</STRONG> (Thumb, 0 bytes, Stack size 0 bytes, startup_stm32h743xx.o(.text))
<BR>[Address Reference Count : 1]<UL><LI> startup_stm32h743xx.o(RESET)
</UL>
<P><STRONG><a name="[17]"></a>DMA1_Stream2_IRQHandler</STRONG> (Thumb, 0 bytes, Stack size 0 bytes, startup_stm32h743xx.o(.text))
<BR>[Address Reference Count : 1]<UL><LI> startup_stm32h743xx.o(RESET)
</UL>
<P><STRONG><a name="[18]"></a>DMA1_Stream3_IRQHandler</STRONG> (Thumb, 0 bytes, Stack size 0 bytes, startup_stm32h743xx.o(.text))
<BR>[Address Reference Count : 1]<UL><LI> startup_stm32h743xx.o(RESET)
</UL>
<P><STRONG><a name="[19]"></a>DMA1_Stream4_IRQHandler</STRONG> (Thumb, 0 bytes, Stack size 0 bytes, startup_stm32h743xx.o(.text))
<BR>[Address Reference Count : 1]<UL><LI> startup_stm32h743xx.o(RESET)
</UL>
<P><STRONG><a name="[1a]"></a>DMA1_Stream5_IRQHandler</STRONG> (Thumb, 0 bytes, Stack size 0 bytes, startup_stm32h743xx.o(.text))
<BR>[Address Reference Count : 1]<UL><LI> startup_stm32h743xx.o(RESET)
</UL>
<P><STRONG><a name="[1b]"></a>DMA1_Stream6_IRQHandler</STRONG> (Thumb, 0 bytes, Stack size 0 bytes, startup_stm32h743xx.o(.text))
<BR>[Address Reference Count : 1]<UL><LI> startup_stm32h743xx.o(RESET)
</UL>
<P><STRONG><a name="[38]"></a>DMA1_Stream7_IRQHandler</STRONG> (Thumb, 0 bytes, Stack size 0 bytes, startup_stm32h743xx.o(.text))
<BR>[Address Reference Count : 1]<UL><LI> startup_stm32h743xx.o(RESET)
</UL>
<P><STRONG><a name="[5e]"></a>DMA2D_IRQHandler</STRONG> (Thumb, 0 bytes, Stack size 0 bytes, startup_stm32h743xx.o(.text))
<BR>[Address Reference Count : 1]<UL><LI> startup_stm32h743xx.o(RESET)
</UL>
<P><STRONG><a name="[41]"></a>DMA2_Stream0_IRQHandler</STRONG> (Thumb, 0 bytes, Stack size 0 bytes, startup_stm32h743xx.o(.text))
<BR>[Address Reference Count : 1]<UL><LI> startup_stm32h743xx.o(RESET)
</UL>
<P><STRONG><a name="[42]"></a>DMA2_Stream1_IRQHandler</STRONG> (Thumb, 0 bytes, Stack size 0 bytes, startup_stm32h743xx.o(.text))
<BR>[Address Reference Count : 1]<UL><LI> startup_stm32h743xx.o(RESET)
</UL>
<P><STRONG><a name="[43]"></a>DMA2_Stream2_IRQHandler</STRONG> (Thumb, 0 bytes, Stack size 0 bytes, startup_stm32h743xx.o(.text))
<BR>[Address Reference Count : 1]<UL><LI> startup_stm32h743xx.o(RESET)
</UL>
<P><STRONG><a name="[44]"></a>DMA2_Stream3_IRQHandler</STRONG> (Thumb, 0 bytes, Stack size 0 bytes, startup_stm32h743xx.o(.text))
<BR>[Address Reference Count : 1]<UL><LI> startup_stm32h743xx.o(RESET)
</UL>
<P><STRONG><a name="[45]"></a>DMA2_Stream4_IRQHandler</STRONG> (Thumb, 0 bytes, Stack size 0 bytes, startup_stm32h743xx.o(.text))
<BR>[Address Reference Count : 1]<UL><LI> startup_stm32h743xx.o(RESET)
</UL>
<P><STRONG><a name="[49]"></a>DMA2_Stream5_IRQHandler</STRONG> (Thumb, 0 bytes, Stack size 0 bytes, startup_stm32h743xx.o(.text))
<BR>[Address Reference Count : 1]<UL><LI> startup_stm32h743xx.o(RESET)
</UL>
<P><STRONG><a name="[4a]"></a>DMA2_Stream6_IRQHandler</STRONG> (Thumb, 0 bytes, Stack size 0 bytes, startup_stm32h743xx.o(.text))
<BR>[Address Reference Count : 1]<UL><LI> startup_stm32h743xx.o(RESET)
</UL>
<P><STRONG><a name="[4b]"></a>DMA2_Stream7_IRQHandler</STRONG> (Thumb, 0 bytes, Stack size 0 bytes, startup_stm32h743xx.o(.text))
<BR>[Address Reference Count : 1]<UL><LI> startup_stm32h743xx.o(RESET)
</UL>
<P><STRONG><a name="[6a]"></a>DMAMUX1_OVR_IRQHandler</STRONG> (Thumb, 0 bytes, Stack size 0 bytes, startup_stm32h743xx.o(.text))
<BR>[Address Reference Count : 1]<UL><LI> startup_stm32h743xx.o(RESET)
</UL>
<P><STRONG><a name="[82]"></a>DMAMUX2_OVR_IRQHandler</STRONG> (Thumb, 0 bytes, Stack size 0 bytes, startup_stm32h743xx.o(.text))
<BR>[Address Reference Count : 1]<UL><LI> startup_stm32h743xx.o(RESET)
</UL>
<P><STRONG><a name="[92]"></a>ECC_IRQHandler</STRONG> (Thumb, 0 bytes, Stack size 0 bytes, startup_stm32h743xx.o(.text))
<BR>[Address Reference Count : 1]<UL><LI> startup_stm32h743xx.o(RESET)
</UL>
<P><STRONG><a name="[46]"></a>ETH_IRQHandler</STRONG> (Thumb, 0 bytes, Stack size 0 bytes, startup_stm32h743xx.o(.text))
<BR>[Address Reference Count : 1]<UL><LI> startup_stm32h743xx.o(RESET)
</UL>
<P><STRONG><a name="[47]"></a>ETH_WKUP_IRQHandler</STRONG> (Thumb, 0 bytes, Stack size 0 bytes, startup_stm32h743xx.o(.text))
<BR>[Address Reference Count : 1]<UL><LI> startup_stm32h743xx.o(RESET)
</UL>
<P><STRONG><a name="[10]"></a>EXTI0_IRQHandler</STRONG> (Thumb, 0 bytes, Stack size 0 bytes, startup_stm32h743xx.o(.text))
<BR>[Address Reference Count : 1]<UL><LI> startup_stm32h743xx.o(RESET)
</UL>
<P><STRONG><a name="[32]"></a>EXTI15_10_IRQHandler</STRONG> (Thumb, 0 bytes, Stack size 0 bytes, startup_stm32h743xx.o(.text))
<BR>[Address Reference Count : 1]<UL><LI> startup_stm32h743xx.o(RESET)
</UL>
<P><STRONG><a name="[11]"></a>EXTI1_IRQHandler</STRONG> (Thumb, 0 bytes, Stack size 0 bytes, startup_stm32h743xx.o(.text))
<BR>[Address Reference Count : 1]<UL><LI> startup_stm32h743xx.o(RESET)
</UL>
<P><STRONG><a name="[12]"></a>EXTI2_IRQHandler</STRONG> (Thumb, 0 bytes, Stack size 0 bytes, startup_stm32h743xx.o(.text))
<BR>[Address Reference Count : 1]<UL><LI> startup_stm32h743xx.o(RESET)
</UL>
<P><STRONG><a name="[13]"></a>EXTI3_IRQHandler</STRONG> (Thumb, 0 bytes, Stack size 0 bytes, startup_stm32h743xx.o(.text))
<BR>[Address Reference Count : 1]<UL><LI> startup_stm32h743xx.o(RESET)
</UL>
<P><STRONG><a name="[14]"></a>EXTI4_IRQHandler</STRONG> (Thumb, 0 bytes, Stack size 0 bytes, startup_stm32h743xx.o(.text))
<BR>[Address Reference Count : 1]<UL><LI> startup_stm32h743xx.o(RESET)
</UL>
<P><STRONG><a name="[21]"></a>EXTI9_5_IRQHandler</STRONG> (Thumb, 0 bytes, Stack size 0 bytes, startup_stm32h743xx.o(.text))
<BR>[Address Reference Count : 1]<UL><LI> startup_stm32h743xx.o(RESET)
</UL>
<P><STRONG><a name="[1d]"></a>FDCAN1_IT0_IRQHandler</STRONG> (Thumb, 0 bytes, Stack size 0 bytes, startup_stm32h743xx.o(.text))
<BR>[Address Reference Count : 1]<UL><LI> startup_stm32h743xx.o(RESET)
</UL>
<P><STRONG><a name="[1f]"></a>FDCAN1_IT1_IRQHandler</STRONG> (Thumb, 0 bytes, Stack size 0 bytes, startup_stm32h743xx.o(.text))
<BR>[Address Reference Count : 1]<UL><LI> startup_stm32h743xx.o(RESET)
</UL>
<P><STRONG><a name="[1e]"></a>FDCAN2_IT0_IRQHandler</STRONG> (Thumb, 0 bytes, Stack size 0 bytes, startup_stm32h743xx.o(.text))
<BR>[Address Reference Count : 1]<UL><LI> startup_stm32h743xx.o(RESET)
</UL>
<P><STRONG><a name="[20]"></a>FDCAN2_IT1_IRQHandler</STRONG> (Thumb, 0 bytes, Stack size 0 bytes, startup_stm32h743xx.o(.text))
<BR>[Address Reference Count : 1]<UL><LI> startup_stm32h743xx.o(RESET)
</UL>
<P><STRONG><a name="[48]"></a>FDCAN_CAL_IRQHandler</STRONG> (Thumb, 0 bytes, Stack size 0 bytes, startup_stm32h743xx.o(.text))
<BR>[Address Reference Count : 1]<UL><LI> startup_stm32h743xx.o(RESET)
</UL>
<P><STRONG><a name="[e]"></a>FLASH_IRQHandler</STRONG> (Thumb, 0 bytes, Stack size 0 bytes, startup_stm32h743xx.o(.text))
<BR>[Address Reference Count : 1]<UL><LI> startup_stm32h743xx.o(RESET)
</UL>
<P><STRONG><a name="[39]"></a>FMC_IRQHandler</STRONG> (Thumb, 0 bytes, Stack size 0 bytes, startup_stm32h743xx.o(.text))
<BR>[Address Reference Count : 1]<UL><LI> startup_stm32h743xx.o(RESET)
</UL>
<P><STRONG><a name="[55]"></a>FPU_IRQHandler</STRONG> (Thumb, 0 bytes, Stack size 0 bytes, startup_stm32h743xx.o(.text))
<BR>[Address Reference Count : 1]<UL><LI> startup_stm32h743xx.o(RESET)
</UL>
<P><STRONG><a name="[71]"></a>HRTIM1_FLT_IRQHandler</STRONG> (Thumb, 0 bytes, Stack size 0 bytes, startup_stm32h743xx.o(.text))
<BR>[Address Reference Count : 1]<UL><LI> startup_stm32h743xx.o(RESET)
</UL>
<P><STRONG><a name="[6b]"></a>HRTIM1_Master_IRQHandler</STRONG> (Thumb, 0 bytes, Stack size 0 bytes, startup_stm32h743xx.o(.text))
<BR>[Address Reference Count : 1]<UL><LI> startup_stm32h743xx.o(RESET)
</UL>
<P><STRONG><a name="[6c]"></a>HRTIM1_TIMA_IRQHandler</STRONG> (Thumb, 0 bytes, Stack size 0 bytes, startup_stm32h743xx.o(.text))
<BR>[Address Reference Count : 1]<UL><LI> startup_stm32h743xx.o(RESET)
</UL>
<P><STRONG><a name="[6d]"></a>HRTIM1_TIMB_IRQHandler</STRONG> (Thumb, 0 bytes, Stack size 0 bytes, startup_stm32h743xx.o(.text))
<BR>[Address Reference Count : 1]<UL><LI> startup_stm32h743xx.o(RESET)
</UL>
<P><STRONG><a name="[6e]"></a>HRTIM1_TIMC_IRQHandler</STRONG> (Thumb, 0 bytes, Stack size 0 bytes, startup_stm32h743xx.o(.text))
<BR>[Address Reference Count : 1]<UL><LI> startup_stm32h743xx.o(RESET)
</UL>
<P><STRONG><a name="[6f]"></a>HRTIM1_TIMD_IRQHandler</STRONG> (Thumb, 0 bytes, Stack size 0 bytes, startup_stm32h743xx.o(.text))
<BR>[Address Reference Count : 1]<UL><LI> startup_stm32h743xx.o(RESET)
</UL>
<P><STRONG><a name="[70]"></a>HRTIM1_TIME_IRQHandler</STRONG> (Thumb, 0 bytes, Stack size 0 bytes, startup_stm32h743xx.o(.text))
<BR>[Address Reference Count : 1]<UL><LI> startup_stm32h743xx.o(RESET)
</UL>
<P><STRONG><a name="[80]"></a>HSEM1_IRQHandler</STRONG> (Thumb, 0 bytes, Stack size 0 bytes, startup_stm32h743xx.o(.text))
<BR>[Address Reference Count : 1]<UL><LI> startup_stm32h743xx.o(RESET)
</UL>
<P><STRONG><a name="[2a]"></a>I2C1_ER_IRQHandler</STRONG> (Thumb, 0 bytes, Stack size 0 bytes, startup_stm32h743xx.o(.text))
<BR>[Address Reference Count : 1]<UL><LI> startup_stm32h743xx.o(RESET)
</UL>
<P><STRONG><a name="[29]"></a>I2C1_EV_IRQHandler</STRONG> (Thumb, 0 bytes, Stack size 0 bytes, startup_stm32h743xx.o(.text))
<BR>[Address Reference Count : 1]<UL><LI> startup_stm32h743xx.o(RESET)
</UL>
<P><STRONG><a name="[2c]"></a>I2C2_ER_IRQHandler</STRONG> (Thumb, 0 bytes, Stack size 0 bytes, startup_stm32h743xx.o(.text))
<BR>[Address Reference Count : 1]<UL><LI> startup_stm32h743xx.o(RESET)
</UL>
<P><STRONG><a name="[2b]"></a>I2C2_EV_IRQHandler</STRONG> (Thumb, 0 bytes, Stack size 0 bytes, startup_stm32h743xx.o(.text))
<BR>[Address Reference Count : 1]<UL><LI> startup_stm32h743xx.o(RESET)
</UL>
<P><STRONG><a name="[4e]"></a>I2C3_ER_IRQHandler</STRONG> (Thumb, 0 bytes, Stack size 0 bytes, startup_stm32h743xx.o(.text))
<BR>[Address Reference Count : 1]<UL><LI> startup_stm32h743xx.o(RESET)
</UL>
<P><STRONG><a name="[4d]"></a>I2C3_EV_IRQHandler</STRONG> (Thumb, 0 bytes, Stack size 0 bytes, startup_stm32h743xx.o(.text))
<BR>[Address Reference Count : 1]<UL><LI> startup_stm32h743xx.o(RESET)
</UL>
<P><STRONG><a name="[64]"></a>I2C4_ER_IRQHandler</STRONG> (Thumb, 0 bytes, Stack size 0 bytes, startup_stm32h743xx.o(.text))
<BR>[Address Reference Count : 1]<UL><LI> startup_stm32h743xx.o(RESET)
</UL>
<P><STRONG><a name="[63]"></a>I2C4_EV_IRQHandler</STRONG> (Thumb, 0 bytes, Stack size 0 bytes, startup_stm32h743xx.o(.text))
<BR>[Address Reference Count : 1]<UL><LI> startup_stm32h743xx.o(RESET)
</UL>
<P><STRONG><a name="[7d]"></a>JPEG_IRQHandler</STRONG> (Thumb, 0 bytes, Stack size 0 bytes, startup_stm32h743xx.o(.text))
<BR>[Address Reference Count : 1]<UL><LI> startup_stm32h743xx.o(RESET)
</UL>
<P><STRONG><a name="[61]"></a>LPTIM1_IRQHandler</STRONG> (Thumb, 0 bytes, Stack size 0 bytes, startup_stm32h743xx.o(.text))
<BR>[Address Reference Count : 1]<UL><LI> startup_stm32h743xx.o(RESET)
</UL>
<P><STRONG><a name="[8c]"></a>LPTIM2_IRQHandler</STRONG> (Thumb, 0 bytes, Stack size 0 bytes, startup_stm32h743xx.o(.text))
<BR>[Address Reference Count : 1]<UL><LI> startup_stm32h743xx.o(RESET)
</UL>
<P><STRONG><a name="[8d]"></a>LPTIM3_IRQHandler</STRONG> (Thumb, 0 bytes, Stack size 0 bytes, startup_stm32h743xx.o(.text))
<BR>[Address Reference Count : 1]<UL><LI> startup_stm32h743xx.o(RESET)
</UL>
<P><STRONG><a name="[8e]"></a>LPTIM4_IRQHandler</STRONG> (Thumb, 0 bytes, Stack size 0 bytes, startup_stm32h743xx.o(.text))
<BR>[Address Reference Count : 1]<UL><LI> startup_stm32h743xx.o(RESET)
</UL>
<P><STRONG><a name="[8f]"></a>LPTIM5_IRQHandler</STRONG> (Thumb, 0 bytes, Stack size 0 bytes, startup_stm32h743xx.o(.text))
<BR>[Address Reference Count : 1]<UL><LI> startup_stm32h743xx.o(RESET)
</UL>
<P><STRONG><a name="[90]"></a>LPUART1_IRQHandler</STRONG> (Thumb, 0 bytes, Stack size 0 bytes, startup_stm32h743xx.o(.text))
<BR>[Address Reference Count : 1]<UL><LI> startup_stm32h743xx.o(RESET)
</UL>
<P><STRONG><a name="[5d]"></a>LTDC_ER_IRQHandler</STRONG> (Thumb, 0 bytes, Stack size 0 bytes, startup_stm32h743xx.o(.text))
<BR>[Address Reference Count : 1]<UL><LI> startup_stm32h743xx.o(RESET)
</UL>
<P><STRONG><a name="[5c]"></a>LTDC_IRQHandler</STRONG> (Thumb, 0 bytes, Stack size 0 bytes, startup_stm32h743xx.o(.text))
<BR>[Address Reference Count : 1]<UL><LI> startup_stm32h743xx.o(RESET)
</UL>
<P><STRONG><a name="[7c]"></a>MDIOS_IRQHandler</STRONG> (Thumb, 0 bytes, Stack size 0 bytes, startup_stm32h743xx.o(.text))
<BR>[Address Reference Count : 1]<UL><LI> startup_stm32h743xx.o(RESET)
</UL>
<P><STRONG><a name="[7b]"></a>MDIOS_WKUP_IRQHandler</STRONG> (Thumb, 0 bytes, Stack size 0 bytes, startup_stm32h743xx.o(.text))
<BR>[Address Reference Count : 1]<UL><LI> startup_stm32h743xx.o(RESET)
</UL>
<P><STRONG><a name="[7e]"></a>MDMA_IRQHandler</STRONG> (Thumb, 0 bytes, Stack size 0 bytes, startup_stm32h743xx.o(.text))
<BR>[Address Reference Count : 1]<UL><LI> startup_stm32h743xx.o(RESET)
</UL>
<P><STRONG><a name="[67]"></a>OTG_FS_EP1_IN_IRQHandler</STRONG> (Thumb, 0 bytes, Stack size 0 bytes, startup_stm32h743xx.o(.text))
<BR>[Address Reference Count : 1]<UL><LI> startup_stm32h743xx.o(RESET)
</UL>
<P><STRONG><a name="[66]"></a>OTG_FS_EP1_OUT_IRQHandler</STRONG> (Thumb, 0 bytes, Stack size 0 bytes, startup_stm32h743xx.o(.text))
<BR>[Address Reference Count : 1]<UL><LI> startup_stm32h743xx.o(RESET)
</UL>
<P><STRONG><a name="[69]"></a>OTG_FS_IRQHandler</STRONG> (Thumb, 0 bytes, Stack size 0 bytes, startup_stm32h743xx.o(.text))
<BR>[Address Reference Count : 1]<UL><LI> startup_stm32h743xx.o(RESET)
</UL>
<P><STRONG><a name="[68]"></a>OTG_FS_WKUP_IRQHandler</STRONG> (Thumb, 0 bytes, Stack size 0 bytes, startup_stm32h743xx.o(.text))
<BR>[Address Reference Count : 1]<UL><LI> startup_stm32h743xx.o(RESET)
</UL>
<P><STRONG><a name="[50]"></a>OTG_HS_EP1_IN_IRQHandler</STRONG> (Thumb, 0 bytes, Stack size 0 bytes, startup_stm32h743xx.o(.text))
<BR>[Address Reference Count : 1]<UL><LI> startup_stm32h743xx.o(RESET)
</UL>
<P><STRONG><a name="[4f]"></a>OTG_HS_EP1_OUT_IRQHandler</STRONG> (Thumb, 0 bytes, Stack size 0 bytes, startup_stm32h743xx.o(.text))
<BR>[Address Reference Count : 1]<UL><LI> startup_stm32h743xx.o(RESET)
</UL>
<P><STRONG><a name="[52]"></a>OTG_HS_IRQHandler</STRONG> (Thumb, 0 bytes, Stack size 0 bytes, startup_stm32h743xx.o(.text))
<BR>[Address Reference Count : 1]<UL><LI> startup_stm32h743xx.o(RESET)
</UL>
<P><STRONG><a name="[51]"></a>OTG_HS_WKUP_IRQHandler</STRONG> (Thumb, 0 bytes, Stack size 0 bytes, startup_stm32h743xx.o(.text))
<BR>[Address Reference Count : 1]<UL><LI> startup_stm32h743xx.o(RESET)
</UL>
<P><STRONG><a name="[b]"></a>PVD_AVD_IRQHandler</STRONG> (Thumb, 0 bytes, Stack size 0 bytes, startup_stm32h743xx.o(.text))
<BR>[Address Reference Count : 1]<UL><LI> startup_stm32h743xx.o(RESET)
</UL>
<P><STRONG><a name="[60]"></a>QUADSPI_IRQHandler</STRONG> (Thumb, 0 bytes, Stack size 0 bytes, startup_stm32h743xx.o(.text))
<BR>[Address Reference Count : 1]<UL><LI> startup_stm32h743xx.o(RESET)
</UL>
<P><STRONG><a name="[f]"></a>RCC_IRQHandler</STRONG> (Thumb, 0 bytes, Stack size 0 bytes, startup_stm32h743xx.o(.text))
<BR>[Address Reference Count : 1]<UL><LI> startup_stm32h743xx.o(RESET)
</UL>
<P><STRONG><a name="[54]"></a>RNG_IRQHandler</STRONG> (Thumb, 0 bytes, Stack size 0 bytes, startup_stm32h743xx.o(.text))
<BR>[Address Reference Count : 1]<UL><LI> startup_stm32h743xx.o(RESET)
</UL>
<P><STRONG><a name="[5b]"></a>SAI1_IRQHandler</STRONG> (Thumb, 0 bytes, Stack size 0 bytes, startup_stm32h743xx.o(.text))
<BR>[Address Reference Count : 1]<UL><LI> startup_stm32h743xx.o(RESET)
</UL>
<P><STRONG><a name="[5f]"></a>SAI2_IRQHandler</STRONG> (Thumb, 0 bytes, Stack size 0 bytes, startup_stm32h743xx.o(.text))
<BR>[Address Reference Count : 1]<UL><LI> startup_stm32h743xx.o(RESET)
</UL>
<P><STRONG><a name="[76]"></a>SAI3_IRQHandler</STRONG> (Thumb, 0 bytes, Stack size 0 bytes, startup_stm32h743xx.o(.text))
<BR>[Address Reference Count : 1]<UL><LI> startup_stm32h743xx.o(RESET)
</UL>
<P><STRONG><a name="[93]"></a>SAI4_IRQHandler</STRONG> (Thumb, 0 bytes, Stack size 0 bytes, startup_stm32h743xx.o(.text))
<BR>[Address Reference Count : 1]<UL><LI> startup_stm32h743xx.o(RESET)
</UL>
<P><STRONG><a name="[3a]"></a>SDMMC1_IRQHandler</STRONG> (Thumb, 0 bytes, Stack size 0 bytes, startup_stm32h743xx.o(.text))
<BR>[Address Reference Count : 1]<UL><LI> startup_stm32h743xx.o(RESET)
</UL>
<P><STRONG><a name="[7f]"></a>SDMMC2_IRQHandler</STRONG> (Thumb, 0 bytes, Stack size 0 bytes, startup_stm32h743xx.o(.text))
<BR>[Address Reference Count : 1]<UL><LI> startup_stm32h743xx.o(RESET)
</UL>
<P><STRONG><a name="[65]"></a>SPDIF_RX_IRQHandler</STRONG> (Thumb, 0 bytes, Stack size 0 bytes, startup_stm32h743xx.o(.text))
<BR>[Address Reference Count : 1]<UL><LI> startup_stm32h743xx.o(RESET)
</UL>
<P><STRONG><a name="[2d]"></a>SPI1_IRQHandler</STRONG> (Thumb, 0 bytes, Stack size 0 bytes, startup_stm32h743xx.o(.text))
<BR>[Address Reference Count : 1]<UL><LI> startup_stm32h743xx.o(RESET)
</UL>
<P><STRONG><a name="[2e]"></a>SPI2_IRQHandler</STRONG> (Thumb, 0 bytes, Stack size 0 bytes, startup_stm32h743xx.o(.text))
<BR>[Address Reference Count : 1]<UL><LI> startup_stm32h743xx.o(RESET)
</UL>
<P><STRONG><a name="[3c]"></a>SPI3_IRQHandler</STRONG> (Thumb, 0 bytes, Stack size 0 bytes, startup_stm32h743xx.o(.text))
<BR>[Address Reference Count : 1]<UL><LI> startup_stm32h743xx.o(RESET)
</UL>
<P><STRONG><a name="[58]"></a>SPI4_IRQHandler</STRONG> (Thumb, 0 bytes, Stack size 0 bytes, startup_stm32h743xx.o(.text))
[...]

<P><STRONG><a name="[13c]"></a>_memset_w</STRONG> (Thumb, 74 bytes, Stack size 4 bytes, rt_memclr_w.o(.text), UNUSED)

<P><STRONG><a name="[13d]"></a>__semihosting$guard</STRONG> (Thumb, 0 bytes, Stack size 0 bytes, use_no_semi.o(.text), UNUSED)

<P><STRONG><a name="[13e]"></a>__use_no_semihosting_swi</STRONG> (Thumb, 2 bytes, Stack size 0 bytes, use_no_semi.o(.text), UNUSED)

<P><STRONG><a name="[a7]"></a>_printf_char_common</STRONG> (Thumb, 32 bytes, Stack size 64 bytes, _printf_char_common.o(.text))
<BR><BR>[Stack]<UL><LI>Max Depth = 104 + Unknown Stack Size
<LI>Call Chain = _printf_char_common &rArr; __printf
</UL>
<BR>[Calls]<UL><LI><a href="#[f9]">&gt;&gt;</a>&nbsp;&nbsp;&nbsp;__printf
</UL>
<BR>[Called By]<UL><LI><a href="#[a1]">&gt;&gt;</a>&nbsp;&nbsp;&nbsp;_printf_char_file
</UL>

<P><STRONG><a name="[fc]"></a>_printf_cs_common</STRONG> (Thumb, 20 bytes, Stack size 8 bytes, _printf_char.o(.text))
<BR><BR>[Stack]<UL><LI>Max Depth = 40<LI>Call Chain = _printf_cs_common &rArr; _printf_str &rArr; _printf_post_padding
</UL>
<BR>[Calls]<UL><LI><a href="#[a2]">&gt;&gt;</a>&nbsp;&nbsp;&nbsp;_printf_str
</UL>
<BR>[Called By]<UL><LI><a href="#[f2]">&gt;&gt;</a>&nbsp;&nbsp;&nbsp;_printf_string
<LI><a href="#[fd]">&gt;&gt;</a>&nbsp;&nbsp;&nbsp;_printf_char
</UL>

<P><STRONG><a name="[fd]"></a>_printf_char</STRONG> (Thumb, 16 bytes, Stack size 0 bytes, _printf_char.o(.text), UNUSED)
<BR><BR>[Calls]<UL><LI><a href="#[fc]">&gt;&gt;</a>&nbsp;&nbsp;&nbsp;_printf_cs_common
</UL>

<P><STRONG><a name="[f2]"></a>_printf_string</STRONG> (Thumb, 8 bytes, Stack size 0 bytes, _printf_char.o(.text))
<BR><BR>[Stack]<UL><LI>Max Depth = 40<LI>Call Chain = _printf_string &rArr; _printf_cs_common &rArr; _printf_str &rArr; _printf_post_padding
</UL>
<BR>[Calls]<UL><LI><a href="#[fc]">&gt;&gt;</a>&nbsp;&nbsp;&nbsp;_printf_cs_common
</UL>
<BR>[Called By]<UL><LI><a href="#[f1]">&gt;&gt;</a>&nbsp;&nbsp;&nbsp;_printf_s
</UL>

<P><STRONG><a name="[cb]"></a>HAL_GPIO_Init</STRONG> (Thumb, 418 bytes, Stack size 48 bytes, stm32h7xx_hal_gpio.o(.text.HAL_GPIO_Init))
<BR><BR>[Stack]<UL><LI>Max Depth = 48<LI>Call Chain = HAL_GPIO_Init
</UL>
<BR>[Called By]<UL><LI><a href="#[ca]">&gt;&gt;</a>&nbsp;&nbsp;&nbsp;QSPI_Init
</UL>

<P><STRONG><a name="[b7]"></a>HAL_GetREVID</STRONG> (Thumb, 14 bytes, Stack size 0 bytes, stm32h7xx_hal.o(.text.HAL_GetREVID))
<BR><BR>[Called By]<UL><LI><a href="#[b6]">&gt;&gt;</a>&nbsp;&nbsp;&nbsp;HAL_RCC_OscConfig
</UL>

<P><STRONG><a name="[af]"></a>HAL_GetTick</STRONG> (Thumb, 12 bytes, Stack size 0 bytes, stm32h7xx_hal.o(.text.HAL_GetTick))
<BR><BR>[Called By]<UL><LI><a href="#[101]">&gt;&gt;</a>&nbsp;&nbsp;&nbsp;HAL_RTCEx_SetWakeUpTimer_IT
<LI><a href="#[bb]">&gt;&gt;</a>&nbsp;&nbsp;&nbsp;HAL_RCCEx_PeriphCLKConfig
<LI><a href="#[105]">&gt;&gt;</a>&nbsp;&nbsp;&nbsp;HAL_RTC_Init
<LI><a href="#[107]">&gt;&gt;</a>&nbsp;&nbsp;&nbsp;HAL_RTC_SetDate
<LI><a href="#[108]">&gt;&gt;</a>&nbsp;&nbsp;&nbsp;HAL_RTC_SetTime
<LI><a href="#[b5]">&gt;&gt;</a>&nbsp;&nbsp;&nbsp;HAL_RCC_ClockConfig
<LI><a href="#[b6]">&gt;&gt;</a>&nbsp;&nbsp;&nbsp;HAL_RCC_OscConfig
<LI><a href="#[ff]">&gt;&gt;</a>&nbsp;&nbsp;&nbsp;HAL_PWREx_ConfigSupply
<LI><a href="#[ae]">&gt;&gt;</a>&nbsp;&nbsp;&nbsp;HAL_Delay
<LI><a href="#[100]">&gt;&gt;</a>&nbsp;&nbsp;&nbsp;RCCEx_PLL3_Config
<LI><a href="#[cd]">&gt;&gt;</a>&nbsp;&nbsp;&nbsp;RCCEx_PLL2_Config
<LI><a href="#[106]">&gt;&gt;</a>&nbsp;&nbsp;&nbsp;RTC_ExitInitMode
</UL>

<P><STRONG><a name="[b3]"></a>HAL_InitTick</STRONG> (Thumb, 88 bytes, Stack size 8 bytes, stm32h7xx_hal.o(.text.HAL_InitTick))
<BR><BR>[Stack]<UL><LI>Max Depth = 24<LI>Call Chain = HAL_InitTick &rArr; HAL_NVIC_SetPriority
</UL>
<BR>[Calls]<UL><LI><a href="#[bf]">&gt;&gt;</a>&nbsp;&nbsp;&nbsp;HAL_NVIC_SetPriority
<LI><a href="#[fe]">&gt;&gt;</a>&nbsp;&nbsp;&nbsp;HAL_SYSTICK_Config
</UL>
<BR>[Called By]<UL><LI><a href="#[b5]">&gt;&gt;</a>&nbsp;&nbsp;&nbsp;HAL_RCC_ClockConfig
<LI><a href="#[b0]">&gt;&gt;</a>&nbsp;&nbsp;&nbsp;HAL_Init
</UL>

<P><STRONG><a name="[b4]"></a>HAL_MspInit</STRONG> (Thumb, 2 bytes, Stack size 0 bytes, stm32h7xx_hal.o(.text.HAL_MspInit))
<BR><BR>[Called By]<UL><LI><a href="#[b0]">&gt;&gt;</a>&nbsp;&nbsp;&nbsp;HAL_Init
</UL>

<P><STRONG><a name="[b1]"></a>HAL_NVIC_SetPriorityGrouping</STRONG> (Thumb, 32 bytes, Stack size 0 bytes, stm32h7xx_hal_cortex.o(.text.HAL_NVIC_SetPriorityGrouping))
<BR><BR>[Called By]<UL><LI><a href="#[b0]">&gt;&gt;</a>&nbsp;&nbsp;&nbsp;HAL_Init
</UL>

<P><STRONG><a name="[ff]"></a>HAL_PWREx_ConfigSupply</STRONG> (Thumb, 72 bytes, Stack size 16 bytes, stm32h7xx_hal_pwr_ex.o(.text.HAL_PWREx_ConfigSupply))
<BR><BR>[Stack]<UL><LI>Max Depth = 16<LI>Call Chain = HAL_PWREx_ConfigSupply
</UL>
<BR>[Calls]<UL><LI><a href="#[af]">&gt;&gt;</a>&nbsp;&nbsp;&nbsp;HAL_GetTick
</UL>
<BR>[Called By]<UL><LI><a href="#[e2]">&gt;&gt;</a>&nbsp;&nbsp;&nbsp;SystemClock_Config
</UL>

<P><STRONG><a name="[ba]"></a>HAL_PWR_EnableBkUpAccess</STRONG> (Thumb, 18 bytes, Stack size 0 bytes, stm32h7xx_hal_pwr.o(.text.HAL_PWR_EnableBkUpAccess))
<BR><BR>[Called By]<UL><LI><a href="#[b9]">&gt;&gt;</a>&nbsp;&nbsp;&nbsp;HAL_RTC_MspInit
</UL>

<P><STRONG><a name="[bb]"></a>HAL_RCCEx_PeriphCLKConfig</STRONG> (Thumb, 2430 bytes, Stack size 32 bytes, stm32h7xx_hal_rcc_ex.o(.text.HAL_RCCEx_PeriphCLKConfig))
<BR><BR>[Stack]<UL><LI>Max Depth = 56<LI>Call Chain = HAL_RCCEx_PeriphCLKConfig &rArr; RCCEx_PLL3_Config
</UL>
<BR>[Calls]<UL><LI><a href="#[100]">&gt;&gt;</a>&nbsp;&nbsp;&nbsp;RCCEx_PLL3_Config
<LI><a href="#[cd]">&gt;&gt;</a>&nbsp;&nbsp;&nbsp;RCCEx_PLL2_Config
<LI><a href="#[af]">&gt;&gt;</a>&nbsp;&nbsp;&nbsp;HAL_GetTick
</UL>
<BR>[Called By]<UL><LI><a href="#[b9]">&gt;&gt;</a>&nbsp;&nbsp;&nbsp;HAL_RTC_MspInit
</UL>

<P><STRONG><a name="[d8]"></a>HAL_RCC_GetPCLK1Freq</STRONG> (Thumb, 96 bytes, Stack size 8 bytes, stm32h7xx_hal_rcc.o(.text.HAL_RCC_GetPCLK1Freq))
<BR><BR>[Stack]<UL><LI>Max Depth = 8<LI>Call Chain = HAL_RCC_GetPCLK1Freq
</UL>
<BR>[Calls]<UL><LI><a href="#[b2]">&gt;&gt;</a>&nbsp;&nbsp;&nbsp;HAL_RCC_GetSysClockFreq
</UL>
<BR>[Called By]<UL><LI><a href="#[d7]">&gt;&gt;</a>&nbsp;&nbsp;&nbsp;delay_init
</UL>

<P><STRONG><a name="[b2]"></a>HAL_RCC_GetSysClockFreq</STRONG> (Thumb, 256 bytes, Stack size 0 bytes, stm32h7xx_hal_rcc.o(.text.HAL_RCC_GetSysClockFreq))
<BR><BR>[Called By]<UL><LI><a href="#[b5]">&gt;&gt;</a>&nbsp;&nbsp;&nbsp;HAL_RCC_ClockConfig
<LI><a href="#[d8]">&gt;&gt;</a>&nbsp;&nbsp;&nbsp;HAL_RCC_GetPCLK1Freq
<LI><a href="#[b0]">&gt;&gt;</a>&nbsp;&nbsp;&nbsp;HAL_Init
</UL>

<P><STRONG><a name="[104]"></a>HAL_RTCEx_AlarmBEventCallback</STRONG> (Thumb, 2 bytes, Stack size 0 bytes, stm32h7xx_hal_rtc_ex.o(.text.HAL_RTCEx_AlarmBEventCallback))
<BR><BR>[Called By]<UL><LI><a href="#[103]">&gt;&gt;</a>&nbsp;&nbsp;&nbsp;HAL_RTC_AlarmIRQHandler
</UL>

<P><STRONG><a name="[101]"></a>HAL_RTCEx_SetWakeUpTimer_IT</STRONG> (Thumb, 178 bytes, Stack size 24 bytes, stm32h7xx_hal_rtc_ex.o(.text.HAL_RTCEx_SetWakeUpTimer_IT))
<BR><BR>[Stack]<UL><LI>Max Depth = 24<LI>Call Chain = HAL_RTCEx_SetWakeUpTimer_IT
</UL>
<BR>[Calls]<UL><LI><a href="#[af]">&gt;&gt;</a>&nbsp;&nbsp;&nbsp;HAL_GetTick
</UL>
<BR>[Called By]<UL><LI><a href="#[e7]">&gt;&gt;</a>&nbsp;&nbsp;&nbsp;RTC_Set_WakeUp
</UL>

<P><STRONG><a name="[ce]"></a>HAL_RTCEx_WakeUpTimerIRQHandler</STRONG> (Thumb, 50 bytes, Stack size 8 bytes, stm32h7xx_hal_rtc_ex.o(.text.HAL_RTCEx_WakeUpTimerIRQHandler))
<BR><BR>[Stack]<UL><LI>Max Depth = 8<LI>Call Chain = HAL_RTCEx_WakeUpTimerIRQHandler
</UL>
<BR>[Calls]<UL><LI><a href="#[102]">&gt;&gt;</a>&nbsp;&nbsp;&nbsp;HAL_RTCEx_WakeUpTimerEventCallback
</UL>
<BR>[Called By]<UL><LI><a href="#[d]">&gt;&gt;</a>&nbsp;&nbsp;&nbsp;RTC_WKUP_IRQHandler
</UL>

<P><STRONG><a name="[103]"></a>HAL_RTC_AlarmIRQHandler</STRONG> (Thumb, 96 bytes, Stack size 8 bytes, stm32h7xx_hal_rtc.o(.text.HAL_RTC_AlarmIRQHandler))
<BR><BR>[Stack]<UL><LI>Max Depth = 16<LI>Call Chain = HAL_RTC_AlarmIRQHandler &rArr; HAL_RTC_AlarmAEventCallback &rArr; puts
</UL>
<BR>[Calls]<UL><LI><a href="#[b8]">&gt;&gt;</a>&nbsp;&nbsp;&nbsp;HAL_RTC_AlarmAEventCallback
<LI><a href="#[104]">&gt;&gt;</a>&nbsp;&nbsp;&nbsp;HAL_RTCEx_AlarmBEventCallback
</UL>
<BR>[Called By]<UL><LI><a href="#[33]">&gt;&gt;</a>&nbsp;&nbsp;&nbsp;RTC_Alarm_IRQHandler
</UL>

<P><STRONG><a name="[105]"></a>HAL_RTC_Init</STRONG> (Thumb, 212 bytes, Stack size 16 bytes, stm32h7xx_hal_rtc.o(.text.HAL_RTC_Init))
<BR><BR>[Stack]<UL><LI>Max Depth = 344<LI>Call Chain = HAL_RTC_Init &rArr; HAL_RTC_MspInit &rArr; HAL_RCCEx_PeriphCLKConfig &rArr; RCCEx_PLL3_Config
</UL>
<BR>[Calls]<UL><LI><a href="#[b9]">&gt;&gt;</a>&nbsp;&nbsp;&nbsp;HAL_RTC_MspInit
<LI><a href="#[af]">&gt;&gt;</a>&nbsp;&nbsp;&nbsp;HAL_GetTick
<LI><a href="#[106]">&gt;&gt;</a>&nbsp;&nbsp;&nbsp;RTC_ExitInitMode
</UL>
<BR>[Called By]<UL><LI><a href="#[e6]">&gt;&gt;</a>&nbsp;&nbsp;&nbsp;RTC_Init
</UL>

<P><STRONG><a name="[107]"></a>HAL_RTC_SetDate</STRONG> (Thumb, 342 bytes, Stack size 32 bytes, stm32h7xx_hal_rtc.o(.text.HAL_RTC_SetDate))
<BR><BR>[Stack]<UL><LI>Max Depth = 56<LI>Call Chain = HAL_RTC_SetDate &rArr; RTC_ExitInitMode
</UL>
<BR>[Calls]<UL><LI><a href="#[af]">&gt;&gt;</a>&nbsp;&nbsp;&nbsp;HAL_GetTick
<LI><a href="#[106]">&gt;&gt;</a>&nbsp;&nbsp;&nbsp;RTC_ExitInitMode
</UL>
<BR>[Called By]<UL><LI><a href="#[e6]">&gt;&gt;</a>&nbsp;&nbsp;&nbsp;RTC_Init
</UL>

<P><STRONG><a name="[108]"></a>HAL_RTC_SetTime</STRONG> (Thumb, 370 bytes, Stack size 32 bytes, stm32h7xx_hal_rtc.o(.text.HAL_RTC_SetTime))
<BR><BR>[Stack]<UL><LI>Max Depth = 56<LI>Call Chain = HAL_RTC_SetTime &rArr; RTC_ExitInitMode
</UL>
<BR>[Calls]<UL><LI><a href="#[af]">&gt;&gt;</a>&nbsp;&nbsp;&nbsp;HAL_GetTick
<LI><a href="#[106]">&gt;&gt;</a>&nbsp;&nbsp;&nbsp;RTC_ExitInitMode
</UL>
<BR>[Called By]<UL><LI><a href="#[e6]">&gt;&gt;</a>&nbsp;&nbsp;&nbsp;RTC_Init
</UL>

<P><STRONG><a name="[fe]"></a>HAL_SYSTICK_Config</STRONG> (Thumb, 44 bytes, Stack size 0 bytes, stm32h7xx_hal_cortex.o(.text.HAL_SYSTICK_Config))
<BR><BR>[Called By]<UL><LI><a href="#[b3]">&gt;&gt;</a>&nbsp;&nbsp;&nbsp;HAL_InitTick
</UL>

<P><STRONG><a name="[c5]"></a>HAL_TIMEx_BreakCallback</STRONG> (Thumb, 2 bytes, Stack size 0 bytes, stm32h7xx_hal_tim_ex.o(.text.HAL_TIMEx_BreakCallback))
<BR><BR>[Called By]<UL><LI><a href="#[c1]">&gt;&gt;</a>&nbsp;&nbsp;&nbsp;HAL_TIM_IRQHandler
</UL>

<P><STRONG><a name="[db]"></a>HAL_TIM_Base_Start</STRONG> (Thumb, 170 bytes, Stack size 0 bytes, stm32h7xx_hal_tim.o(.text.HAL_TIM_Base_Start))
<BR><BR>[Called By]<UL><LI><a href="#[d7]">&gt;&gt;</a>&nbsp;&nbsp;&nbsp;delay_init
</UL>

<P><STRONG><a name="[da]"></a>HAL_TIM_ConfigClockSource</STRONG> (Thumb, 500 bytes, Stack size 8 bytes, stm32h7xx_hal_tim.o(.text.HAL_TIM_ConfigClockSource))
<BR><BR>[Stack]<UL><LI>Max Depth = 8<LI>Call Chain = HAL_TIM_ConfigClockSource
</UL>
<BR>[Called By]<UL><LI><a href="#[d7]">&gt;&gt;</a>&nbsp;&nbsp;&nbsp;delay_init
</UL>

<P><STRONG><a name="[c8]"></a>HAL_TIM_OC_DelayElapsedCallback</STRONG> (Thumb, 2 bytes, Stack size 0 bytes, stm32h7xx_hal_tim.o(.text.HAL_TIM_OC_DelayElapsedCallback))
<BR><BR>[Called By]<UL><LI><a href="#[c1]">&gt;&gt;</a>&nbsp;&nbsp;&nbsp;HAL_TIM_IRQHandler
</UL>

<P><STRONG><a name="[c4]"></a>HAL_TIM_PeriodElapsedCallback</STRONG> (Thumb, 22 bytes, Stack size 0 bytes, timer.o(.text.HAL_TIM_PeriodElapsedCallback))
<BR><BR>[Calls]<UL><LI><a href="#[109]">&gt;&gt;</a>&nbsp;&nbsp;&nbsp;lv_tick_inc
</UL>
<BR>[Called By]<UL><LI><a href="#[c1]">&gt;&gt;</a>&nbsp;&nbsp;&nbsp;HAL_TIM_IRQHandler
</UL>

<P><STRONG><a name="[c7]"></a>HAL_TIM_TriggerCallback</STRONG> (Thumb, 2 bytes, Stack size 0 bytes, stm32h7xx_hal_tim.o(.text.HAL_TIM_TriggerCallback))
<BR><BR>[Called By]<UL><LI><a href="#[c1]">&gt;&gt;</a>&nbsp;&nbsp;&nbsp;HAL_TIM_IRQHandler
</UL>

<P><STRONG><a name="[3]"></a>MemManage_Handler</STRONG> (Thumb, 56 bytes, Stack size 8 bytes, stm32h7xx_it.o(.text.MemManage_Handler))
<BR><BR>[Stack]<UL><LI>Max Depth = 24<LI>Call Chain = MemManage_Handler &rArr; delay_ms &rArr; HAL_Delay
</UL>
<BR>[Calls]<UL><LI><a href="#[10a]">&gt;&gt;</a>&nbsp;&nbsp;&nbsp;sys_soft_reset
<LI><a href="#[dc]">&gt;&gt;</a>&nbsp;&nbsp;&nbsp;delay_ms
<LI><a href="#[df]">&gt;&gt;</a>&nbsp;&nbsp;&nbsp;sys_gpio_pin_set
<LI><a href="#[a5]">&gt;&gt;</a>&nbsp;&nbsp;&nbsp;puts
</UL>
<BR>[Address Reference Count : 1]<UL><LI> startup_stm32h743xx.o(RESET)
</UL>
<P><STRONG><a name="[8]"></a>PendSV_Handler</STRONG> (Thumb, 2 bytes, Stack size 0 bytes, stm32h7xx_it.o(.text.PendSV_Handler))
<BR>[Address Reference Count : 1]<UL><LI> startup_stm32h743xx.o(RESET)
</UL>
<P><STRONG><a name="[33]"></a>RTC_Alarm_IRQHandler</STRONG> (Thumb, 12 bytes, Stack size 0 bytes, rtc.o(.text.RTC_Alarm_IRQHandler))
<BR><BR>[Stack]<UL><LI>Max Depth = 16<LI>Call Chain = RTC_Alarm_IRQHandler &rArr; HAL_RTC_AlarmIRQHandler &rArr; HAL_RTC_AlarmAEventCallback &rArr; puts
</UL>
<BR>[Calls]<UL><LI><a href="#[103]">&gt;&gt;</a>&nbsp;&nbsp;&nbsp;HAL_RTC_AlarmIRQHandler
</UL>
<BR>[Address Reference Count : 1]<UL><LI> startup_stm32h743xx.o(RESET)
</UL>
<P><STRONG><a name="[106]"></a>RTC_ExitInitMode</STRONG> (Thumb, 156 bytes, Stack size 24 bytes, stm32h7xx_hal_rtc.o(.text.RTC_ExitInitMode))
<BR><BR>[Stack]<UL><LI>Max Depth = 24<LI>Call Chain = RTC_ExitInitMode
</UL>
<BR>[Calls]<UL><LI><a href="#[af]">&gt;&gt;</a>&nbsp;&nbsp;&nbsp;HAL_GetTick
</UL>
<BR>[Called By]<UL><LI><a href="#[105]">&gt;&gt;</a>&nbsp;&nbsp;&nbsp;HAL_RTC_Init
<LI><a href="#[107]">&gt;&gt;</a>&nbsp;&nbsp;&nbsp;HAL_RTC_SetDate
<LI><a href="#[108]">&gt;&gt;</a>&nbsp;&nbsp;&nbsp;HAL_RTC_SetTime
</UL>

<P><STRONG><a name="[e6]"></a>RTC_Init</STRONG> (Thumb, 140 bytes, Stack size 40 bytes, rtc.o(.text.RTC_Init))
<BR><BR>[Stack]<UL><LI>Max Depth = 384<LI>Call Chain = RTC_Init &rArr; HAL_RTC_Init &rArr; HAL_RTC_MspInit &rArr; HAL_RCCEx_PeriphCLKConfig &rArr; RCCEx_PLL3_Config
</UL>
<BR>[Calls]<UL><LI><a href="#[10c]">&gt;&gt;</a>&nbsp;&nbsp;&nbsp;HAL_RTCEx_BKUPWrite
<LI><a href="#[10b]">&gt;&gt;</a>&nbsp;&nbsp;&nbsp;HAL_RTCEx_BKUPRead
<LI><a href="#[105]">&gt;&gt;</a>&nbsp;&nbsp;&nbsp;HAL_RTC_Init
<LI><a href="#[107]">&gt;&gt;</a>&nbsp;&nbsp;&nbsp;HAL_RTC_SetDate
<LI><a href="#[108]">&gt;&gt;</a>&nbsp;&nbsp;&nbsp;HAL_RTC_SetTime
</UL>
<BR>[Called By]<UL><LI><a href="#[e0]">&gt;&gt;</a>&nbsp;&nbsp;&nbsp;main
</UL>

<P><STRONG><a name="[e7]"></a>RTC_Set_WakeUp</STRONG> (Thumb, 56 bytes, Stack size 8 bytes, rtc.o(.text.RTC_Set_WakeUp))
<BR><BR>[Stack]<UL><LI>Max Depth = 32<LI>Call Chain = RTC_Set_WakeUp &rArr; HAL_RTCEx_SetWakeUpTimer_IT
</UL>
<BR>[Calls]<UL><LI><a href="#[101]">&gt;&gt;</a>&nbsp;&nbsp;&nbsp;HAL_RTCEx_SetWakeUpTimer_IT
<LI><a href="#[c0]">&gt;&gt;</a>&nbsp;&nbsp;&nbsp;HAL_NVIC_EnableIRQ
<LI><a href="#[bf]">&gt;&gt;</a>&nbsp;&nbsp;&nbsp;HAL_NVIC_SetPriority
</UL>
<BR>[Called By]<UL><LI><a href="#[e0]">&gt;&gt;</a>&nbsp;&nbsp;&nbsp;main
</UL>

<P><STRONG><a name="[6]"></a>SVC_Handler</STRONG> (Thumb, 2 bytes, Stack size 0 bytes, stm32h7xx_it.o(.text.SVC_Handler))
<BR>[Address Reference Count : 1]<UL><LI> startup_stm32h743xx.o(RESET)
</UL>
<P><STRONG><a name="[e2]"></a>SystemClock_Config</STRONG> (Thumb, 202 bytes, Stack size 128 bytes, sys.o(.text.SystemClock_Config))
<BR><BR>[Stack]<UL><LI>Max Depth = 184 + Unknown Stack Size
<LI>Call Chain = SystemClock_Config &rArr; HAL_RCC_ClockConfig &rArr; HAL_InitTick &rArr; HAL_NVIC_SetPriority
</UL>
<BR>[Calls]<UL><LI><a href="#[b5]">&gt;&gt;</a>&nbsp;&nbsp;&nbsp;HAL_RCC_ClockConfig
<LI><a href="#[b6]">&gt;&gt;</a>&nbsp;&nbsp;&nbsp;HAL_RCC_OscConfig
<LI><a href="#[ff]">&gt;&gt;</a>&nbsp;&nbsp;&nbsp;HAL_PWREx_ConfigSupply
<LI><a href="#[10d]">&gt;&gt;</a>&nbsp;&nbsp;&nbsp;__aeabi_memclr4
</UL>
<BR>[Called By]<UL><LI><a href="#[e0]">&gt;&gt;</a>&nbsp;&nbsp;&nbsp;main
</UL>

<P><STRONG><a name="[3f]"></a>TIM6_DAC_IRQHandler</STRONG> (Thumb, 12 bytes, Stack size 0 bytes, timer.o(.text.TIM6_DAC_IRQHandler))
<BR><BR>[Stack]<UL><LI>Max Depth = 8<LI>Call Chain = TIM6_DAC_IRQHandler &rArr; HAL_TIM_IRQHandler
</UL>
<BR>[Calls]<UL><LI><a href="#[c1]">&gt;&gt;</a>&nbsp;&nbsp;&nbsp;HAL_TIM_IRQHandler
</UL>
<BR>[Address Reference Count : 1]<UL><LI> startup_stm32h743xx.o(RESET)
</UL>
<P><STRONG><a name="[ea]"></a>delay_us</STRONG> (Thumb, 80 bytes, Stack size 16 bytes, delay.o(.text.delay_us))
<BR><BR>[Stack]<UL><LI>Max Depth = 32<LI>Call Chain = delay_us &rArr; HAL_Delay
</UL>
<BR>[Calls]<UL><LI><a href="#[ae]">&gt;&gt;</a>&nbsp;&nbsp;&nbsp;HAL_Delay
</UL>
<BR>[Called By]<UL><LI><a href="#[e5]">&gt;&gt;</a>&nbsp;&nbsp;&nbsp;sdram_init
</UL>

<P><STRONG><a name="[95]"></a>fputc</STRONG> (Thumb, 20 bytes, Stack size 0 bytes, usart.o(.text.fputc))
<BR><BR>[Called By]<UL><LI><a href="#[a5]">&gt;&gt;</a>&nbsp;&nbsp;&nbsp;puts
</UL>
<BR>[Address Reference Count : 1]<UL><LI> _printf_char_file.o(.text)
</UL>
<P><STRONG><a name="[109]"></a>lv_tick_inc</STRONG> (Thumb, 28 bytes, Stack size 0 bytes, lv_hal_tick.o(.text.lv_tick_inc))
<BR><BR>[Called By]<UL><LI><a href="#[c4]">&gt;&gt;</a>&nbsp;&nbsp;&nbsp;HAL_TIM_PeriodElapsedCallback
</UL>

<P><STRONG><a name="[e4]"></a>mpu_memory_protection</STRONG> (Thumb, 300 bytes, Stack size 0 bytes, mpu.o(.text.mpu_memory_protection))
<BR><BR>[Called By]<UL><LI><a href="#[e0]">&gt;&gt;</a>&nbsp;&nbsp;&nbsp;main
</UL>

<P><STRONG><a name="[e9]"></a>sys_gpio_af_set</STRONG> (Thumb, 82 bytes, Stack size 24 bytes, sys.o(.text.sys_gpio_af_set))
<BR><BR>[Stack]<UL><LI>Max Depth = 24<LI>Call Chain = sys_gpio_af_set
</UL>
<BR>[Called By]<UL><LI><a href="#[e5]">&gt;&gt;</a>&nbsp;&nbsp;&nbsp;sdram_init
<LI><a href="#[e3]">&gt;&gt;</a>&nbsp;&nbsp;&nbsp;usart_init
</UL>

<P><STRONG><a name="[de]"></a>sys_gpio_set</STRONG> (Thumb, 144 bytes, Stack size 36 bytes, sys.o(.text.sys_gpio_set))
<BR><BR>[Stack]<UL><LI>Max Depth = 36<LI>Call Chain = sys_gpio_set
</UL>
<BR>[Called By]<UL><LI><a href="#[e5]">&gt;&gt;</a>&nbsp;&nbsp;&nbsp;sdram_init
<LI><a href="#[dd]">&gt;&gt;</a>&nbsp;&nbsp;&nbsp;led_init
<LI><a href="#[e3]">&gt;&gt;</a>&nbsp;&nbsp;&nbsp;usart_init
</UL>

<P><STRONG><a name="[eb]"></a>sys_nvic_init</STRONG> (Thumb, 110 bytes, Stack size 16 bytes, sys.o(.text.sys_nvic_init))
<BR><BR>[Stack]<UL><LI>Max Depth = 16<LI>Call Chain = sys_nvic_init
</UL>
<BR>[Called By]<UL><LI><a href="#[e3]">&gt;&gt;</a>&nbsp;&nbsp;&nbsp;usart_init
</UL>

<P><STRONG><a name="[10a]"></a>sys_soft_reset</STRONG> (Thumb, 18 bytes, Stack size 0 bytes, sys.o(.text.sys_soft_reset))
<BR><BR>[Called By]<UL><LI><a href="#[3]">&gt;&gt;</a>&nbsp;&nbsp;&nbsp;MemManage_Handler
</UL>

<P><STRONG><a name="[f4]"></a>_fp_init</STRONG> (Thumb, 26 bytes, Stack size 0 bytes, fpinit.o(x$fpl$fpinit))
<BR><BR>[Called By]<UL><LI><a href="#[f3]">&gt;&gt;</a>&nbsp;&nbsp;&nbsp;__rt_lib_init_fp_1
</UL>

<P><STRONG><a name="[13f]"></a>__fplib_config_fpu_vfp</STRONG> (Thumb, 0 bytes, Stack size unknown bytes, fpinit.o(x$fpl$fpinit), UNUSED)

<P><STRONG><a name="[140]"></a>__fplib_config_pureend_doubles</STRONG> (Thumb, 0 bytes, Stack size unknown bytes, fpinit.o(x$fpl$fpinit), UNUSED)
<P>
<H3>
Local Symbols
</H3>
<P><STRONG><a name="[cd]"></a>RCCEx_PLL2_Config</STRONG> (Thumb, 286 bytes, Stack size 24 bytes, stm32h7xx_hal_rcc_ex.o(.text.RCCEx_PLL2_Config))
<BR><BR>[Stack]<UL><LI>Max Depth = 24<LI>Call Chain = RCCEx_PLL2_Config
</UL>
<BR>[Calls]<UL><LI><a href="#[af]">&gt;&gt;</a>&nbsp;&nbsp;&nbsp;HAL_GetTick
</UL>
<BR>[Called By]<UL><LI><a href="#[bb]">&gt;&gt;</a>&nbsp;&nbsp;&nbsp;HAL_RCCEx_PeriphCLKConfig
</UL>

<P><STRONG><a name="[100]"></a>RCCEx_PLL3_Config</STRONG> (Thumb, 286 bytes, Stack size 24 bytes, stm32h7xx_hal_rcc_ex.o(.text.RCCEx_PLL3_Config))
<BR><BR>[Stack]<UL><LI>Max Depth = 24<LI>Call Chain = RCCEx_PLL3_Config
</UL>
<BR>[Calls]<UL><LI><a href="#[af]">&gt;&gt;</a>&nbsp;&nbsp;&nbsp;HAL_GetTick
</UL>
<BR>[Called By]<UL><LI><a href="#[bb]">&gt;&gt;</a>&nbsp;&nbsp;&nbsp;HAL_RCCEx_PeriphCLKConfig
</UL>

<P><STRONG><a name="[97]"></a>_printf_input_char</STRONG> (Thumb, 10 bytes, Stack size 0 bytes, _printf_char_common.o(.text))
<BR>[Address Reference Count : 1]<UL><LI> _printf_char_common.o(.text)
</UL><P>
<H3>
Undefined Global Symbols
</H3><HR></body></html>
