Component: ARM Compiler 5.06 update 7 (build 960) Tool: armlink [4d3601]

==============================================================================

Section Cross References

    main.o(i.main) refers to _printf_pad.o(.text) for _printf_pre_padding
    main.o(i.main) refers to _printf_percent.o(.ARM.Collect$$_printf_percent$$00000000) for _printf_percent
    main.o(i.main) refers to _printf_x.o(.ARM.Collect$$_printf_percent$$0000000C) for _printf_x
    main.o(i.main) refers to _printf_hex_int.o(.text) for _printf_longlong_hex
    main.o(i.main) refers to sys.o(i.Cache_Enable) for Cache_Enable
    main.o(i.main) refers to stm32h7xx_hal.o(i.HAL_Init) for HAL_Init
    main.o(i.main) refers to sys.o(i.Stm32_Clock_Init) for Stm32_Clock_Init
    main.o(i.main) refers to delay.o(i.delay_init) for delay_init
    main.o(i.main) refers to usart.o(i.uart_init) for uart_init
    main.o(i.main) refers to led.o(i.LED_Init) for LED_Init
    main.o(i.main) refers to key.o(i.KEY_Init) for KEY_Init
    main.o(i.main) refers to sdram.o(i.SDRAM_Init) for SDRAM_Init
    main.o(i.main) refers to lcd.o(i.LCD_Init) for LCD_Init
    main.o(i.main) refers to noretval__2sprintf.o(.text) for __2sprintf
    main.o(i.main) refers to lcd.o(i.LCD_Clear) for LCD_Clear
    main.o(i.main) refers to lcd.o(i.LCD_ShowString) for LCD_ShowString
    main.o(i.main) refers to stm32h7xx_hal_gpio.o(i.HAL_GPIO_TogglePin) for HAL_GPIO_TogglePin
    main.o(i.main) refers to delay.o(i.delay_ms) for delay_ms
    main.o(i.main) refers to lcd.o(.data) for POINT_COLOR
    main.o(i.main) refers to lcd.o(.bss) for lcddev
    stm32h7xx_it.o(i.SysTick_Handler) refers to stm32h7xx_hal.o(i.HAL_IncTick) for HAL_IncTick
    system_stm32h7xx.o(i.SystemCoreClockUpdate) refers to system_stm32h7xx.o(.data) for .data
    system_stm32h7xx.o(i.SystemCoreClockUpdate) refers to system_stm32h7xx.o(.constdata) for .constdata
    startup_stm32h743xx.o(STACK) refers (Special) to heapauxi.o(.text) for __use_two_region_memory
    startup_stm32h743xx.o(HEAP) refers (Special) to heapauxi.o(.text) for __use_two_region_memory
    startup_stm32h743xx.o(RESET) refers (Special) to heapauxi.o(.text) for __use_two_region_memory
    startup_stm32h743xx.o(RESET) refers to startup_stm32h743xx.o(STACK) for __initial_sp
    startup_stm32h743xx.o(RESET) refers to startup_stm32h743xx.o(.text) for Reset_Handler
    startup_stm32h743xx.o(RESET) refers to stm32h7xx_it.o(i.NMI_Handler) for NMI_Handler
    startup_stm32h743xx.o(RESET) refers to stm32h7xx_it.o(i.HardFault_Handler) for HardFault_Handler
    startup_stm32h743xx.o(RESET) refers to stm32h7xx_it.o(i.BusFault_Handler) for BusFault_Handler
    startup_stm32h743xx.o(RESET) refers to stm32h7xx_it.o(i.UsageFault_Handler) for UsageFault_Handler
    startup_stm32h743xx.o(RESET) refers to stm32h7xx_it.o(i.SVC_Handler) for SVC_Handler
    startup_stm32h743xx.o(RESET) refers to stm32h7xx_it.o(i.DebugMon_Handler) for DebugMon_Handler
    startup_stm32h743xx.o(RESET) refers to stm32h7xx_it.o(i.PendSV_Handler) for PendSV_Handler
    startup_stm32h743xx.o(RESET) refers to stm32h7xx_it.o(i.SysTick_Handler) for SysTick_Handler
    startup_stm32h743xx.o(RESET) refers to usart.o(i.USART1_IRQHandler) for USART1_IRQHandler
    startup_stm32h743xx.o(.text) refers (Special) to heapauxi.o(.text) for __use_two_region_memory
    startup_stm32h743xx.o(.text) refers to system_stm32h7xx.o(i.SystemInit) for SystemInit
    startup_stm32h743xx.o(.text) refers to __main.o(!!!main) for __main
    startup_stm32h743xx.o(.text) refers to startup_stm32h743xx.o(HEAP) for Heap_Mem
    startup_stm32h743xx.o(.text) refers to startup_stm32h743xx.o(STACK) for Stack_Mem
    delay.o(i.delay_init) refers to stm32h7xx_hal_cortex.o(i.HAL_SYSTICK_CLKSourceConfig) for HAL_SYSTICK_CLKSourceConfig
    delay.o(i.delay_init) refers to delay.o(.data) for .data
    delay.o(i.delay_ms) refers to delay.o(i.delay_us) for delay_us
    delay.o(i.delay_us) refers to delay.o(.data) for .data
    sys.o(i.Stm32_Clock_Init) refers to stm32h7xx_hal_rcc.o(i.HAL_RCC_OscConfig) for HAL_RCC_OscConfig
    sys.o(i.Stm32_Clock_Init) refers to stm32h7xx_hal_rcc.o(i.HAL_RCC_ClockConfig) for HAL_RCC_ClockConfig
    sys.o(i.Stm32_Clock_Init) refers to stm32h7xx_hal.o(i.HAL_EnableCompensationCell) for HAL_EnableCompensationCell
    usart.o(i.HAL_UART_MspInit) refers to stm32h7xx_hal_gpio.o(i.HAL_GPIO_Init) for HAL_GPIO_Init
    usart.o(i.HAL_UART_MspInit) refers to stm32h7xx_hal_cortex.o(i.HAL_NVIC_EnableIRQ) for HAL_NVIC_EnableIRQ
    usart.o(i.HAL_UART_MspInit) refers to stm32h7xx_hal_cortex.o(i.HAL_NVIC_SetPriority) for HAL_NVIC_SetPriority
    usart.o(i.HAL_UART_RxCpltCallback) refers to usart.o(.data) for .data
    usart.o(i.HAL_UART_RxCpltCallback) refers to usart.o(.bss) for .bss
    usart.o(i.USART1_IRQHandler) refers to stm32h7xx_hal_uart.o(i.HAL_UART_IRQHandler) for HAL_UART_IRQHandler
    usart.o(i.USART1_IRQHandler) refers to stm32h7xx_hal_uart.o(i.HAL_UART_GetState) for HAL_UART_GetState
[...]
    i.HAL_GPIO_Init                          0x08000754   Section        0  stm32h7xx_hal_gpio.o(i.HAL_GPIO_Init)
    i.HAL_GPIO_ReadPin                       0x0800093c   Section        0  stm32h7xx_hal_gpio.o(i.HAL_GPIO_ReadPin)
    i.HAL_GPIO_TogglePin                     0x08000946   Section        0  stm32h7xx_hal_gpio.o(i.HAL_GPIO_TogglePin)
    i.HAL_GetTick                            0x08000950   Section        0  stm32h7xx_hal.o(i.HAL_GetTick)
    i.HAL_Init                               0x0800095c   Section        0  stm32h7xx_hal.o(i.HAL_Init)
    i.HAL_InitTick                           0x08000978   Section        0  stm32h7xx_hal.o(i.HAL_InitTick)
    i.HAL_LTDC_MspInit                       0x080009b8   Section        0  ltdc.o(i.HAL_LTDC_MspInit)
    i.HAL_LTDC_SetWindowSize                 0x08000ab0   Section        0  stm32h7xx_hal_ltdc.o(i.HAL_LTDC_SetWindowSize)
    i.HAL_MPU_ConfigRegion                   0x08000b04   Section        0  stm32h7xx_hal_cortex.o(i.HAL_MPU_ConfigRegion)
    i.HAL_MPU_Disable                        0x08000b58   Section        0  stm32h7xx_hal_cortex.o(i.HAL_MPU_Disable)
    i.HAL_MspInit                            0x08000b74   Section        0  stm32h7xx_hal_msp.o(i.HAL_MspInit)
    i.HAL_RCCEx_GetPLL2ClockFreq             0x08000b78   Section        0  stm32h7xx_hal_rcc_ex.o(i.HAL_RCCEx_GetPLL2ClockFreq)
    i.HAL_RCCEx_PeriphCLKConfig              0x08000c74   Section        0  stm32h7xx_hal_rcc_ex.o(i.HAL_RCCEx_PeriphCLKConfig)
    i.HAL_RCC_ClockConfig                    0x08001524   Section        0  stm32h7xx_hal_rcc.o(i.HAL_RCC_ClockConfig)
    i.HAL_RCC_GetHCLKFreq                    0x080016fc   Section        0  stm32h7xx_hal_rcc.o(i.HAL_RCC_GetHCLKFreq)
    i.HAL_RCC_GetPCLK1Freq                   0x08001730   Section        0  stm32h7xx_hal_rcc.o(i.HAL_RCC_GetPCLK1Freq)
    i.HAL_RCC_GetPCLK2Freq                   0x0800175c   Section        0  stm32h7xx_hal_rcc.o(i.HAL_RCC_GetPCLK2Freq)
    i.HAL_RCC_OscConfig                      0x08001788   Section        0  stm32h7xx_hal_rcc.o(i.HAL_RCC_OscConfig)
    i.HAL_SDRAM_ProgramRefreshRate           0x08001c24   Section        0  stm32h7xx_hal_sdram.o(i.HAL_SDRAM_ProgramRefreshRate)
    i.HAL_SRAM_Init                          0x08001c48   Section        0  stm32h7xx_hal_sram.o(i.HAL_SRAM_Init)
    i.HAL_SRAM_MspInit                       0x08001cac   Section        0  lcd.o(i.HAL_SRAM_MspInit)
    i.HAL_SYSTICK_CLKSourceConfig            0x08001d24   Section        0  stm32h7xx_hal_cortex.o(i.HAL_SYSTICK_CLKSourceConfig)
    i.HAL_SYSTICK_Config                     0x08001d3c   Section        0  stm32h7xx_hal_cortex.o(i.HAL_SYSTICK_Config)
    i.HAL_UARTEx_WakeupCallback              0x08001d64   Section        0  stm32h7xx_hal_uart_ex.o(i.HAL_UARTEx_WakeupCallback)
    i.HAL_UART_ErrorCallback                 0x08001d66   Section        0  stm32h7xx_hal_uart.o(i.HAL_UART_ErrorCallback)
    i.HAL_UART_GetState                      0x08001d68   Section        0  stm32h7xx_hal_uart.o(i.HAL_UART_GetState)
    i.HAL_UART_IRQHandler                    0x08001d74   Section        0  stm32h7xx_hal_uart.o(i.HAL_UART_IRQHandler)
    i.HAL_UART_MspInit                       0x08001ef4   Section        0  usart.o(i.HAL_UART_MspInit)
    i.HAL_UART_Receive_IT                    0x08001f74   Section        0  stm32h7xx_hal_uart.o(i.HAL_UART_Receive_IT)
    i.HAL_UART_RxCpltCallback                0x0800201c   Section        0  usart.o(i.HAL_UART_RxCpltCallback)
    i.KEY_Init                               0x08002074   Section        0  key.o(i.KEY_Init)
    i.LCD_Display_Dir                        0x080020f4   Section        0  lcd.o(i.LCD_Display_Dir)
    i.LCD_Fast_DrawPoint                     0x080021e8   Section        0  lcd.o(i.LCD_Fast_DrawPoint)
    i.LCD_Init                               0x080022e4   Section        0  lcd.o(i.LCD_Init)
    i.LCD_MPU_Config                         0x08004688   Section        0  lcd.o(i.LCD_MPU_Config)
    i.LCD_Scan_Dir                           0x080046d4   Section        0  lcd.o(i.LCD_Scan_Dir)
    i.LCD_SetCursor                          0x0800488c   Section        0  lcd.o(i.LCD_SetCursor)
    i.LCD_ShowString                         0x08004990   Section        0  lcd.o(i.LCD_ShowString)
    i.LCD_WR_DATA                            0x080049e4   Section        0  lcd.o(i.LCD_WR_DATA)
    i.LCD_WriteRAM_Prepare                   0x080049fc   Section        0  lcd.o(i.LCD_WriteRAM_Prepare)
    i.LCD_WriteReg                           0x08004a10   Section        0  lcd.o(i.LCD_WriteReg)
    i.LTDC_Clk_Set                           0x08004a20   Section        0  ltdc.o(i.LTDC_Clk_Set)
    i.LTDC_Fill                              0x08004a48   Section        0  ltdc.o(i.LTDC_Fill)
    i.LTDC_Init                              0x08004af4   Section        0  ltdc.o(i.LTDC_Init)
    i.LTDC_Layer_Window_Config               0x08004df8   Section        0  ltdc.o(i.LTDC_Layer_Window_Config)
    i.LTDC_SetConfig                         0x08004e1c   Section        0  stm32h7xx_hal_ltdc.o(i.LTDC_SetConfig)
    LTDC_SetConfig                           0x08004e1d   Thumb Code   354  stm32h7xx_hal_ltdc.o(i.LTDC_SetConfig)
    i.NMI_Handler                            0x08004f7e   Section        0  stm32h7xx_it.o(i.NMI_Handler)
    i.RCCEx_PLL3_Config                      0x08004f80   Section        0  stm32h7xx_hal_rcc_ex.o(i.RCCEx_PLL3_Config)
    RCCEx_PLL3_Config                        0x08004f81   Thumb Code   234  stm32h7xx_hal_rcc_ex.o(i.RCCEx_PLL3_Config)
    i.SDRAM_Init                             0x08005070   Section        0  sdram.o(i.SDRAM_Init)
    i.SDRAM_Initialization_Sequence          0x080050cc   Section        0  sdram.o(i.SDRAM_Initialization_Sequence)
    i.SDRAM_Send_Cmd                         0x0800511c   Section        0  sdram.o(i.SDRAM_Send_Cmd)
    i.SVC_Handler                            0x08005150   Section        0  stm32h7xx_it.o(i.SVC_Handler)
    i.SysTick_Handler                        0x08005152   Section        0  stm32h7xx_it.o(i.SysTick_Handler)
    i.SystemInit                             0x08005158   Section        0  system_stm32h7xx.o(i.SystemInit)
    i.UART_AdvFeatureConfig                  0x080051dc   Section        0  stm32h7xx_hal_uart.o(i.UART_AdvFeatureConfig)
    i.UART_CheckIdleState                    0x080052a4   Section        0  stm32h7xx_hal_uart.o(i.UART_CheckIdleState)
    i.UART_DMAAbortOnError                   0x08005300   Section        0  stm32h7xx_hal_uart.o(i.UART_DMAAbortOnError)
    UART_DMAAbortOnError                     0x08005301   Thumb Code    20  stm32h7xx_hal_uart.o(i.UART_DMAAbortOnError)
    i.UART_SetConfig                         0x08005314   Section        0  stm32h7xx_hal_uart.o(i.UART_SetConfig)
    i.UART_Transmit_IT                       0x080057bc   Section        0  stm32h7xx_hal_uart.o(i.UART_Transmit_IT)
    UART_Transmit_IT                         0x080057bd   Thumb Code   116  stm32h7xx_hal_uart.o(i.UART_Transmit_IT)
    i.delay_ms                               0x08005830   Section        0  delay.o(i.delay_ms)
    i.delay_us                               0x0800584c   Section        0  delay.o(i.delay_us)
    i.main                                   0x08005880   Section        0  main.o(i.main)
    .constdata                               0x080059a8   Section       17  __printf_flags_wp.o(.constdata)
    maptable                                 0x080059a8   Data          17  __printf_flags_wp.o(.constdata)
    .ARM.Collect$$_printf_percent$$00000000  0x08100000   Section        0  _printf_percent.o(.ARM.Collect$$_printf_percent$$00000000)
    .ARM.Collect$$_printf_percent$$0000000C  0x08100000   Section        6  _printf_x.o(.ARM.Collect$$_printf_percent$$0000000C)
    .ARM.Collect$$_printf_percent$$00000017  0x08100006   Section        4  _printf_percent_end.o(.ARM.Collect$$_printf_percent$$00000017)
    .ARM.Collect$$libshutdown$$00000000      0x0810000a   Section        2  libshutdown.o(.ARM.Collect$$libshutdown$$00000000)
    .ARM.Collect$$libshutdown$$00000002      0x0810000c   Section        0  libshutdown2.o(.ARM.Collect$$libshutdown$$00000002)
    .ARM.Collect$$libshutdown$$00000004      0x0810000c   Section        0  libshutdown2.o(.ARM.Collect$$libshutdown$$00000004)
    .ARM.Collect$$libshutdown$$00000006      0x0810000c   Section        0  libshutdown2.o(.ARM.Collect$$libshutdown$$00000006)
    .ARM.Collect$$libshutdown$$00000009      0x0810000c   Section        0  libshutdown2.o(.ARM.Collect$$libshutdown$$00000009)
    .ARM.Collect$$libshutdown$$0000000C      0x0810000c   Section        0  libshutdown2.o(.ARM.Collect$$libshutdown$$0000000C)
    .ARM.Collect$$libshutdown$$0000000E      0x0810000c   Section        0  libshutdown2.o(.ARM.Collect$$libshutdown$$0000000E)
    .ARM.Collect$$libshutdown$$00000011      0x0810000c   Section        0  libshutdown2.o(.ARM.Collect$$libshutdown$$00000011)
    .ARM.Collect$$libshutdown$$00000012      0x0810000c   Section        2  libshutdown2.o(.ARM.Collect$$libshutdown$$00000012)
    .ARM.Collect$$rtentry$$00000000          0x0810000e   Section        0  __rtentry.o(.ARM.Collect$$rtentry$$00000000)
    .ARM.Collect$$rtentry$$00000002          0x0810000e   Section        0  __rtentry2.o(.ARM.Collect$$rtentry$$00000002)
    .ARM.Collect$$rtentry$$00000004          0x0810000e   Section        6  __rtentry4.o(.ARM.Collect$$rtentry$$00000004)
    .ARM.Collect$$rtentry$$00000009          0x08100014   Section        0  __rtentry2.o(.ARM.Collect$$rtentry$$00000009)
    .ARM.Collect$$rtentry$$0000000A          0x08100014   Section        4  __rtentry2.o(.ARM.Collect$$rtentry$$0000000A)
    .ARM.Collect$$rtentry$$0000000C          0x08100018   Section        0  __rtentry2.o(.ARM.Collect$$rtentry$$0000000C)
    .ARM.Collect$$rtentry$$0000000D          0x08100018   Section        8  __rtentry2.o(.ARM.Collect$$rtentry$$0000000D)
    .ARM.Collect$$rtexit$$00000000           0x08100020   Section        2  rtexit.o(.ARM.Collect$$rtexit$$00000000)
    .ARM.Collect$$rtexit$$00000002           0x08100022   Section        0  rtexit2.o(.ARM.Collect$$rtexit$$00000002)
    .ARM.Collect$$rtexit$$00000003           0x08100022   Section        4  rtexit2.o(.ARM.Collect$$rtexit$$00000003)
    .ARM.Collect$$rtexit$$00000004           0x08100026   Section        6  rtexit2.o(.ARM.Collect$$rtexit$$00000004)
    .text                                    0x0810002c   Section        0  _printf_pad.o(.text)
    .text                                    0x0810007c   Section        0  _printf_hex_int.o(.text)
    .text                                    0x081000d4   Section        0  _printf_intcommon.o(.text)
    .text                                    0x08100188   Section        0  _printf_char_common.o(.text)
    _printf_input_char                       0x08100189   Thumb Code    10  _printf_char_common.o(.text)
    .text                                    0x081001b8   Section        0  _printf_char_file.o(.text)
    .text                                    0x081001dc   Section        0  exit.o(.text)
    i.BusFault_Handler                       0x081001ee   Section        0  stm32h7xx_it.o(i.BusFault_Handler)
    i.Cache_Enable                           0x081001f0   Section        0  sys.o(i.Cache_Enable)
    i.FMC_NORSRAM_Init                       0x08100278   Section        0  stm32h7xx_ll_fmc.o(i.FMC_NORSRAM_Init)
    i.FMC_NORSRAM_Timing_Init                0x081002f0   Section        0  stm32h7xx_ll_fmc.o(i.FMC_NORSRAM_Timing_Init)
    i.FMC_SDRAM_ProgramRefreshRate           0x0810034c   Section        0  stm32h7xx_ll_fmc.o(i.FMC_SDRAM_ProgramRefreshRate)
    i.FMC_SDRAM_Timing_Init                  0x08100358   Section        0  stm32h7xx_ll_fmc.o(i.FMC_SDRAM_Timing_Init)
    i.HAL_DMA_Abort_IT                       0x081003d8   Section        0  stm32h7xx_hal_dma.o(i.HAL_DMA_Abort_IT)
    i.HAL_GPIO_WritePin                      0x0810046c   Section        0  stm32h7xx_hal_gpio.o(i.HAL_GPIO_WritePin)
    i.HAL_IncTick                            0x08100478   Section        0  stm32h7xx_hal.o(i.HAL_IncTick)
    i.HAL_LTDC_ConfigLayer                   0x08100488   Section        0  stm32h7xx_hal_ltdc.o(i.HAL_LTDC_ConfigLayer)
    i.HAL_LTDC_Init                          0x081004dc   Section        0  stm32h7xx_hal_ltdc.o(i.HAL_LTDC_Init)
    i.HAL_LTDC_SetWindowPosition             0x081005d0   Section        0  stm32h7xx_hal_ltdc.o(i.HAL_LTDC_SetWindowPosition)
    i.HAL_MPU_Enable                         0x08100624   Section        0  stm32h7xx_hal_cortex.o(i.HAL_MPU_Enable)
    i.HAL_NVIC_EnableIRQ                     0x08100648   Section        0  stm32h7xx_hal_cortex.o(i.HAL_NVIC_EnableIRQ)
    i.HAL_NVIC_SetPriority                   0x08100664   Section        0  stm32h7xx_hal_cortex.o(i.HAL_NVIC_SetPriority)
    i.HAL_NVIC_SetPriorityGrouping           0x081006a4   Section        0  stm32h7xx_hal_cortex.o(i.HAL_NVIC_SetPriorityGrouping)
    i.HAL_RCCEx_GetD1SysClockFreq            0x081006c8   Section        0  stm32h7xx_hal_rcc_ex.o(i.HAL_RCCEx_GetD1SysClockFreq)
    i.HAL_RCCEx_GetD3PCLK1Freq               0x081006fc   Section        0  stm32h7xx_hal_rcc_ex.o(i.HAL_RCCEx_GetD3PCLK1Freq)
    i.HAL_RCCEx_GetPLL3ClockFreq             0x08100728   Section        0  stm32h7xx_hal_rcc_ex.o(i.HAL_RCCEx_GetPLL3ClockFreq)
    i.HAL_RCC_GetSysClockFreq                0x08100824   Section        0  stm32h7xx_hal_rcc.o(i.HAL_RCC_GetSysClockFreq)
    i.HAL_SDRAM_Init                         0x0810091c   Section        0  stm32h7xx_hal_sdram.o(i.HAL_SDRAM_Init)
    i.HAL_SDRAM_MspInit                      0x0810096c   Section        0  sdram.o(i.HAL_SDRAM_MspInit)
    i.HAL_SDRAM_SendCommand                  0x08100a5c   Section        0  stm32h7xx_hal_sdram.o(i.HAL_SDRAM_SendCommand)
    i.HAL_UART_Init                          0x08100a8a   Section        0  stm32h7xx_hal_uart.o(i.HAL_UART_Init)
    i.HAL_UART_TxCpltCallback                0x08100af4   Section        0  stm32h7xx_hal_uart.o(i.HAL_UART_TxCpltCallback)
    i.HardFault_Handler                      0x08100af6   Section        0  stm32h7xx_it.o(i.HardFault_Handler)
    i.LCD_Clear                              0x08100af8   Section        0  lcd.o(i.LCD_Clear)
    i.LCD_RD_DATA                            0x08100b40   Section        0  lcd.o(i.LCD_RD_DATA)
    i.LCD_SSD_BackLightSet                   0x08100b54   Section        0  lcd.o(i.LCD_SSD_BackLightSet)
    i.LCD_ShowChar                           0x08100ba8   Section        0  lcd.o(i.LCD_ShowChar)
    i.LCD_WR_REG                             0x08100c84   Section        0  lcd.o(i.LCD_WR_REG)
    i.LED_Init                               0x08100c9c   Section        0  led.o(i.LED_Init)
    i.LTDC_Clear                             0x08100ce8   Section        0  ltdc.o(i.LTDC_Clear)
    i.LTDC_Display_Dir                       0x08100d08   Section        0  ltdc.o(i.LTDC_Display_Dir)
    i.LTDC_Draw_Point                        0x08100d30   Section        0  ltdc.o(i.LTDC_Draw_Point)
    i.LTDC_Layer_Parameter_Config            0x08100d6c   Section        0  ltdc.o(i.LTDC_Layer_Parameter_Config)
    i.LTDC_PanelID_Read                      0x08100dc8   Section        0  ltdc.o(i.LTDC_PanelID_Read)
    i.PendSV_Handler                         0x08100e44   Section        0  stm32h7xx_it.o(i.PendSV_Handler)
    i.RCCEx_PLL2_Config                      0x08100e48   Section        0  stm32h7xx_hal_rcc_ex.o(i.RCCEx_PLL2_Config)
    RCCEx_PLL2_Config                        0x08100e49   Thumb Code   234  stm32h7xx_hal_rcc_ex.o(i.RCCEx_PLL2_Config)
    i.Stm32_Clock_Init                       0x08100f38   Section        0  sys.o(i.Stm32_Clock_Init)
    i.UART_EndRxTransfer                     0x08100fe0   Section        0  stm32h7xx_hal_uart.o(i.UART_EndRxTransfer)
    UART_EndRxTransfer                       0x08100fe1   Thumb Code    28  stm32h7xx_hal_uart.o(i.UART_EndRxTransfer)
    i.UART_Receive_IT                        0x08100ffc   Section        0  stm32h7xx_hal_uart.o(i.UART_Receive_IT)
    UART_Receive_IT                          0x08100ffd   Thumb Code   118  stm32h7xx_hal_uart.o(i.UART_Receive_IT)
    i.UART_WaitOnFlagUntilTimeout            0x08101072   Section        0  stm32h7xx_hal_uart.o(i.UART_WaitOnFlagUntilTimeout)
    i.USART1_IRQHandler                      0x081010d4   Section        0  usart.o(i.USART1_IRQHandler)
    i.UsageFault_Handler                     0x08101118   Section        0  stm32h7xx_it.o(i.UsageFault_Handler)
    i.__NVIC_SetPriority                     0x0810111a   Section        0  stm32h7xx_hal_cortex.o(i.__NVIC_SetPriority)
    __NVIC_SetPriority                       0x0810111b   Thumb Code    32  stm32h7xx_hal_cortex.o(i.__NVIC_SetPriority)
    i._is_digit                              0x0810113a   Section        0  __printf_wp.o(i._is_digit)
    i._sys_exit                              0x08101148   Section        0  usart.o(i._sys_exit)
    i.delay_init                             0x0810114c   Section        0  delay.o(i.delay_init)
    i.fputc                                  0x08101160   Section        0  usart.o(i.fputc)
    i.uart_init                              0x08101174   Section        0  usart.o(i.uart_init)
    x$fpl$fpinit                             0x081011ac   Section       10  fpinit.o(x$fpl$fpinit)
    $v0                                      0x081011ac   Number         0  fpinit.o(x$fpl$fpinit)
    .constdata                               0x081011b6   Section       16  system_stm32h7xx.o(.constdata)
    .constdata                               0x081011c6   Section       24  stm32h7xx_hal_uart.o(.constdata)
    UARTPrescTable                           0x081011c6   Data          24  stm32h7xx_hal_uart.o(.constdata)
    .constdata                               0x081011de   Section    18240  lcd.o(.constdata)
    .constdata                               0x0810591e   Section       40  _printf_hex_int.o(.constdata)
    uc_hextab                                0x0810591e   Data          20  _printf_hex_int.o(.constdata)
    lc_hextab                                0x08105932   Data          20  _printf_hex_int.o(.constdata)
    .data                                    0x24000000   Section        4  system_stm32h7xx.o(.data)
    .data                                    0x24000004   Section        4  system_stm32h7xx.o(.data)
    .data                                    0x24000008   Section        4  delay.o(.data)
    fac_us                                   0x24000008   Data           4  delay.o(.data)
    .data                                    0x2400000c   Section        4  usart.o(.data)
    .data                                    0x24000010   Section        4  usart.o(.data)
    .data                                    0x24000014   Section       12  stm32h7xx_hal.o(.data)
    uwTickFreq                               0x24000014   Data           1  stm32h7xx_hal.o(.data)
    uwTickPrio                               0x24000018   Data           4  stm32h7xx_hal.o(.data)
    uwTick                                   0x2400001c   Data           4  stm32h7xx_hal.o(.data)
    .data                                    0x24000020   Section        8  lcd.o(.data)
    .data                                    0x24000028   Section        8  ltdc.o(.data)
    .bss                                     0x24000030   Section      328  usart.o(.bss)
    .bss                                     0x24000178   Section       52  sdram.o(.bss)
    .bss                                     0x240001ac   Section       90  lcd.o(.bss)
    .bss                                     0x24000208   Section      200  ltdc.o(.bss)
    .bss                                     0x240002d0   Section       96  libspace.o(.bss)
    HEAP                                     0x24000330   Section      512  startup_stm32h743xx.o(HEAP)
    Heap_Mem                                 0x24000330   Data         512  startup_stm32h743xx.o(HEAP)
    STACK                                    0x24000530   Section     1024  startup_stm32h743xx.o(STACK)
    Stack_Mem                                0x24000530   Data        1024  startup_stm32h743xx.o(STACK)
    __initial_sp                             0x24000930   Data           0  startup_stm32h743xx.o(STACK)
    .ARM.__AT_0xC0000000                     0xc0000000   Section    2048000  ltdc.o(.ARM.__AT_0xC0000000)

    Global Symbols

    Symbol Name                              Value     Ov Type        Size  Object(Section)

    BuildAttributes$$THM_ISAv4$E$P$D$K$B$S$7EM$VFPv5_D16$PE$PLD8$A:L22UL41UL21$X:L11$S22US41US21$IEEE1$IW$USESV6$~STKCKD$USESV7$~SHL$OSPACE$ROPI$EBA8$UX$STANDARDLIB$REQ8$PRES8$EABIv2 0x00000000   Number         0  anon$$obj.o ABSOLUTE
    __ARM_use_no_argv                        0x00000000   Number         0  main.o ABSOLUTE
    _printf_flags                            0x00000000   Number         0  printf_stubs.o ABSOLUTE
    _printf_return_value                     0x00000000   Number         0  printf_stubs.o ABSOLUTE
    _printf_sizespec                         0x00000000   Number         0  printf_stubs.o ABSOLUTE
    _printf_widthprec                        0x00000000   Number         0  printf_stubs.o ABSOLUTE
    __ARM_exceptions_init                     - Undefined Weak Reference
    __alloca_initialize                       - Undefined Weak Reference
    __arm_fini_                               - Undefined Weak Reference
    __arm_preinit_                            - Undefined Weak Reference
    __cpp_initialize__aeabi_                  - Undefined Weak Reference
    __cxa_finalize                            - Undefined Weak Reference
    __rt_locale                               - Undefined Weak Reference
    __sigvec_lookup                           - Undefined Weak Reference
    _atexit_init                              - Undefined Weak Reference
    _call_atexit_fns                          - Undefined Weak Reference
    _clock_init                               - Undefined Weak Reference
    _fp_trap_init                             - Undefined Weak Reference
    _fp_trap_shutdown                         - Undefined Weak Reference
    _get_lc_collate                           - Undefined Weak Reference
    _get_lc_ctype                             - Undefined Weak Reference
    _get_lc_monetary                          - Undefined Weak Reference
    _get_lc_numeric                           - Undefined Weak Reference
    _get_lc_time                              - Undefined Weak Reference
    _getenv_init                              - Undefined Weak Reference
    _handle_redirection                       - Undefined Weak Reference
    _init_alloc                               - Undefined Weak Reference
    _init_user_alloc                          - Undefined Weak Reference
    _initio                                   - Undefined Weak Reference
    _mutex_acquire                            - Undefined Weak Reference
    _mutex_release                            - Undefined Weak Reference
    _printf_truncate_unsigned                 - Undefined Weak Reference
    _rand_init                                - Undefined Weak Reference
    _signal_finish                            - Undefined Weak Reference
    _signal_init                              - Undefined Weak Reference
    _terminate_alloc                          - Undefined Weak Reference
    _terminate_user_alloc                     - Undefined Weak Reference
    _terminateio                              - Undefined Weak Reference
    __Vectors_Size                           0x00000298   Number         0  startup_stm32h743xx.o ABSOLUTE
    __Vectors                                0x08000000   Data           4  startup_stm32h743xx.o(RESET)
    __Vectors_End                            0x08000298   Data           0  startup_stm32h743xx.o(RESET)
    __main                                   0x08000299   Thumb Code     8  __main.o(!!!main)
    __scatterload                            0x080002a1   Thumb Code     0  __scatter.o(!!!scatter)
    __scatterload_rt2                        0x080002a1   Thumb Code    44  __scatter.o(!!!scatter)
    __scatterload_rt2_thumb_only             0x080002a1   Thumb Code     0  __scatter.o(!!!scatter)
    __scatterload_null                       0x080002af   Thumb Code     0  __scatter.o(!!!scatter)
    __scatterload_copy                       0x080002d5   Thumb Code    26  __scatter_copy.o(!!handler_copy)
    __scatterload_zeroinit                   0x080002f1   Thumb Code    28  __scatter_zi.o(!!handler_zi)
    __rt_lib_init                            0x0800030d   Thumb Code     0  libinit.o(.ARM.Collect$$libinit$$00000000)
    __rt_lib_init_fp_1                       0x0800030f   Thumb Code     0  libinit2.o(.ARM.Collect$$libinit$$00000001)
    __rt_lib_init_alloca_1                   0x08000313   Thumb Code     0  libinit2.o(.ARM.Collect$$libinit$$0000002E)
    __rt_lib_init_argv_1                     0x08000313   Thumb Code     0  libinit2.o(.ARM.Collect$$libinit$$0000002C)
    __rt_lib_init_atexit_1                   0x08000313   Thumb Code     0  libinit2.o(.ARM.Collect$$libinit$$0000001B)
    __rt_lib_init_clock_1                    0x08000313   Thumb Code     0  libinit2.o(.ARM.Collect$$libinit$$00000021)
    __rt_lib_init_cpp_1                      0x08000313   Thumb Code     0  libinit2.o(.ARM.Collect$$libinit$$00000032)
    __rt_lib_init_exceptions_1               0x08000313   Thumb Code     0  libinit2.o(.ARM.Collect$$libinit$$00000030)
    __rt_lib_init_fp_trap_1                  0x08000313   Thumb Code     0  libinit2.o(.ARM.Collect$$libinit$$0000001F)
    __rt_lib_init_getenv_1                   0x08000313   Thumb Code     0  libinit2.o(.ARM.Collect$$libinit$$00000023)
    __rt_lib_init_heap_1                     0x08000313   Thumb Code     0  libinit2.o(.ARM.Collect$$libinit$$0000000A)
    __rt_lib_init_lc_collate_1               0x08000313   Thumb Code     0  libinit2.o(.ARM.Collect$$libinit$$00000011)
    __rt_lib_init_lc_ctype_1                 0x08000313   Thumb Code     0  libinit2.o(.ARM.Collect$$libinit$$00000013)
    __rt_lib_init_lc_monetary_1              0x08000313   Thumb Code     0  libinit2.o(.ARM.Collect$$libinit$$00000015)
    __rt_lib_init_lc_numeric_1               0x08000313   Thumb Code     0  libinit2.o(.ARM.Collect$$libinit$$00000017)
    __rt_lib_init_lc_time_1                  0x08000313   Thumb Code     0  libinit2.o(.ARM.Collect$$libinit$$00000019)
    __rt_lib_init_preinit_1                  0x08000313   Thumb Code     0  libinit2.o(.ARM.Collect$$libinit$$00000004)
    __rt_lib_init_rand_1                     0x08000313   Thumb Code     0  libinit2.o(.ARM.Collect$$libinit$$0000000E)
    __rt_lib_init_return                     0x08000313   Thumb Code     0  libinit2.o(.ARM.Collect$$libinit$$00000033)
    __rt_lib_init_signal_1                   0x08000313   Thumb Code     0  libinit2.o(.ARM.Collect$$libinit$$0000001D)
    __rt_lib_init_stdio_1                    0x08000313   Thumb Code     0  libinit2.o(.ARM.Collect$$libinit$$00000025)
    __rt_lib_init_user_alloc_1               0x08000313   Thumb Code     0  libinit2.o(.ARM.Collect$$libinit$$0000000C)
    Reset_Handler                            0x08000315   Thumb Code     8  startup_stm32h743xx.o(.text)
    MemManage_Handler                        0x08000321   Thumb Code     2  startup_stm32h743xx.o(.text)
    ADC3_IRQHandler                          0x0800032f   Thumb Code     0  startup_stm32h743xx.o(.text)
    ADC_IRQHandler                           0x0800032f   Thumb Code     0  startup_stm32h743xx.o(.text)
    BDMA_Channel0_IRQHandler                 0x0800032f   Thumb Code     0  startup_stm32h743xx.o(.text)
    BDMA_Channel1_IRQHandler                 0x0800032f   Thumb Code     0  startup_stm32h743xx.o(.text)
    BDMA_Channel2_IRQHandler                 0x0800032f   Thumb Code     0  startup_stm32h743xx.o(.text)
    BDMA_Channel3_IRQHandler                 0x0800032f   Thumb Code     0  startup_stm32h743xx.o(.text)
    BDMA_Channel4_IRQHandler                 0x0800032f   Thumb Code     0  startup_stm32h743xx.o(.text)
    BDMA_Channel5_IRQHandler                 0x0800032f   Thumb Code     0  startup_stm32h743xx.o(.text)
    BDMA_Channel6_IRQHandler                 0x0800032f   Thumb Code     0  startup_stm32h743xx.o(.text)
    BDMA_Channel7_IRQHandler                 0x0800032f   Thumb Code     0  startup_stm32h743xx.o(.text)
    CEC_IRQHandler                           0x0800032f   Thumb Code     0  startup_stm32h743xx.o(.text)
    COMP1_IRQHandler                         0x0800032f   Thumb Code     0  startup_stm32h743xx.o(.text)
    CRS_IRQHandler                           0x0800032f   Thumb Code     0  startup_stm32h743xx.o(.text)
    DCMI_IRQHandler                          0x0800032f   Thumb Code     0  startup_stm32h743xx.o(.text)
    DFSDM1_FLT0_IRQHandler                   0x0800032f   Thumb Code     0  startup_stm32h743xx.o(.text)
    DFSDM1_FLT1_IRQHandler                   0x0800032f   Thumb Code     0  startup_stm32h743xx.o(.text)
    DFSDM1_FLT2_IRQHandler                   0x0800032f   Thumb Code     0  startup_stm32h743xx.o(.text)
    DFSDM1_FLT3_IRQHandler                   0x0800032f   Thumb Code     0  startup_stm32h743xx.o(.text)
    DMA1_Stream0_IRQHandler                  0x0800032f   Thumb Code     0  startup_stm32h743xx.o(.text)
    DMA1_Stream1_IRQHandler                  0x0800032f   Thumb Code     0  startup_stm32h743xx.o(.text)
    DMA1_Stream2_IRQHandler                  0x0800032f   Thumb Code     0  startup_stm32h743xx.o(.text)
    DMA1_Stream3_IRQHandler                  0x0800032f   Thumb Code     0  startup_stm32h743xx.o(.text)
    DMA1_Stream4_IRQHandler                  0x0800032f   Thumb Code     0  startup_stm32h743xx.o(.text)
    DMA1_Stream5_IRQHandler                  0x0800032f   Thumb Code     0  startup_stm32h743xx.o(.text)
    DMA1_Stream6_IRQHandler                  0x0800032f   Thumb Code     0  startup_stm32h743xx.o(.text)
    DMA1_Stream7_IRQHandler                  0x0800032f   Thumb Code     0  startup_stm32h743xx.o(.text)
    DMA2D_IRQHandler                         0x0800032f   Thumb Code     0  startup_stm32h743xx.o(.text)
    DMA2_Stream0_IRQHandler                  0x0800032f   Thumb Code     0  startup_stm32h743xx.o(.text)
    DMA2_Stream1_IRQHandler                  0x0800032f   Thumb Code     0  startup_stm32h743xx.o(.text)
    DMA2_Stream2_IRQHandler                  0x0800032f   Thumb Code     0  startup_stm32h743xx.o(.text)
    DMA2_Stream3_IRQHandler                  0x0800032f   Thumb Code     0  startup_stm32h743xx.o(.text)
    DMA2_Stream4_IRQHandler                  0x0800032f   Thumb Code     0  startup_stm32h743xx.o(.text)
    DMA2_Stream5_IRQHandler                  0x0800032f   Thumb Code     0  startup_stm32h743xx.o(.text)
    DMA2_Stream6_IRQHandler                  0x0800032f   Thumb Code     0  startup_stm32h743xx.o(.text)
    DMA2_Stream7_IRQHandler                  0x0800032f   Thumb Code     0  startup_stm32h743xx.o(.text)
    DMAMUX1_OVR_IRQHandler                   0x0800032f   Thumb Code     0  startup_stm32h743xx.o(.text)
    DMAMUX2_OVR_IRQHandler                   0x0800032f   Thumb Code     0  startup_stm32h743xx.o(.text)
    ETH_IRQHandler                           0x0800032f   Thumb Code     0  startup_stm32h743xx.o(.text)
    ETH_WKUP_IRQHandler                      0x0800032f   Thumb Code     0  startup_stm32h743xx.o(.text)
    EXTI0_IRQHandler                         0x0800032f   Thumb Code     0  startup_stm32h743xx.o(.text)
    EXTI15_10_IRQHandler                     0x0800032f   Thumb Code     0  startup_stm32h743xx.o(.text)
    EXTI1_IRQHandler                         0x0800032f   Thumb Code     0  startup_stm32h743xx.o(.text)
    EXTI2_IRQHandler                         0x0800032f   Thumb Code     0  startup_stm32h743xx.o(.text)
    EXTI3_IRQHandler                         0x0800032f   Thumb Code     0  startup_stm32h743xx.o(.text)
    EXTI4_IRQHandler                         0x0800032f   Thumb Code     0  startup_stm32h743xx.o(.text)
    EXTI9_5_IRQHandler                       0x0800032f   Thumb Code     0  startup_stm32h743xx.o(.text)
    FDCAN1_IT0_IRQHandler                    0x0800032f   Thumb Code     0  startup_stm32h743xx.o(.text)
    FDCAN1_IT1_IRQHandler                    0x0800032f   Thumb Code     0  startup_stm32h743xx.o(.text)
    FDCAN2_IT0_IRQHandler                    0x0800032f   Thumb Code     0  startup_stm32h743xx.o(.text)
    FDCAN2_IT1_IRQHandler                    0x0800032f   Thumb Code     0  startup_stm32h743xx.o(.text)
    FDCAN_CAL_IRQHandler                     0x0800032f   Thumb Code     0  startup_stm32h743xx.o(.text)
    FLASH_IRQHandler                         0x0800032f   Thumb Code     0  startup_stm32h743xx.o(.text)
    FMC_IRQHandler                           0x0800032f   Thumb Code     0  startup_stm32h743xx.o(.text)
    FPU_IRQHandler                           0x0800032f   Thumb Code     0  startup_stm32h743xx.o(.text)
    HRTIM1_FLT_IRQHandler                    0x0800032f   Thumb Code     0  startup_stm32h743xx.o(.text)
    HRTIM1_Master_IRQHandler                 0x0800032f   Thumb Code     0  startup_stm32h743xx.o(.text)
    HRTIM1_TIMA_IRQHandler                   0x0800032f   Thumb Code     0  startup_stm32h743xx.o(.text)
    HRTIM1_TIMB_IRQHandler                   0x0800032f   Thumb Code     0  startup_stm32h743xx.o(.text)
    HRTIM1_TIMC_IRQHandler                   0x0800032f   Thumb Code     0  startup_stm32h743xx.o(.text)
    HRTIM1_TIMD_IRQHandler                   0x0800032f   Thumb Code     0  startup_stm32h743xx.o(.text)
    HRTIM1_TIME_IRQHandler                   0x0800032f   Thumb Code     0  startup_stm32h743xx.o(.text)
    HSEM1_IRQHandler                         0x0800032f   Thumb Code     0  startup_stm32h743xx.o(.text)
    I2C1_ER_IRQHandler                       0x0800032f   Thumb Code     0  startup_stm32h743xx.o(.text)
    I2C1_EV_IRQHandler                       0x0800032f   Thumb Code     0  startup_stm32h743xx.o(.text)
    I2C2_ER_IRQHandler                       0x0800032f   Thumb Code     0  startup_stm32h743xx.o(.text)
    I2C2_EV_IRQHandler                       0x0800032f   Thumb Code     0  startup_stm32h743xx.o(.text)
    I2C3_ER_IRQHandler                       0x0800032f   Thumb Code     0  startup_stm32h743xx.o(.text)
    I2C3_EV_IRQHandler                       0x0800032f   Thumb Code     0  startup_stm32h743xx.o(.text)
    I2C4_ER_IRQHandler                       0x0800032f   Thumb Code     0  startup_stm32h743xx.o(.text)
    I2C4_EV_IRQHandler                       0x0800032f   Thumb Code     0  startup_stm32h743xx.o(.text)
    JPEG_IRQHandler                          0x0800032f   Thumb Code     0  startup_stm32h743xx.o(.text)
    LPTIM1_IRQHandler                        0x0800032f   Thumb Code     0  startup_stm32h743xx.o(.text)
    LPTIM2_IRQHandler                        0x0800032f   Thumb Code     0  startup_stm32h743xx.o(.text)
    LPTIM3_IRQHandler                        0x0800032f   Thumb Code     0  startup_stm32h743xx.o(.text)
    LPTIM4_IRQHandler                        0x0800032f   Thumb Code     0  startup_stm32h743xx.o(.text)
    LPTIM5_IRQHandler                        0x0800032f   Thumb Code     0  startup_stm32h743xx.o(.text)
    LPUART1_IRQHandler                       0x0800032f   Thumb Code     0  startup_stm32h743xx.o(.text)
    LTDC_ER_IRQHandler                       0x0800032f   Thumb Code     0  startup_stm32h743xx.o(.text)
    LTDC_IRQHandler                          0x0800032f   Thumb Code     0  startup_stm32h743xx.o(.text)
    MDIOS_IRQHandler                         0x0800032f   Thumb Code     0  startup_stm32h743xx.o(.text)
    MDIOS_WKUP_IRQHandler                    0x0800032f   Thumb Code     0  startup_stm32h743xx.o(.text)
    MDMA_IRQHandler                          0x0800032f   Thumb Code     0  startup_stm32h743xx.o(.text)
    OTG_FS_EP1_IN_IRQHandler                 0x0800032f   Thumb Code     0  startup_stm32h743xx.o(.text)
    OTG_FS_EP1_OUT_IRQHandler                0x0800032f   Thumb Code     0  startup_stm32h743xx.o(.text)
    OTG_FS_IRQHandler                        0x0800032f   Thumb Code     0  startup_stm32h743xx.o(.text)
    OTG_FS_WKUP_IRQHandler                   0x0800032f   Thumb Code     0  startup_stm32h743xx.o(.text)
    OTG_HS_EP1_IN_IRQHandler                 0x0800032f   Thumb Code     0  startup_stm32h743xx.o(.text)
    OTG_HS_EP1_OUT_IRQHandler                0x0800032f   Thumb Code     0  startup_stm32h743xx.o(.text)
    OTG_HS_IRQHandler                        0x0800032f   Thumb Code     0  startup_stm32h743xx.o(.text)
    OTG_HS_WKUP_IRQHandler                   0x0800032f   Thumb Code     0  startup_stm32h743xx.o(.text)
    PVD_AVD_IRQHandler                       0x0800032f   Thumb Code     0  startup_stm32h743xx.o(.text)
    QUADSPI_IRQHandler                       0x0800032f   Thumb Code     0  startup_stm32h743xx.o(.text)
    RCC_IRQHandler                           0x0800032f   Thumb Code     0  startup_stm32h743xx.o(.text)
    RNG_IRQHandler                           0x0800032f   Thumb Code     0  startup_stm32h743xx.o(.text)
    RTC_Alarm_IRQHandler                     0x0800032f   Thumb Code     0  startup_stm32h743xx.o(.text)
    RTC_WKUP_IRQHandler                      0x0800032f   Thumb Code     0  startup_stm32h743xx.o(.text)
    SAI1_IRQHandler                          0x0800032f   Thumb Code     0  startup_stm32h743xx.o(.text)
    SAI2_IRQHandler                          0x0800032f   Thumb Code     0  startup_stm32h743xx.o(.text)
    SAI3_IRQHandler                          0x0800032f   Thumb Code     0  startup_stm32h743xx.o(.text)
    SAI4_IRQHandler                          0x0800032f   Thumb Code     0  startup_stm32h743xx.o(.text)
    SDMMC1_IRQHandler                        0x0800032f   Thumb Code     0  startup_stm32h743xx.o(.text)
    SDMMC2_IRQHandler                        0x0800032f   Thumb Code     0  startup_stm32h743xx.o(.text)
    SPDIF_RX_IRQHandler                      0x0800032f   Thumb Code     0  startup_stm32h743xx.o(.text)
    SPI1_IRQHandler                          0x0800032f   Thumb Code     0  startup_stm32h743xx.o(.text)
    SPI2_IRQHandler                          0x0800032f   Thumb Code     0  startup_stm32h743xx.o(.text)
    SPI3_IRQHandler                          0x0800032f   Thumb Code     0  startup_stm32h743xx.o(.text)
    SPI4_IRQHandler                          0x0800032f   Thumb Code     0  startup_stm32h743xx.o(.text)
    SPI5_IRQHandler                          0x0800032f   Thumb Code     0  startup_stm32h743xx.o(.text)
    SPI6_IRQHandler                          0x0800032f   Thumb Code     0  startup_stm32h743xx.o(.text)
    SWPMI1_IRQHandler                        0x0800032f   Thumb Code     0  startup_stm32h743xx.o(.text)
    TAMP_STAMP_IRQHandler                    0x0800032f   Thumb Code     0  startup_stm32h743xx.o(.text)
    TIM15_IRQHandler                         0x0800032f   Thumb Code     0  startup_stm32h743xx.o(.text)
    TIM16_IRQHandler                         0x0800032f   Thumb Code     0  startup_stm32h743xx.o(.text)
    TIM17_IRQHandler                         0x0800032f   Thumb Code     0  startup_stm32h743xx.o(.text)
    TIM1_BRK_IRQHandler                      0x0800032f   Thumb Code     0  startup_stm32h743xx.o(.text)
    TIM1_CC_IRQHandler                       0x0800032f   Thumb Code     0  startup_stm32h743xx.o(.text)
    TIM1_TRG_COM_IRQHandler                  0x0800032f   Thumb Code     0  startup_stm32h743xx.o(.text)
    TIM1_UP_IRQHandler                       0x0800032f   Thumb Code     0  startup_stm32h743xx.o(.text)
    TIM2_IRQHandler                          0x0800032f   Thumb Code     0  startup_stm32h743xx.o(.text)
    TIM3_IRQHandler                          0x0800032f   Thumb Code     0  startup_stm32h743xx.o(.text)
    TIM4_IRQHandler                          0x0800032f   Thumb Code     0  startup_stm32h743xx.o(.text)
    TIM5_IRQHandler                          0x0800032f   Thumb Code     0  startup_stm32h743xx.o(.text)
    TIM6_DAC_IRQHandler                      0x0800032f   Thumb Code     0  startup_stm32h743xx.o(.text)
    TIM7_IRQHandler                          0x0800032f   Thumb Code     0  startup_stm32h743xx.o(.text)
    TIM8_BRK_TIM12_IRQHandler                0x0800032f   Thumb Code     0  startup_stm32h743xx.o(.text)
    TIM8_CC_IRQHandler                       0x0800032f   Thumb Code     0  startup_stm32h743xx.o(.text)
    TIM8_TRG_COM_TIM14_IRQHandler            0x0800032f   Thumb Code     0  startup_stm32h743xx.o(.text)
    TIM8_UP_TIM13_IRQHandler                 0x0800032f   Thumb Code     0  startup_stm32h743xx.o(.text)
    UART4_IRQHandler                         0x0800032f   Thumb Code     0  startup_stm32h743xx.o(.text)
    UART5_IRQHandler                         0x0800032f   Thumb Code     0  startup_stm32h743xx.o(.text)
    UART7_IRQHandler                         0x0800032f   Thumb Code     0  startup_stm32h743xx.o(.text)
    UART8_IRQHandler                         0x0800032f   Thumb Code     0  startup_stm32h743xx.o(.text)
    USART2_IRQHandler                        0x0800032f   Thumb Code     0  startup_stm32h743xx.o(.text)
    USART3_IRQHandler                        0x0800032f   Thumb Code     0  startup_stm32h743xx.o(.text)
    USART6_IRQHandler                        0x0800032f   Thumb Code     0  startup_stm32h743xx.o(.text)
    WAKEUP_PIN_IRQHandler                    0x0800032f   Thumb Code     0  startup_stm32h743xx.o(.text)
    WWDG_IRQHandler                          0x0800032f   Thumb Code     0  startup_stm32h743xx.o(.text)
    __user_initial_stackheap                 0x08000331   Thumb Code     0  startup_stm32h743xx.o(.text)
    __aeabi_uldivmod                         0x08000355   Thumb Code     0  lludivv7m.o(.text)
    _ll_udiv                                 0x08000355   Thumb Code   238  lludivv7m.o(.text)
    __2printf                                0x08000445   Thumb Code    20  noretval__2printf.o(.text)
    __2sprintf                               0x0800045d   Thumb Code    34  noretval__2sprintf.o(.text)
    __printf                                 0x08000485   Thumb Code   308  __printf_flags_wp.o(.text)
    __aeabi_memcpy4                          0x080005bd   Thumb Code     0  rt_memcpy_w.o(.text)
    __aeabi_memcpy8                          0x080005bd   Thumb Code     0  rt_memcpy_w.o(.text)
    __rt_memcpy_w                            0x080005bd   Thumb Code   100  rt_memcpy_w.o(.text)
    _memcpy_lastbytes_aligned                0x08000605   Thumb Code     0  rt_memcpy_w.o(.text)
    __use_two_region_memory                  0x08000621   Thumb Code     2  heapauxi.o(.text)
    __rt_heap_escrow$2region                 0x08000623   Thumb Code     2  heapauxi.o(.text)
    __rt_heap_expand$2region                 0x08000625   Thumb Code     2  heapauxi.o(.text)
    _sputc                                   0x08000627   Thumb Code    10  _sputc.o(.text)
    ferror                                   0x08000631   Thumb Code     8  ferror.o(.text)
    __user_setup_stackheap                   0x08000639   Thumb Code    74  sys_stackheap_outer.o(.text)
    __user_libspace                          0x08000685   Thumb Code     8  libspace.o(.text)
    __user_perproc_libspace                  0x08000685   Thumb Code     0  libspace.o(.text)
    __user_perthread_libspace                0x08000685   Thumb Code     0  libspace.o(.text)
    DebugMon_Handler                         0x0800068d   Thumb Code     2  stm32h7xx_it.o(i.DebugMon_Handler)
    FMC_NORSRAM_Extended_Timing_Init         0x08000691   Thumb Code    60  stm32h7xx_ll_fmc.o(i.FMC_NORSRAM_Extended_Timing_Init)
    FMC_SDRAM_Init                           0x080006d1   Thumb Code    80  stm32h7xx_ll_fmc.o(i.FMC_SDRAM_Init)
    FMC_SDRAM_SendCommand                    0x08000721   Thumb Code    34  stm32h7xx_ll_fmc.o(i.FMC_SDRAM_SendCommand)
    HAL_EnableCompensationCell               0x08000745   Thumb Code    12  stm32h7xx_hal.o(i.HAL_EnableCompensationCell)
    HAL_GPIO_Init                            0x08000755   Thumb Code   438  stm32h7xx_hal_gpio.o(i.HAL_GPIO_Init)
    HAL_GPIO_ReadPin                         0x0800093d   Thumb Code    10  stm32h7xx_hal_gpio.o(i.HAL_GPIO_ReadPin)
    HAL_GPIO_TogglePin                       0x08000947   Thumb Code     8  stm32h7xx_hal_gpio.o(i.HAL_GPIO_TogglePin)
    HAL_GetTick                              0x08000951   Thumb Code     6  stm32h7xx_hal.o(i.HAL_GetTick)
    HAL_Init                                 0x0800095d   Thumb Code    28  stm32h7xx_hal.o(i.HAL_Init)
    HAL_InitTick                             0x08000979   Thumb Code    54  stm32h7xx_hal.o(i.HAL_InitTick)
    HAL_LTDC_MspInit                         0x080009b9   Thumb Code   222  ltdc.o(i.HAL_LTDC_MspInit)
    HAL_LTDC_SetWindowSize                   0x08000ab1   Thumb Code    84  stm32h7xx_hal_ltdc.o(i.HAL_LTDC_SetWindowSize)
    HAL_MPU_ConfigRegion                     0x08000b05   Thumb Code    80  stm32h7xx_hal_cortex.o(i.HAL_MPU_ConfigRegion)
    HAL_MPU_Disable                          0x08000b59   Thumb Code    24  stm32h7xx_hal_cortex.o(i.HAL_MPU_Disable)
    HAL_MspInit                              0x08000b75   Thumb Code     2  stm32h7xx_hal_msp.o(i.HAL_MspInit)
    HAL_RCCEx_GetPLL2ClockFreq               0x08000b79   Thumb Code   220  stm32h7xx_hal_rcc_ex.o(i.HAL_RCCEx_GetPLL2ClockFreq)
    HAL_RCCEx_PeriphCLKConfig                0x08000c75   Thumb Code  2220  stm32h7xx_hal_rcc_ex.o(i.HAL_RCCEx_PeriphCLKConfig)
    HAL_RCC_ClockConfig                      0x08001525   Thumb Code   450  stm32h7xx_hal_rcc.o(i.HAL_RCC_ClockConfig)
    HAL_RCC_GetHCLKFreq                      0x080016fd   Thumb Code    38  stm32h7xx_hal_rcc.o(i.HAL_RCC_GetHCLKFreq)
    HAL_RCC_GetPCLK1Freq                     0x08001731   Thumb Code    34  stm32h7xx_hal_rcc.o(i.HAL_RCC_GetPCLK1Freq)
    HAL_RCC_GetPCLK2Freq                     0x0800175d   Thumb Code    36  stm32h7xx_hal_rcc.o(i.HAL_RCC_GetPCLK2Freq)
    HAL_RCC_OscConfig                        0x08001789   Thumb Code  1180  stm32h7xx_hal_rcc.o(i.HAL_RCC_OscConfig)
    HAL_SDRAM_ProgramRefreshRate             0x08001c25   Thumb Code    34  stm32h7xx_hal_sdram.o(i.HAL_SDRAM_ProgramRefreshRate)
    HAL_SRAM_Init                            0x08001c49   Thumb Code    96  stm32h7xx_hal_sram.o(i.HAL_SRAM_Init)
    HAL_SRAM_MspInit                         0x08001cad   Thumb Code   106  lcd.o(i.HAL_SRAM_MspInit)
    HAL_SYSTICK_CLKSourceConfig              0x08001d25   Thumb Code    24  stm32h7xx_hal_cortex.o(i.HAL_SYSTICK_CLKSourceConfig)
    HAL_SYSTICK_Config                       0x08001d3d   Thumb Code    40  stm32h7xx_hal_cortex.o(i.HAL_SYSTICK_Config)
    HAL_UARTEx_WakeupCallback                0x08001d65   Thumb Code     2  stm32h7xx_hal_uart_ex.o(i.HAL_UARTEx_WakeupCallback)
    HAL_UART_ErrorCallback                   0x08001d67   Thumb Code     2  stm32h7xx_hal_uart.o(i.HAL_UART_ErrorCallback)
    HAL_UART_GetState                        0x08001d69   Thumb Code    12  stm32h7xx_hal_uart.o(i.HAL_UART_GetState)
    HAL_UART_IRQHandler                      0x08001d75   Thumb Code   374  stm32h7xx_hal_uart.o(i.HAL_UART_IRQHandler)
    HAL_UART_MspInit                         0x08001ef5   Thumb Code   114  usart.o(i.HAL_UART_MspInit)
    HAL_UART_Receive_IT                      0x08001f75   Thumb Code   166  stm32h7xx_hal_uart.o(i.HAL_UART_Receive_IT)
    HAL_UART_RxCpltCallback                  0x0800201d   Thumb Code    76  usart.o(i.HAL_UART_RxCpltCallback)
    KEY_Init                                 0x08002075   Thumb Code   110  key.o(i.KEY_Init)
    LCD_Display_Dir                          0x080020f5   Thumb Code   234  lcd.o(i.LCD_Display_Dir)
    LCD_Fast_DrawPoint                       0x080021e9   Thumb Code   238  lcd.o(i.LCD_Fast_DrawPoint)
    LCD_Init                                 0x080022e5   Thumb Code  9108  lcd.o(i.LCD_Init)
    LCD_MPU_Config                           0x08004689   Thumb Code    74  lcd.o(i.LCD_MPU_Config)
    LCD_Scan_Dir                             0x080046d5   Thumb Code   434  lcd.o(i.LCD_Scan_Dir)
    LCD_SetCursor                            0x0800488d   Thumb Code   254  lcd.o(i.LCD_SetCursor)
    LCD_ShowString                           0x08004991   Thumb Code    84  lcd.o(i.LCD_ShowString)
    LCD_WR_DATA                              0x080049e5   Thumb Code    20  lcd.o(i.LCD_WR_DATA)
    LCD_WriteRAM_Prepare                     0x080049fd   Thumb Code    10  lcd.o(i.LCD_WriteRAM_Prepare)
    LCD_WriteReg                             0x08004a11   Thumb Code    10  lcd.o(i.LCD_WriteReg)
    LTDC_Clk_Set                             0x08004a21   Thumb Code    38  ltdc.o(i.LTDC_Clk_Set)
    LTDC_Fill                                0x08004a49   Thumb Code   156  ltdc.o(i.LTDC_Fill)
    LTDC_Init                                0x08004af5   Thumb Code   746  ltdc.o(i.LTDC_Init)
    LTDC_Layer_Window_Config                 0x08004df9   Thumb Code    32  ltdc.o(i.LTDC_Layer_Window_Config)
    NMI_Handler                              0x08004f7f   Thumb Code     2  stm32h7xx_it.o(i.NMI_Handler)
    SDRAM_Init                               0x08005071   Thumb Code    82  sdram.o(i.SDRAM_Init)
    SDRAM_Initialization_Sequence            0x080050cd   Thumb Code    74  sdram.o(i.SDRAM_Initialization_Sequence)
    SDRAM_Send_Cmd                           0x0800511d   Thumb Code    48  sdram.o(i.SDRAM_Send_Cmd)
    SVC_Handler                              0x08005151   Thumb Code     2  stm32h7xx_it.o(i.SVC_Handler)
    SysTick_Handler                          0x08005153   Thumb Code     4  stm32h7xx_it.o(i.SysTick_Handler)
    SystemInit                               0x08005159   Thumb Code   116  system_stm32h7xx.o(i.SystemInit)
    UART_AdvFeatureConfig                    0x080051dd   Thumb Code   200  stm32h7xx_hal_uart.o(i.UART_AdvFeatureConfig)
    UART_CheckIdleState                      0x080052a5   Thumb Code    92  stm32h7xx_hal_uart.o(i.UART_CheckIdleState)
    UART_SetConfig                           0x08005315   Thumb Code  1186  stm32h7xx_hal_uart.o(i.UART_SetConfig)
    delay_ms                                 0x08005831   Thumb Code    26  delay.o(i.delay_ms)
    delay_us                                 0x0800584d   Thumb Code    48  delay.o(i.delay_us)
    main                                     0x08005881   Thumb Code   244  main.o(i.main)
    Region$$Table$$Base                      0x080059bc   Number         0  anon$$obj.o(Region$$Table)
    Region$$Table$$Limit                     0x080059dc   Number         0  anon$$obj.o(Region$$Table)
    _printf_percent                          0x08100001   Thumb Code     0  _printf_percent.o(.ARM.Collect$$_printf_percent$$00000000)
    _printf_x                                0x08100001   Thumb Code     0  _printf_x.o(.ARM.Collect$$_printf_percent$$0000000C)
    _printf_percent_end                      0x08100007   Thumb Code     0  _printf_percent_end.o(.ARM.Collect$$_printf_percent$$00000017)
    __rt_lib_shutdown                        0x0810000b   Thumb Code     0  libshutdown.o(.ARM.Collect$$libshutdown$$00000000)
    __rt_lib_shutdown_cpp_1                  0x0810000d   Thumb Code     0  libshutdown2.o(.ARM.Collect$$libshutdown$$00000004)
    __rt_lib_shutdown_fini_1                 0x0810000d   Thumb Code     0  libshutdown2.o(.ARM.Collect$$libshutdown$$00000002)
    __rt_lib_shutdown_fp_trap_1              0x0810000d   Thumb Code     0  libshutdown2.o(.ARM.Collect$$libshutdown$$00000009)
    __rt_lib_shutdown_heap_1                 0x0810000d   Thumb Code     0  libshutdown2.o(.ARM.Collect$$libshutdown$$00000011)
    __rt_lib_shutdown_return                 0x0810000d   Thumb Code     0  libshutdown2.o(.ARM.Collect$$libshutdown$$00000012)
    __rt_lib_shutdown_signal_1               0x0810000d   Thumb Code     0  libshutdown2.o(.ARM.Collect$$libshutdown$$0000000C)
    __rt_lib_shutdown_stdio_1                0x0810000d   Thumb Code     0  libshutdown2.o(.ARM.Collect$$libshutdown$$00000006)
    __rt_lib_shutdown_user_alloc_1           0x0810000d   Thumb Code     0  libshutdown2.o(.ARM.Collect$$libshutdown$$0000000E)
    __rt_entry                               0x0810000f   Thumb Code     0  __rtentry.o(.ARM.Collect$$rtentry$$00000000)
    __rt_entry_presh_1                       0x0810000f   Thumb Code     0  __rtentry2.o(.ARM.Collect$$rtentry$$00000002)
    __rt_entry_sh                            0x0810000f   Thumb Code     0  __rtentry4.o(.ARM.Collect$$rtentry$$00000004)
    __rt_entry_li                            0x08100015   Thumb Code     0  __rtentry2.o(.ARM.Collect$$rtentry$$0000000A)
    __rt_entry_postsh_1                      0x08100015   Thumb Code     0  __rtentry2.o(.ARM.Collect$$rtentry$$00000009)
    __rt_entry_main                          0x08100019   Thumb Code     0  __rtentry2.o(.ARM.Collect$$rtentry$$0000000D)
    __rt_entry_postli_1                      0x08100019   Thumb Code     0  __rtentry2.o(.ARM.Collect$$rtentry$$0000000C)
    __rt_exit                                0x08100021   Thumb Code     0  rtexit.o(.ARM.Collect$$rtexit$$00000000)
    __rt_exit_ls                             0x08100023   Thumb Code     0  rtexit2.o(.ARM.Collect$$rtexit$$00000003)
    __rt_exit_prels_1                        0x08100023   Thumb Code     0  rtexit2.o(.ARM.Collect$$rtexit$$00000002)
    __rt_exit_exit                           0x08100027   Thumb Code     0  rtexit2.o(.ARM.Collect$$rtexit$$00000004)
    _printf_pre_padding                      0x0810002d   Thumb Code    44  _printf_pad.o(.text)
    _printf_post_padding                     0x08100059   Thumb Code    34  _printf_pad.o(.text)
    _printf_int_hex                          0x0810007d   Thumb Code    84  _printf_hex_int.o(.text)
    _printf_longlong_hex                     0x0810007d   Thumb Code     0  _printf_hex_int.o(.text)
    _printf_int_common                       0x081000d5   Thumb Code   178  _printf_intcommon.o(.text)
    _printf_char_common                      0x08100193   Thumb Code    32  _printf_char_common.o(.text)
    _printf_char_file                        0x081001b9   Thumb Code    32  _printf_char_file.o(.text)
    exit                                     0x081001dd   Thumb Code    18  exit.o(.text)
    BusFault_Handler                         0x081001ef   Thumb Code     2  stm32h7xx_it.o(i.BusFault_Handler)
    Cache_Enable                             0x081001f1   Thumb Code   126  sys.o(i.Cache_Enable)
    FMC_NORSRAM_Init                         0x08100279   Thumb Code   116  stm32h7xx_ll_fmc.o(i.FMC_NORSRAM_Init)
    FMC_NORSRAM_Timing_Init                  0x081002f1   Thumb Code    86  stm32h7xx_ll_fmc.o(i.FMC_NORSRAM_Timing_Init)
    FMC_SDRAM_ProgramRefreshRate             0x0810034d   Thumb Code    12  stm32h7xx_ll_fmc.o(i.FMC_SDRAM_ProgramRefreshRate)
    FMC_SDRAM_Timing_Init                    0x08100359   Thumb Code   124  stm32h7xx_ll_fmc.o(i.FMC_SDRAM_Timing_Init)
    HAL_DMA_Abort_IT                         0x081003d9   Thumb Code   138  stm32h7xx_hal_dma.o(i.HAL_DMA_Abort_IT)
    HAL_GPIO_WritePin                        0x0810046d   Thumb Code    10  stm32h7xx_hal_gpio.o(i.HAL_GPIO_WritePin)
    HAL_IncTick                              0x08100479   Thumb Code    12  stm32h7xx_hal.o(i.HAL_IncTick)
    HAL_LTDC_ConfigLayer                     0x08100489   Thumb Code    82  stm32h7xx_hal_ltdc.o(i.HAL_LTDC_ConfigLayer)
    HAL_LTDC_Init                            0x081004dd   Thumb Code   238  stm32h7xx_hal_ltdc.o(i.HAL_LTDC_Init)
    HAL_LTDC_SetWindowPosition               0x081005d1   Thumb Code    84  stm32h7xx_hal_ltdc.o(i.HAL_LTDC_SetWindowPosition)
    HAL_MPU_Enable                           0x08100625   Thumb Code    30  stm32h7xx_hal_cortex.o(i.HAL_MPU_Enable)
    HAL_NVIC_EnableIRQ                       0x08100649   Thumb Code    26  stm32h7xx_hal_cortex.o(i.HAL_NVIC_EnableIRQ)
    HAL_NVIC_SetPriority                     0x08100665   Thumb Code    60  stm32h7xx_hal_cortex.o(i.HAL_NVIC_SetPriority)
    HAL_NVIC_SetPriorityGrouping             0x081006a5   Thumb Code    26  stm32h7xx_hal_cortex.o(i.HAL_NVIC_SetPriorityGrouping)
    HAL_RCCEx_GetD1SysClockFreq              0x081006c9   Thumb Code    40  stm32h7xx_hal_rcc_ex.o(i.HAL_RCCEx_GetD1SysClockFreq)
    HAL_RCCEx_GetD3PCLK1Freq                 0x081006fd   Thumb Code    34  stm32h7xx_hal_rcc_ex.o(i.HAL_RCCEx_GetD3PCLK1Freq)
    HAL_RCCEx_GetPLL3ClockFreq               0x08100729   Thumb Code   220  stm32h7xx_hal_rcc_ex.o(i.HAL_RCCEx_GetPLL3ClockFreq)
    HAL_RCC_GetSysClockFreq                  0x08100825   Thumb Code   214  stm32h7xx_hal_rcc.o(i.HAL_RCC_GetSysClockFreq)
    HAL_SDRAM_Init                           0x0810091d   Thumb Code    76  stm32h7xx_hal_sdram.o(i.HAL_SDRAM_Init)
    HAL_SDRAM_MspInit                        0x0810096d   Thumb Code   214  sdram.o(i.HAL_SDRAM_MspInit)
    HAL_SDRAM_SendCommand                    0x08100a5d   Thumb Code    46  stm32h7xx_hal_sdram.o(i.HAL_SDRAM_SendCommand)
    HAL_UART_Init                            0x08100a8b   Thumb Code   106  stm32h7xx_hal_uart.o(i.HAL_UART_Init)
    HAL_UART_TxCpltCallback                  0x08100af5   Thumb Code     2  stm32h7xx_hal_uart.o(i.HAL_UART_TxCpltCallback)
    HardFault_Handler                        0x08100af7   Thumb Code     2  stm32h7xx_it.o(i.HardFault_Handler)
    LCD_Clear                                0x08100af9   Thumb Code    58  lcd.o(i.LCD_Clear)
    LCD_RD_DATA                              0x08100b41   Thumb Code    16  lcd.o(i.LCD_RD_DATA)
    LCD_SSD_BackLightSet                     0x08100b55   Thumb Code    74  lcd.o(i.LCD_SSD_BackLightSet)
    LCD_ShowChar                             0x08100ba9   Thumb Code   196  lcd.o(i.LCD_ShowChar)
    LCD_WR_REG                               0x08100c85   Thumb Code    20  lcd.o(i.LCD_WR_REG)
    LED_Init                                 0x08100c9d   Thumb Code    68  led.o(i.LED_Init)
    LTDC_Clear                               0x08100ce9   Thumb Code    28  ltdc.o(i.LTDC_Clear)
    LTDC_Display_Dir                         0x08100d09   Thumb Code    34  ltdc.o(i.LTDC_Display_Dir)
    LTDC_Draw_Point                          0x08100d31   Thumb Code    52  ltdc.o(i.LTDC_Draw_Point)
    LTDC_Layer_Parameter_Config              0x08100d6d   Thumb Code    86  ltdc.o(i.LTDC_Layer_Parameter_Config)
    LTDC_PanelID_Read                        0x08100dc9   Thumb Code   110  ltdc.o(i.LTDC_PanelID_Read)
    PendSV_Handler                           0x08100e45   Thumb Code     2  stm32h7xx_it.o(i.PendSV_Handler)
    Stm32_Clock_Init                         0x08100f39   Thumb Code   160  sys.o(i.Stm32_Clock_Init)
    UART_WaitOnFlagUntilTimeout              0x08101073   Thumb Code    98  stm32h7xx_hal_uart.o(i.UART_WaitOnFlagUntilTimeout)
    USART1_IRQHandler                        0x081010d5   Thumb Code    56  usart.o(i.USART1_IRQHandler)
    UsageFault_Handler                       0x08101119   Thumb Code     2  stm32h7xx_it.o(i.UsageFault_Handler)
    _is_digit                                0x0810113b   Thumb Code    14  __printf_wp.o(i._is_digit)
    _sys_exit                                0x08101149   Thumb Code     2  usart.o(i._sys_exit)
    delay_init                               0x0810114d   Thumb Code    16  delay.o(i.delay_init)
    fputc                                    0x08101161   Thumb Code    14  usart.o(i.fputc)
    uart_init                                0x08101175   Thumb Code    44  usart.o(i.uart_init)
    _fp_init                                 0x081011ad   Thumb Code    10  fpinit.o(x$fpl$fpinit)
    __fplib_config_fpu_vfp                   0x081011b5   Thumb Code     0  fpinit.o(x$fpl$fpinit)
    __fplib_config_pureend_doubles           0x081011b5   Thumb Code     0  fpinit.o(x$fpl$fpinit)
    D1CorePrescTable                         0x081011b6   Data          16  system_stm32h7xx.o(.constdata)
    asc2_1206                                0x081011de   Data        1140  lcd.o(.constdata)
    asc2_1608                                0x08101652   Data        1520  lcd.o(.constdata)
    asc2_2412                                0x08101c42   Data        3420  lcd.o(.constdata)
    asc2_3216                                0x0810299e   Data       12160  lcd.o(.constdata)
    SystemCoreClock                          0x24000000   Data           4  system_stm32h7xx.o(.data)
    SystemD2Clock                            0x24000004   Data           4  system_stm32h7xx.o(.data)
    aRxBuffer                                0x2400000c   Data           1  usart.o(.data)
    USART_RX_STA                             0x2400000e   Data           2  usart.o(.data)
    __stdout                                 0x24000010   Data           4  usart.o(.data)
    POINT_COLOR                              0x24000020   Data           4  lcd.o(.data)
    BACK_COLOR                               0x24000024   Data           4  lcd.o(.data)
    ltdc_framebuf                            0x24000028   Data           8  ltdc.o(.data)
    USART_RX_BUF                             0x24000030   Data         200  usart.o(.bss)
    UART1_Handler                            0x240000f8   Data         128  usart.o(.bss)
    SDRAM_Handler                            0x24000178   Data          52  sdram.o(.bss)
    SRAM_Handler                             0x240001ac   Data          76  lcd.o(.bss)
    lcddev                                   0x240001f8   Data          14  lcd.o(.bss)
    LTDC_Handler                             0x24000208   Data         168  ltdc.o(.bss)
    lcdltdc                                  0x240002b0   Data          32  ltdc.o(.bss)
    __libspace_start                         0x240002d0   Data          96  libspace.o(.bss)
    __temporary_stack_top$libspace           0x24000330   Data           0  libspace.o(.bss)
    ltdc_lcd_framebuf                        0xc0000000   Data       2048000  ltdc.o(.ARM.__AT_0xC0000000)



==============================================================================

Memory Map of the image

  Image Entry point : 0x08000299

  Load Region LR_IROM1 (Base: 0x08000000, Size: 0x00005a0c, Max: 0x00100000, ABSOLUTE)

    Execution Region ER_IROM1 (Exec base: 0x08000000, Load base: 0x08000000, Size: 0x000059dc, Max: 0x00100000, ABSOLUTE)

    Exec Addr    Load Addr    Size         Type   Attr      Idx    E Section Name        Object

    0x08000000   0x08000000   0x00000298   Data   RO          470    RESET               startup_stm32h743xx.o
    0x08000298   0x08000298   0x00000008   Code   RO         4913  * !!!main             c_w.l(__main.o)
    0x080002a0   0x080002a0   0x00000034   Code   RO         5095    !!!scatter          c_w.l(__scatter.o)
    0x080002d4   0x080002d4   0x0000001a   Code   RO         5097    !!handler_copy      c_w.l(__scatter_copy.o)
    0x080002ee   0x080002ee   0x00000002   PAD
    0x080002f0   0x080002f0   0x0000001c   Code   RO         5099    !!handler_zi        c_w.l(__scatter_zi.o)
    0x0800030c   0x0800030c   0x00000002   Code   RO         4965    .ARM.Collect$$libinit$$00000000  c_w.l(libinit.o)
    0x0800030e   0x0800030e   0x00000004   Code   RO         4977    .ARM.Collect$$libinit$$00000001  c_w.l(libinit2.o)
    0x08000312   0x08000312   0x00000000   Code   RO         4980    .ARM.Collect$$libinit$$00000004  c_w.l(libinit2.o)
    0x08000312   0x08000312   0x00000000   Code   RO         4983    .ARM.Collect$$libinit$$0000000A  c_w.l(libinit2.o)
    0x08000312   0x08000312   0x00000000   Code   RO         4985    .ARM.Collect$$libinit$$0000000C  c_w.l(libinit2.o)
    0x08000312   0x08000312   0x00000000   Code   RO         4987    .ARM.Collect$$libinit$$0000000E  c_w.l(libinit2.o)
    0x08000312   0x08000312   0x00000000   Code   RO         4990    .ARM.Collect$$libinit$$00000011  c_w.l(libinit2.o)
    0x08000312   0x08000312   0x00000000   Code   RO         4992    .ARM.Collect$$libinit$$00000013  c_w.l(libinit2.o)
    0x08000312   0x08000312   0x00000000   Code   RO         4994    .ARM.Collect$$libinit$$00000015  c_w.l(libinit2.o)
    0x08000312   0x08000312   0x00000000   Code   RO         4996    .ARM.Collect$$libinit$$00000017  c_w.l(libinit2.o)
    0x08000312   0x08000312   0x00000000   Code   RO         4998    .ARM.Collect$$libinit$$00000019  c_w.l(libinit2.o)
    0x08000312   0x08000312   0x00000000   Code   RO         5000    .ARM.Collect$$libinit$$0000001B  c_w.l(libinit2.o)
    0x08000312   0x08000312   0x00000000   Code   RO         5002    .ARM.Collect$$libinit$$0000001D  c_w.l(libinit2.o)
    0x08000312   0x08000312   0x00000000   Code   RO         5004    .ARM.Collect$$libinit$$0000001F  c_w.l(libinit2.o)
    0x08000312   0x08000312   0x00000000   Code   RO         5006    .ARM.Collect$$libinit$$00000021  c_w.l(libinit2.o)
    0x08000312   0x08000312   0x00000000   Code   RO         5008    .ARM.Collect$$libinit$$00000023  c_w.l(libinit2.o)
    0x08000312   0x08000312   0x00000000   Code   RO         5010    .ARM.Collect$$libinit$$00000025  c_w.l(libinit2.o)
    0x08000312   0x08000312   0x00000000   Code   RO         5014    .ARM.Collect$$libinit$$0000002C  c_w.l(libinit2.o)
    0x08000312   0x08000312   0x00000000   Code   RO         5016    .ARM.Collect$$libinit$$0000002E  c_w.l(libinit2.o)
    0x08000312   0x08000312   0x00000000   Code   RO         5018    .ARM.Collect$$libinit$$00000030  c_w.l(libinit2.o)
    0x08000312   0x08000312   0x00000000   Code   RO         5020    .ARM.Collect$$libinit$$00000032  c_w.l(libinit2.o)
    0x08000312   0x08000312   0x00000002   Code   RO         5021    .ARM.Collect$$libinit$$00000033  c_w.l(libinit2.o)
    0x08000314   0x08000314   0x00000040   Code   RO          471    .text               startup_stm32h743xx.o
    0x08000354   0x08000354   0x000000ee   Code   RO         4852    .text               c_w.l(lludivv7m.o)
    0x08000442   0x08000442   0x00000002   PAD
    0x08000444   0x08000444   0x00000018   Code   RO         4858    .text               c_w.l(noretval__2printf.o)
    0x0800045c   0x0800045c   0x00000028   Code   RO         4860    .text               c_w.l(noretval__2sprintf.o)
    0x08000484   0x08000484   0x00000138   Code   RO         4899    .text               c_w.l(__printf_flags_wp.o)
    0x080005bc   0x080005bc   0x00000064   Code   RO         4909    .text               c_w.l(rt_memcpy_w.o)
    0x08000620   0x08000620   0x00000006   Code   RO         4911    .text               c_w.l(heapauxi.o)
    0x08000626   0x08000626   0x0000000a   Code   RO         4924    .text               c_w.l(_sputc.o)
    0x08000630   0x08000630   0x00000008   Code   RO         4948    .text               c_w.l(ferror.o)
    0x08000638   0x08000638   0x0000004a   Code   RO         4952    .text               c_w.l(sys_stackheap_outer.o)
    0x08000682   0x08000682   0x00000002   PAD
    0x08000684   0x08000684   0x00000008   Code   RO         4966    .text               c_w.l(libspace.o)
    0x0800068c   0x0800068c   0x00000002   Code   RO          332    i.DebugMon_Handler  stm32h7xx_it.o
    0x0800068e   0x0800068e   0x00000002   PAD
    0x08000690   0x08000690   0x00000040   Code   RO         3691    i.FMC_NORSRAM_Extended_Timing_Init  stm32h7xx_ll_fmc.o
    0x080006d0   0x080006d0   0x00000050   Code   RO         3698    i.FMC_SDRAM_Init    stm32h7xx_ll_fmc.o
    0x08000720   0x08000720   0x00000022   Code   RO         3700    i.FMC_SDRAM_SendCommand  stm32h7xx_ll_fmc.o
    0x08000742   0x08000742   0x00000002   PAD
    0x08000744   0x08000744   0x00000010   Code   RO          648    i.HAL_EnableCompensationCell  stm32h7xx_hal.o
    0x08000754   0x08000754   0x000001e8   Code   RO         1277    i.HAL_GPIO_Init     stm32h7xx_hal_gpio.o
    0x0800093c   0x0800093c   0x0000000a   Code   RO         1279    i.HAL_GPIO_ReadPin  stm32h7xx_hal_gpio.o
    0x08000946   0x08000946   0x00000008   Code   RO         1280    i.HAL_GPIO_TogglePin  stm32h7xx_hal_gpio.o
    0x0800094e   0x0800094e   0x00000002   PAD
    0x08000950   0x08000950   0x0000000c   Code   RO          655    i.HAL_GetTick       stm32h7xx_hal.o
    0x0800095c   0x0800095c   0x0000001c   Code   RO          659    i.HAL_Init          stm32h7xx_hal.o
    0x08000978   0x08000978   0x00000040   Code   RO          660    i.HAL_InitTick      stm32h7xx_hal.o
    0x080009b8   0x080009b8   0x000000f8   Code   RO         4739    i.HAL_LTDC_MspInit  ltdc.o
    0x08000ab0   0x08000ab0   0x00000054   Code   RO         4146    i.HAL_LTDC_SetWindowSize  stm32h7xx_hal_ltdc.o
    0x08000b04   0x08000b04   0x00000054   Code   RO          947    i.HAL_MPU_ConfigRegion  stm32h7xx_hal_cortex.o
    0x08000b58   0x08000b58   0x0000001c   Code   RO          948    i.HAL_MPU_Disable   stm32h7xx_hal_cortex.o
    0x08000b74   0x08000b74   0x00000002   Code   RO          442    i.HAL_MspInit       stm32h7xx_hal_msp.o
    0x08000b76   0x08000b76   0x00000002   PAD
    0x08000b78   0x08000b78   0x000000fc   Code   RO         1965    i.HAL_RCCEx_GetPLL2ClockFreq  stm32h7xx_hal_rcc_ex.o
    0x08000c74   0x08000c74   0x000008b0   Code   RO         1970    i.HAL_RCCEx_PeriphCLKConfig  stm32h7xx_hal_rcc_ex.o
    0x08001524   0x08001524   0x000001d8   Code   RO         1855    i.HAL_RCC_ClockConfig  stm32h7xx_hal_rcc.o
    0x080016fc   0x080016fc   0x00000034   Code   RO         1859    i.HAL_RCC_GetHCLKFreq  stm32h7xx_hal_rcc.o
    0x08001730   0x08001730   0x0000002c   Code   RO         1861    i.HAL_RCC_GetPCLK1Freq  stm32h7xx_hal_rcc.o
    0x0800175c   0x0800175c   0x0000002c   Code   RO         1862    i.HAL_RCC_GetPCLK2Freq  stm32h7xx_hal_rcc.o
    0x08001788   0x08001788   0x0000049c   Code   RO         1866    i.HAL_RCC_OscConfig  stm32h7xx_hal_rcc.o
    0x08001c24   0x08001c24   0x00000022   Code   RO         3962    i.HAL_SDRAM_ProgramRefreshRate  stm32h7xx_hal_sdram.o
    0x08001c46   0x08001c46   0x00000002   PAD
    0x08001c48   0x08001c48   0x00000064   Code   RO         3837    i.HAL_SRAM_Init     stm32h7xx_hal_sram.o
    0x08001cac   0x08001cac   0x00000078   Code   RO         4514    i.HAL_SRAM_MspInit  lcd.o
    0x08001d24   0x08001d24   0x00000018   Code   RO          961    i.HAL_SYSTICK_CLKSourceConfig  stm32h7xx_hal_cortex.o
    0x08001d3c   0x08001d3c   0x00000028   Code   RO          963    i.HAL_SYSTICK_Config  stm32h7xx_hal_cortex.o
    0x08001d64   0x08001d64   0x00000002   Code   RO         2472    i.HAL_UARTEx_WakeupCallback  stm32h7xx_hal_uart_ex.o
    0x08001d66   0x08001d66   0x00000002   Code   RO         2138    i.HAL_UART_ErrorCallback  stm32h7xx_hal_uart.o
    0x08001d68   0x08001d68   0x0000000c   Code   RO         2140    i.HAL_UART_GetState  stm32h7xx_hal_uart.o
    0x08001d74   0x08001d74   0x00000180   Code   RO         2141    i.HAL_UART_IRQHandler  stm32h7xx_hal_uart.o
    0x08001ef4   0x08001ef4   0x00000080   Code   RO          566    i.HAL_UART_MspInit  usart.o
    0x08001f74   0x08001f74   0x000000a6   Code   RO         2147    i.HAL_UART_Receive_IT  stm32h7xx_hal_uart.o
    0x0800201a   0x0800201a   0x00000002   PAD
    0x0800201c   0x0800201c   0x00000058   Code   RO          567    i.HAL_UART_RxCpltCallback  usart.o
    0x08002074   0x08002074   0x00000080   Code   RO         4390    i.KEY_Init          key.o
    0x080020f4   0x080020f4   0x000000f4   Code   RO         4520    i.LCD_Display_Dir   lcd.o
    0x080021e8   0x080021e8   0x000000fc   Code   RO         4525    i.LCD_Fast_DrawPoint  lcd.o
    0x080022e4   0x080022e4   0x000023a4   Code   RO         4527    i.LCD_Init          lcd.o
    0x08004688   0x08004688   0x0000004a   Code   RO         4528    i.LCD_MPU_Config    lcd.o
    0x080046d2   0x080046d2   0x00000002   PAD
    0x080046d4   0x080046d4   0x000001b8   Code   RO         4534    i.LCD_Scan_Dir      lcd.o
    0x0800488c   0x0800488c   0x00000104   Code   RO         4535    i.LCD_SetCursor     lcd.o
    0x08004990   0x08004990   0x00000054   Code   RO         4539    i.LCD_ShowString    lcd.o
    0x080049e4   0x080049e4   0x00000018   Code   RO         4541    i.LCD_WR_DATA       lcd.o
    0x080049fc   0x080049fc   0x00000014   Code   RO         4544    i.LCD_WriteRAM_Prepare  lcd.o
    0x08004a10   0x08004a10   0x00000010   Code   RO         4545    i.LCD_WriteReg      lcd.o
    0x08004a20   0x08004a20   0x00000026   Code   RO         4741    i.LTDC_Clk_Set      ltdc.o
    0x08004a46   0x08004a46   0x00000002   PAD
    0x08004a48   0x08004a48   0x000000ac   Code   RO         4745    i.LTDC_Fill         ltdc.o
    0x08004af4   0x08004af4   0x00000304   Code   RO         4746    i.LTDC_Init         ltdc.o
    0x08004df8   0x08004df8   0x00000024   Code   RO         4749    i.LTDC_Layer_Window_Config  ltdc.o
    0x08004e1c   0x08004e1c   0x00000162   Code   RO         4148    i.LTDC_SetConfig    stm32h7xx_hal_ltdc.o
    0x08004f7e   0x08004f7e   0x00000002   Code   RO          334    i.NMI_Handler       stm32h7xx_it.o
    0x08004f80   0x08004f80   0x000000f0   Code   RO         1974    i.RCCEx_PLL3_Config  stm32h7xx_hal_rcc_ex.o
    0x08005070   0x08005070   0x0000005c   Code   RO         4457    i.SDRAM_Init        sdram.o
    0x080050cc   0x080050cc   0x00000050   Code   RO         4458    i.SDRAM_Initialization_Sequence  sdram.o
    0x0800511c   0x0800511c   0x00000034   Code   RO         4459    i.SDRAM_Send_Cmd    sdram.o
    0x08005150   0x08005150   0x00000002   Code   RO          336    i.SVC_Handler       stm32h7xx_it.o
    0x08005152   0x08005152   0x00000004   Code   RO          337    i.SysTick_Handler   stm32h7xx_it.o
    0x08005156   0x08005156   0x00000002   PAD
    0x08005158   0x08005158   0x00000084   Code   RO          404    i.SystemInit        system_stm32h7xx.o
    0x080051dc   0x080051dc   0x000000c8   Code   RO         2155    i.UART_AdvFeatureConfig  stm32h7xx_hal_uart.o
    0x080052a4   0x080052a4   0x0000005c   Code   RO         2156    i.UART_CheckIdleState  stm32h7xx_hal_uart.o
    0x08005300   0x08005300   0x00000014   Code   RO         2157    i.UART_DMAAbortOnError  stm32h7xx_hal_uart.o
    0x08005314   0x08005314   0x000004a8   Code   RO         2170    i.UART_SetConfig    stm32h7xx_hal_uart.o
    0x080057bc   0x080057bc   0x00000074   Code   RO         2171    i.UART_Transmit_IT  stm32h7xx_hal_uart.o
    0x08005830   0x08005830   0x0000001a   Code   RO          479    i.delay_ms          delay.o
    0x0800584a   0x0800584a   0x00000002   PAD
    0x0800584c   0x0800584c   0x00000034   Code   RO          480    i.delay_us          delay.o
    0x08005880   0x08005880   0x00000128   Code   RO            4    i.main              main.o
    0x080059a8   0x080059a8   0x00000011   Data   RO         4900    .constdata          c_w.l(__printf_flags_wp.o)
    0x080059b9   0x080059b9   0x00000003   PAD
    0x080059bc   0x080059bc   0x00000020   Data   RO         5093    Region$$Table       anon$$obj.o


    Execution Region RW_IRAM1 (Exec base: 0x20000000, Load base: 0x080059dc, Size: 0x00000000, Max: 0x00020000, ABSOLUTE)

    **** No section assigned to this execution region ****


    Execution Region RW_IRAM2 (Exec base: 0x24000000, Load base: 0x080059dc, Size: 0x00000930, Max: 0x00080000, ABSOLUTE)

    Exec Addr    Load Addr    Size         Type   Attr      Idx    E Section Name        Object

    0x24000000   0x080059dc   0x00000004   Data   RW          406    .data               system_stm32h7xx.o
    0x24000004   0x080059e0   0x00000004   Data   RW          407    .data               system_stm32h7xx.o
    0x24000008   0x080059e4   0x00000004   Data   RW          481    .data               delay.o
    0x2400000c   0x080059e8   0x00000004   Data   RW          573    .data               usart.o
    0x24000010   0x080059ec   0x00000004   Data   RW          574    .data               usart.o
    0x24000014   0x080059f0   0x0000000c   Data   RW          681    .data               stm32h7xx_hal.o
    0x24000020   0x080059fc   0x00000008   Data   RW         4549    .data               lcd.o
    0x24000028   0x08005a04   0x00000008   Data   RW         4757    .data               ltdc.o
    0x24000030        -       0x00000148   Zero   RW          572    .bss                usart.o
    0x24000178        -       0x00000034   Zero   RW         4460    .bss                sdram.o
    0x240001ac        -       0x0000005a   Zero   RW         4547    .bss                lcd.o
    0x24000206   0x08005a0c   0x00000002   PAD
    0x24000208        -       0x000000c8   Zero   RW         4755    .bss                ltdc.o
    0x240002d0        -       0x00000060   Zero   RW         4967    .bss                c_w.l(libspace.o)
    0x24000330        -       0x00000200   Zero   RW          469    HEAP                startup_stm32h743xx.o
    0x24000530        -       0x00000400   Zero   RW          468    STACK               startup_stm32h743xx.o



  Load Region LR_IROM2 (Base: 0x08100000, Size: 0x00005948, Max: 0x00100000, ABSOLUTE)

    Execution Region ER_IROM2 (Exec base: 0x08100000, Load base: 0x08100000, Size: 0x00005948, Max: 0x00100000, ABSOLUTE)

    Exec Addr    Load Addr    Size         Type   Attr      Idx    E Section Name        Object

    0x08100000   0x08100000   0x00000000   Code   RO         4908    .ARM.Collect$$_printf_percent$$00000000  c_w.l(_printf_percent.o)
    0x08100000   0x08100000   0x00000006   Code   RO         4907    .ARM.Collect$$_printf_percent$$0000000C  c_w.l(_printf_x.o)
    0x08100006   0x08100006   0x00000004   Code   RO         4928    .ARM.Collect$$_printf_percent$$00000017  c_w.l(_printf_percent_end.o)
    0x0810000a   0x0810000a   0x00000002   Code   RO         5047    .ARM.Collect$$libshutdown$$00000000  c_w.l(libshutdown.o)
    0x0810000c   0x0810000c   0x00000000   Code   RO         5076    .ARM.Collect$$libshutdown$$00000002  c_w.l(libshutdown2.o)
    0x0810000c   0x0810000c   0x00000000   Code   RO         5078    .ARM.Collect$$libshutdown$$00000004  c_w.l(libshutdown2.o)
    0x0810000c   0x0810000c   0x00000000   Code   RO         5080    .ARM.Collect$$libshutdown$$00000006  c_w.l(libshutdown2.o)
    0x0810000c   0x0810000c   0x00000000   Code   RO         5083    .ARM.Collect$$libshutdown$$00000009  c_w.l(libshutdown2.o)
    0x0810000c   0x0810000c   0x00000000   Code   RO         5086    .ARM.Collect$$libshutdown$$0000000C  c_w.l(libshutdown2.o)
    0x0810000c   0x0810000c   0x00000000   Code   RO         5088    .ARM.Collect$$libshutdown$$0000000E  c_w.l(libshutdown2.o)
    0x0810000c   0x0810000c   0x00000000   Code   RO         5091    .ARM.Collect$$libshutdown$$00000011  c_w.l(libshutdown2.o)
    0x0810000c   0x0810000c   0x00000002   Code   RO         5092    .ARM.Collect$$libshutdown$$00000012  c_w.l(libshutdown2.o)
    0x0810000e   0x0810000e   0x00000000   Code   RO         4915    .ARM.Collect$$rtentry$$00000000  c_w.l(__rtentry.o)
    0x0810000e   0x0810000e   0x00000000   Code   RO         4930    .ARM.Collect$$rtentry$$00000002  c_w.l(__rtentry2.o)
    0x0810000e   0x0810000e   0x00000006   Code   RO         4942    .ARM.Collect$$rtentry$$00000004  c_w.l(__rtentry4.o)
    0x08100014   0x08100014   0x00000000   Code   RO         4932    .ARM.Collect$$rtentry$$00000009  c_w.l(__rtentry2.o)
    0x08100014   0x08100014   0x00000004   Code   RO         4933    .ARM.Collect$$rtentry$$0000000A  c_w.l(__rtentry2.o)
    0x08100018   0x08100018   0x00000000   Code   RO         4935    .ARM.Collect$$rtentry$$0000000C  c_w.l(__rtentry2.o)
    0x08100018   0x08100018   0x00000008   Code   RO         4936    .ARM.Collect$$rtentry$$0000000D  c_w.l(__rtentry2.o)
    0x08100020   0x08100020   0x00000002   Code   RO         4969    .ARM.Collect$$rtexit$$00000000  c_w.l(rtexit.o)
    0x08100022   0x08100022   0x00000000   Code   RO         5023    .ARM.Collect$$rtexit$$00000002  c_w.l(rtexit2.o)
    0x08100022   0x08100022   0x00000004   Code   RO         5024    .ARM.Collect$$rtexit$$00000003  c_w.l(rtexit2.o)
    0x08100026   0x08100026   0x00000006   Code   RO         5025    .ARM.Collect$$rtexit$$00000004  c_w.l(rtexit2.o)
    0x0810002c   0x0810002c   0x0000004e   Code   RO         4864    .text               c_w.l(_printf_pad.o)
    0x0810007a   0x0810007a   0x00000002   PAD
    0x0810007c   0x0810007c   0x00000058   Code   RO         4869    .text               c_w.l(_printf_hex_int.o)
    0x081000d4   0x081000d4   0x000000b2   Code   RO         4920    .text               c_w.l(_printf_intcommon.o)
    0x08100186   0x08100186   0x00000002   PAD
    0x08100188   0x08100188   0x00000030   Code   RO         4922    .text               c_w.l(_printf_char_common.o)
    0x081001b8   0x081001b8   0x00000024   Code   RO         4926    .text               c_w.l(_printf_char_file.o)
    0x081001dc   0x081001dc   0x00000012   Code   RO         4954    .text               c_w.l(exit.o)
    0x081001ee   0x081001ee   0x00000002   Code   RO          331    i.BusFault_Handler  stm32h7xx_it.o
    0x081001f0   0x081001f0   0x00000088   Code   RO          517    i.Cache_Enable      sys.o
    0x08100278   0x08100278   0x00000078   Code   RO         3692    i.FMC_NORSRAM_Init  stm32h7xx_ll_fmc.o
    0x081002f0   0x081002f0   0x0000005c   Code   RO         3693    i.FMC_NORSRAM_Timing_Init  stm32h7xx_ll_fmc.o
    0x0810034c   0x0810034c   0x0000000c   Code   RO         3699    i.FMC_SDRAM_ProgramRefreshRate  stm32h7xx_ll_fmc.o
    0x08100358   0x08100358   0x00000080   Code   RO         3702    i.FMC_SDRAM_Timing_Init  stm32h7xx_ll_fmc.o
    0x081003d8   0x081003d8   0x00000094   Code   RO         1093    i.HAL_DMA_Abort_IT  stm32h7xx_hal_dma.o
    0x0810046c   0x0810046c   0x0000000a   Code   RO         1281    i.HAL_GPIO_WritePin  stm32h7xx_hal_gpio.o
    0x08100476   0x08100476   0x00000002   PAD
    0x08100478   0x08100478   0x00000010   Code   RO          658    i.HAL_IncTick       stm32h7xx_hal.o
    0x08100488   0x08100488   0x00000052   Code   RO         4112    i.HAL_LTDC_ConfigLayer  stm32h7xx_hal_ltdc.o
    0x081004da   0x081004da   0x00000002   PAD
    0x081004dc   0x081004dc   0x000000f4   Code   RO         4129    i.HAL_LTDC_Init     stm32h7xx_hal_ltdc.o
    0x081005d0   0x081005d0   0x00000054   Code   RO         4144    i.HAL_LTDC_SetWindowPosition  stm32h7xx_hal_ltdc.o
    0x08100624   0x08100624   0x00000024   Code   RO          949    i.HAL_MPU_Enable    stm32h7xx_hal_cortex.o
    0x08100648   0x08100648   0x0000001a   Code   RO          952    i.HAL_NVIC_EnableIRQ  stm32h7xx_hal_cortex.o
    0x08100662   0x08100662   0x00000002   PAD
    0x08100664   0x08100664   0x00000040   Code   RO          958    i.HAL_NVIC_SetPriority  stm32h7xx_hal_cortex.o
    0x081006a4   0x081006a4   0x00000024   Code   RO          959    i.HAL_NVIC_SetPriorityGrouping  stm32h7xx_hal_cortex.o
    0x081006c8   0x081006c8   0x00000034   Code   RO         1962    i.HAL_RCCEx_GetD1SysClockFreq  stm32h7xx_hal_rcc_ex.o
    0x081006fc   0x081006fc   0x0000002c   Code   RO         1963    i.HAL_RCCEx_GetD3PCLK1Freq  stm32h7xx_hal_rcc_ex.o
    0x08100728   0x08100728   0x000000fc   Code   RO         1966    i.HAL_RCCEx_GetPLL3ClockFreq  stm32h7xx_hal_rcc_ex.o
    0x08100824   0x08100824   0x000000f8   Code   RO         1863    i.HAL_RCC_GetSysClockFreq  stm32h7xx_hal_rcc.o
    0x0810091c   0x0810091c   0x00000050   Code   RO         3959    i.HAL_SDRAM_Init    stm32h7xx_hal_sdram.o
    0x0810096c   0x0810096c   0x000000f0   Code   RO         4456    i.HAL_SDRAM_MspInit  sdram.o
    0x08100a5c   0x08100a5c   0x0000002e   Code   RO         3968    i.HAL_SDRAM_SendCommand  stm32h7xx_hal_sdram.o
    0x08100a8a   0x08100a8a   0x0000006a   Code   RO         2142    i.HAL_UART_Init     stm32h7xx_hal_uart.o
    0x08100af4   0x08100af4   0x00000002   Code   RO         2153    i.HAL_UART_TxCpltCallback  stm32h7xx_hal_uart.o
    0x08100af6   0x08100af6   0x00000002   Code   RO          333    i.HardFault_Handler  stm32h7xx_it.o
    0x08100af8   0x08100af8   0x00000048   Code   RO         4516    i.LCD_Clear         lcd.o
    0x08100b40   0x08100b40   0x00000014   Code   RO         4530    i.LCD_RD_DATA       lcd.o
    0x08100b54   0x08100b54   0x00000054   Code   RO         4533    i.LCD_SSD_BackLightSet  lcd.o
    0x08100ba8   0x08100ba8   0x000000dc   Code   RO         4537    i.LCD_ShowChar      lcd.o
    0x08100c84   0x08100c84   0x00000018   Code   RO         4542    i.LCD_WR_REG        lcd.o
    0x08100c9c   0x08100c9c   0x0000004c   Code   RO         4366    i.LED_Init          led.o
    0x08100ce8   0x08100ce8   0x00000020   Code   RO         4740    i.LTDC_Clear        ltdc.o
    0x08100d08   0x08100d08   0x00000028   Code   RO         4743    i.LTDC_Display_Dir  ltdc.o
    0x08100d30   0x08100d30   0x0000003c   Code   RO         4744    i.LTDC_Draw_Point   ltdc.o
    0x08100d6c   0x08100d6c   0x0000005c   Code   RO         4747    i.LTDC_Layer_Parameter_Config  ltdc.o
    0x08100dc8   0x08100dc8   0x0000007c   Code   RO         4750    i.LTDC_PanelID_Read  ltdc.o
    0x08100e44   0x08100e44   0x00000002   Code   RO          335    i.PendSV_Handler    stm32h7xx_it.o
    0x08100e46   0x08100e46   0x00000002   PAD
    0x08100e48   0x08100e48   0x000000f0   Code   RO         1973    i.RCCEx_PLL2_Config  stm32h7xx_hal_rcc_ex.o
    0x08100f38   0x08100f38   0x000000a8   Code   RO          520    i.Stm32_Clock_Init  sys.o
    0x08100fe0   0x08100fe0   0x0000001c   Code   RO         2167    i.UART_EndRxTransfer  stm32h7xx_hal_uart.o
    0x08100ffc   0x08100ffc   0x00000076   Code   RO         2169    i.UART_Receive_IT   stm32h7xx_hal_uart.o
    0x08101072   0x08101072   0x00000062   Code   RO         2172    i.UART_WaitOnFlagUntilTimeout  stm32h7xx_hal_uart.o
    0x081010d4   0x081010d4   0x00000044   Code   RO          568    i.USART1_IRQHandler  usart.o
    0x08101118   0x08101118   0x00000002   Code   RO          338    i.UsageFault_Handler  stm32h7xx_it.o
    0x0810111a   0x0810111a   0x00000020   Code   RO          965    i.__NVIC_SetPriority  stm32h7xx_hal_cortex.o
    0x0810113a   0x0810113a   0x0000000e   Code   RO         4897    i._is_digit         c_w.l(__printf_wp.o)
    0x08101148   0x08101148   0x00000002   Code   RO          569    i._sys_exit         usart.o
    0x0810114a   0x0810114a   0x00000002   PAD
    0x0810114c   0x0810114c   0x00000014   Code   RO          478    i.delay_init        delay.o
    0x08101160   0x08101160   0x00000014   Code   RO          570    i.fputc             usart.o
    0x08101174   0x08101174   0x00000038   Code   RO          571    i.uart_init         usart.o
    0x081011ac   0x081011ac   0x0000000a   Code   RO         5035    x$fpl$fpinit        fz_wv.l(fpinit.o)
    0x081011b6   0x081011b6   0x00000010   Data   RO          405    .constdata          system_stm32h7xx.o
    0x081011c6   0x081011c6   0x00000018   Data   RO         2173    .constdata          stm32h7xx_hal_uart.o
    0x081011de   0x081011de   0x00004740   Data   RO         4548    .constdata          lcd.o
    0x0810591e   0x0810591e   0x00000028   Data   RO         4870    .constdata          c_w.l(_printf_hex_int.o)



  Load Region LR$$.ARM.__AT_0xC0000000 (Base: 0xc0000000, Size: 0x00000000, Max: 0x001f4000, ABSOLUTE)

    Execution Region ER$$.ARM.__AT_0xC0000000 (Exec base: 0xc0000000, Load base: 0xc0000000, Size: 0x001f4000, Max: 0x001f4000, ABSOLUTE, UNINIT)

    Exec Addr    Load Addr    Size         Type   Attr      Idx    E Section Name        Object

    0xc0000000        -       0x001f4000   Zero   RW         4754    .ARM.__AT_0xC0000000  ltdc.o


==============================================================================

Image component sizes


      Code (inc. data)   RO Data    RW Data    ZI Data      Debug   Object Name

        98          8          0          4          0       2139   delay.o
       128         18          0          0          0       1075   key.o
     11078        178      18240          8         90      20422   lcd.o
        76          8          0          0          0        955   led.o
      1614        110          0          8    2048200      10196   ltdc.o
       296         64          0          0          0    1215691   main.o
       464         46          0          0         52       3750   sdram.o
        64         26        664          0       1536        880   startup_stm32h743xx.o
       136         24          0         12          0       4235   stm32h7xx_hal.o
       370         28          0          0          0      41559   stm32h7xx_hal_cortex.o
       148         10          0          0          0       2207   stm32h7xx_hal_dma.o
       516         50          0          0          0       4252   stm32h7xx_hal_gpio.o
       848          6          0          0          0       5041   stm32h7xx_hal_ltdc.o
         2          0          0          0          0        490   stm32h7xx_hal_msp.o
      2040        108          0          0          0       6828   stm32h7xx_hal_rcc.o
      3304        154          0          0          0       8687   stm32h7xx_hal_rcc_ex.o
       160          4          0          0          0       2924   stm32h7xx_hal_sdram.o
       100          4          0          0          0       1320   stm32h7xx_hal_sram.o
      2536        122         24          0          0      34292   stm32h7xx_hal_uart.o
         2          0          0          0          0       1128   stm32h7xx_hal_uart_ex.o
        18          0          0          0          0       3922   stm32h7xx_it.o
       530         18          0          0          0       6232   stm32h7xx_ll_fmc.o
       304         18          0          0          0      36641   sys.o
       132         16         16          8          0       1318   system_stm32h7xx.o
       362         56          0          8        328       5949   usart.o

    ----------------------------------------------------------------------
     25356       1076      18976         48    2050208    1422133   Object Totals
         0          0         32          0          0          0   (incl. Generated)
        30          0          0          0          2          0   (incl. Padding)

    ----------------------------------------------------------------------

      Code (inc. data)   RO Data    RW Data    ZI Data      Debug   Library Member Name

         8          0          0          0          0         68   __main.o
       312          4         17          0          0         92   __printf_flags_wp.o
        14          0          0          0          0         68   __printf_wp.o
         0          0          0          0          0          0   __rtentry.o
        12          0          0          0          0          0   __rtentry2.o
         6          0          0          0          0          0   __rtentry4.o
        52          8          0          0          0          0   __scatter.o
        26          0          0          0          0          0   __scatter_copy.o
        28          0          0          0          0          0   __scatter_zi.o
        48          6          0          0          0         96   _printf_char_common.o
        36          4          0          0          0         80   _printf_char_file.o
        88          4         40          0          0         88   _printf_hex_int.o
       178          0          0          0          0         88   _printf_intcommon.o
        78          0          0          0          0        108   _printf_pad.o
         0          0          0          0          0          0   _printf_percent.o
         4          0          0          0          0          0   _printf_percent_end.o
         6          0          0          0          0          0   _printf_x.o
        10          0          0          0          0         68   _sputc.o
        18          0          0          0          0         80   exit.o
         8          0          0          0          0         68   ferror.o
         6          0          0          0          0        152   heapauxi.o
         2          0          0          0          0          0   libinit.o
         6          0          0          0          0          0   libinit2.o
         2          0          0          0          0          0   libshutdown.o
         2          0          0          0          0          0   libshutdown2.o
         8          4          0          0         96         68   libspace.o
       238          0          0          0          0        100   lludivv7m.o
        24          4          0          0          0         84   noretval__2printf.o
        40          6          0          0          0         84   noretval__2sprintf.o
       100          0          0          0          0         80   rt_memcpy_w.o
         2          0          0          0          0          0   rtexit.o
        10          0          0          0          0          0   rtexit2.o
        74          0          0          0          0         80   sys_stackheap_outer.o
        10          0          0          0          0        116   fpinit.o

    ----------------------------------------------------------------------
      1466         40         62          0         96       1668   Library Totals
        10          0          5          0          0          0   (incl. Padding)

    ----------------------------------------------------------------------

      Code (inc. data)   RO Data    RW Data    ZI Data      Debug   Library Name

      1446         40         57          0         96       1552   c_w.l
        10          0          0          0          0        116   fz_wv.l

    ----------------------------------------------------------------------
      1466         40         62          0         96       1668   Library Totals

    ----------------------------------------------------------------------

==============================================================================


      Code (inc. data)   RO Data    RW Data    ZI Data      Debug   

     26822       1116      19038         48    2050304    1412473   Grand Totals
     26822       1116      19038         48    2050304    1412473   ELF Image Totals
     26822       1116      19038         48          0          0   ROM Totals

==============================================================================

    Total RO  Size (Code + RO Data)                45860 (  44.79kB)
    Total RW  Size (RW Data + ZI Data)           2050352 (2002.30kB)
    Total ROM Size (Code + RO Data + RW Data)      45908 (  44.83kB)

==============================================================================

