Component: ARM Compiler 5.06 update 7 (build 960) Tool: armlink [4d3601]

==============================================================================

Section Cross References

    main.o(i.main) refers to _printf_pad.o(.text) for _printf_pre_padding
    main.o(i.main) refers to _printf_percent.o(.ARM.Collect$$_printf_percent$$00000000) for _printf_percent
    main.o(i.main) refers to _printf_x.o(.ARM.Collect$$_printf_percent$$0000000C) for _printf_x
    main.o(i.main) refers to _printf_hex_int.o(.text) for _printf_longlong_hex
    main.o(i.main) refers to sys.o(i.Cache_Enable) for Cache_Enable
    main.o(i.main) refers to stm32h7xx_hal.o(i.HAL_Init) for HAL_Init
    main.o(i.main) refers to sys.o(i.Stm32_Clock_Init) for Stm32_Clock_Init
    main.o(i.main) refers to delay.o(i.delay_init) for delay_init
    main.o(i.main) refers to usart.o(i.uart_init) for uart_init
    main.o(i.main) refers to led.o(i.LED_Init) for LED_Init
    main.o(i.main) refers to key.o(i.KEY_Init) for KEY_Init
    main.o(i.main) refers to sdram.o(i.SDRAM_Init) for SDRAM_Init
    main.o(i.main) refers to lcd.o(i.LCD_Init) for LCD_Init
    main.o(i.main) refers to noretval__2sprintf.o(.text) for __2sprintf
    main.o(i.main) refers to lcd.o(i.LCD_Clear) for LCD_Clear
    main.o(i.main) refers to lcd.o(i.LCD_ShowString) for LCD_ShowString
    main.o(i.main) refers to stm32h7xx_hal_gpio.o(i.HAL_GPIO_TogglePin) for HAL_GPIO_TogglePin
    main.o(i.main) refers to delay.o(i.delay_ms) for delay_ms
    main.o(i.main) refers to lcd.o(.data) for POINT_COLOR
    main.o(i.main) refers to lcd.o(.bss) for lcddev
    stm32h7xx_it.o(i.SysTick_Handler) refers to stm32h7xx_hal.o(i.HAL_IncTick) for HAL_IncTick
    system_stm32h7xx.o(i.SystemCoreClockUpdate) refers to system_stm32h7xx.o(.data) for SystemCoreClock
    system_stm32h7xx.o(i.SystemCoreClockUpdate) refers to system_stm32h7xx.o(.constdata) for D1CorePrescTable
    startup_stm32h743xx.o(STACK) refers (Special) to heapauxi.o(.text) for __use_two_region_memory
    startup_stm32h743xx.o(HEAP) refers (Special) to heapauxi.o(.text) for __use_two_region_memory
    startup_stm32h743xx.o(RESET) refers (Special) to heapauxi.o(.text) for __use_two_region_memory
    startup_stm32h743xx.o(RESET) refers to startup_stm32h743xx.o(STACK) for __initial_sp
    startup_stm32h743xx.o(RESET) refers to startup_stm32h743xx.o(.text) for Reset_Handler
    startup_stm32h743xx.o(RESET) refers to stm32h7xx_it.o(i.NMI_Handler) for NMI_Handler
    startup_stm32h743xx.o(RESET) refers to stm32h7xx_it.o(i.HardFault_Handler) for HardFault_Handler
    startup_stm32h743xx.o(RESET) refers to stm32h7xx_it.o(i.BusFault_Handler) for BusFault_Handler
    startup_stm32h743xx.o(RESET) refers to stm32h7xx_it.o(i.UsageFault_Handler) for UsageFault_Handler
    startup_stm32h743xx.o(RESET) refers to stm32h7xx_it.o(i.SVC_Handler) for SVC_Handler
    startup_stm32h743xx.o(RESET) refers to stm32h7xx_it.o(i.DebugMon_Handler) for DebugMon_Handler
    startup_stm32h743xx.o(RESET) refers to stm32h7xx_it.o(i.PendSV_Handler) for PendSV_Handler
    startup_stm32h743xx.o(RESET) refers to stm32h7xx_it.o(i.SysTick_Handler) for SysTick_Handler
    startup_stm32h743xx.o(RESET) refers to usart.o(i.USART1_IRQHandler) for USART1_IRQHandler
    startup_stm32h743xx.o(.text) refers (Special) to heapauxi.o(.text) for __use_two_region_memory
    startup_stm32h743xx.o(.text) refers to system_stm32h7xx.o(i.SystemInit) for SystemInit
    startup_stm32h743xx.o(.text) refers to __main.o(!!!main) for __main
    startup_stm32h743xx.o(.text) refers to startup_stm32h743xx.o(HEAP) for Heap_Mem
    startup_stm32h743xx.o(.text) refers to startup_stm32h743xx.o(STACK) for Stack_Mem
    delay.o(i.delay_init) refers to stm32h7xx_hal_cortex.o(i.HAL_SYSTICK_CLKSourceConfig) for HAL_SYSTICK_CLKSourceConfig
    delay.o(i.delay_init) refers to delay.o(.data) for fac_us
    delay.o(i.delay_ms) refers to delay.o(i.delay_us) for delay_us
    delay.o(i.delay_us) refers to delay.o(.data) for fac_us
    sys.o(i.Cache_Enable) refers to sys.o(i.SCB_EnableICache) for SCB_EnableICache
    sys.o(i.Cache_Enable) refers to sys.o(i.SCB_EnableDCache) for SCB_EnableDCache
    sys.o(i.Stm32_Clock_Init) refers to stm32h7xx_hal_rcc.o(i.HAL_RCC_OscConfig) for HAL_RCC_OscConfig
    sys.o(i.Stm32_Clock_Init) refers to stm32h7xx_hal_rcc.o(i.HAL_RCC_ClockConfig) for HAL_RCC_ClockConfig
    sys.o(i.Stm32_Clock_Init) refers to stm32h7xx_hal.o(i.HAL_EnableCompensationCell) for HAL_EnableCompensationCell
    usart.o(i.HAL_UART_MspInit) refers to stm32h7xx_hal_gpio.o(i.HAL_GPIO_Init) for HAL_GPIO_Init
    usart.o(i.HAL_UART_MspInit) refers to stm32h7xx_hal_cortex.o(i.HAL_NVIC_EnableIRQ) for HAL_NVIC_EnableIRQ
    usart.o(i.HAL_UART_MspInit) refers to stm32h7xx_hal_cortex.o(i.HAL_NVIC_SetPriority) for HAL_NVIC_SetPriority
    usart.o(i.HAL_UART_RxCpltCallback) refers to usart.o(.data) for USART_RX_STA
    usart.o(i.HAL_UART_RxCpltCallback) refers to usart.o(.bss) for USART_RX_BUF
[...]
    i.HardFault_Handler                      0x080022a0   Section        0  stm32h7xx_it.o(i.HardFault_Handler)
    i.LCD_Display_Dir                        0x080022a4   Section        0  lcd.o(i.LCD_Display_Dir)
    i.LCD_Fast_DrawPoint                     0x08002424   Section        0  lcd.o(i.LCD_Fast_DrawPoint)
    i.LCD_Init                               0x08002548   Section        0  lcd.o(i.LCD_Init)
    i.LCD_SSD_BackLightSet                   0x080049ac   Section        0  lcd.o(i.LCD_SSD_BackLightSet)
    i.LCD_Scan_Dir                           0x080049fc   Section        0  lcd.o(i.LCD_Scan_Dir)
    i.LCD_SetCursor                          0x08004c70   Section        0  lcd.o(i.LCD_SetCursor)
    i.LCD_WR_REG                             0x08004da8   Section        0  lcd.o(i.LCD_WR_REG)
    i.LCD_WriteRAM_Prepare                   0x08004dc0   Section        0  lcd.o(i.LCD_WriteRAM_Prepare)
    i.LCD_WriteReg                           0x08004dd4   Section        0  lcd.o(i.LCD_WriteReg)
    i.LED_Init                               0x08004de4   Section        0  led.o(i.LED_Init)
    i.LTDC_Clk_Set                           0x08004e3c   Section        0  ltdc.o(i.LTDC_Clk_Set)
    i.LTDC_Display_Dir                       0x08004e6c   Section        0  ltdc.o(i.LTDC_Display_Dir)
    i.LTDC_Fill                              0x08004e98   Section        0  ltdc.o(i.LTDC_Fill)
    i.LTDC_Init                              0x08004fe0   Section        0  ltdc.o(i.LTDC_Init)
    i.LTDC_Layer_Parameter_Config            0x080053dc   Section        0  ltdc.o(i.LTDC_Layer_Parameter_Config)
    i.LTDC_Layer_Window_Config               0x08005458   Section        0  ltdc.o(i.LTDC_Layer_Window_Config)
    i.LTDC_Select_Layer                      0x08005488   Section        0  ltdc.o(i.LTDC_Select_Layer)
    i.LTDC_SetConfig                         0x08005494   Section        0  stm32h7xx_hal_ltdc.o(i.LTDC_SetConfig)
    LTDC_SetConfig                           0x08005495   Thumb Code   530  stm32h7xx_hal_ltdc.o(i.LTDC_SetConfig)
    i.RCCEx_PLL2_Config                      0x080056a8   Section        0  stm32h7xx_hal_rcc_ex.o(i.RCCEx_PLL2_Config)
    RCCEx_PLL2_Config                        0x080056a9   Thumb Code   300  stm32h7xx_hal_rcc_ex.o(i.RCCEx_PLL2_Config)
    i.SCB_EnableDCache                       0x080057d8   Section        0  sys.o(i.SCB_EnableDCache)
    SCB_EnableDCache                         0x080057d9   Thumb Code   148  sys.o(i.SCB_EnableDCache)
    i.SCB_EnableICache                       0x08005874   Section        0  sys.o(i.SCB_EnableICache)
    SCB_EnableICache                         0x08005875   Thumb Code   116  sys.o(i.SCB_EnableICache)
    i.SDRAM_Init                             0x080058f0   Section        0  sdram.o(i.SDRAM_Init)
    i.SDRAM_Send_Cmd                         0x08005958   Section        0  sdram.o(i.SDRAM_Send_Cmd)
    i.SVC_Handler                            0x080059a0   Section        0  stm32h7xx_it.o(i.SVC_Handler)
    i.Stm32_Clock_Init                       0x080059a4   Section        0  sys.o(i.Stm32_Clock_Init)
    i.SysTick_Handler                        0x08005a9c   Section        0  stm32h7xx_it.o(i.SysTick_Handler)
    i.SystemInit                             0x08005aa4   Section        0  system_stm32h7xx.o(i.SystemInit)
    i.UART_CheckIdleState                    0x08005b38   Section        0  stm32h7xx_hal_uart.o(i.UART_CheckIdleState)
    i.UART_DMAAbortOnError                   0x08005bac   Section        0  stm32h7xx_hal_uart.o(i.UART_DMAAbortOnError)
    UART_DMAAbortOnError                     0x08005bad   Thumb Code    24  stm32h7xx_hal_uart.o(i.UART_DMAAbortOnError)
    i.UART_EndRxTransfer                     0x08005bc4   Section        0  stm32h7xx_hal_uart.o(i.UART_EndRxTransfer)
    UART_EndRxTransfer                       0x08005bc5   Thumb Code    32  stm32h7xx_hal_uart.o(i.UART_EndRxTransfer)
    i.UART_SetConfig                         0x08005be4   Section        0  stm32h7xx_hal_uart.o(i.UART_SetConfig)
    i.UART_Transmit_IT                       0x08006588   Section        0  stm32h7xx_hal_uart.o(i.UART_Transmit_IT)
    UART_Transmit_IT                         0x08006589   Thumb Code   130  stm32h7xx_hal_uart.o(i.UART_Transmit_IT)
    i.UsageFault_Handler                     0x0800660a   Section        0  stm32h7xx_it.o(i.UsageFault_Handler)
    i.__NVIC_SetPriority                     0x08006610   Section        0  stm32h7xx_hal_cortex.o(i.__NVIC_SetPriority)
    __NVIC_SetPriority                       0x08006611   Thumb Code    32  stm32h7xx_hal_cortex.o(i.__NVIC_SetPriority)
    i._is_digit                              0x08006638   Section        0  __printf_wp.o(i._is_digit)
    i.delay_init                             0x08006648   Section        0  delay.o(i.delay_init)
    i.delay_ms                               0x0800665c   Section        0  delay.o(i.delay_ms)
    i.delay_us                               0x08006674   Section        0  delay.o(i.delay_us)
    i.fputc                                  0x080066bc   Section        0  usart.o(i.fputc)
    .constdata                               0x080066d8   Section       64  system_stm32h7xx.o(.constdata)
    UARTPrescTable                           0x080066d8   Data          24  system_stm32h7xx.o(.constdata)
    USARTPrescTable                          0x080066f0   Data          24  system_stm32h7xx.o(.constdata)
    .constdata                               0x08006718   Section       17  __printf_flags_wp.o(.constdata)
    maptable                                 0x08006718   Data          17  __printf_flags_wp.o(.constdata)
    .ARM.Collect$$_printf_percent$$00000000  0x08100000   Section        0  _printf_percent.o(.ARM.Collect$$_printf_percent$$00000000)
    .ARM.Collect$$_printf_percent$$0000000C  0x08100000   Section        6  _printf_x.o(.ARM.Collect$$_printf_percent$$0000000C)
    .ARM.Collect$$_printf_percent$$00000017  0x08100006   Section        4  _printf_percent_end.o(.ARM.Collect$$_printf_percent$$00000017)
    .ARM.Collect$$libshutdown$$00000000      0x0810000a   Section        2  libshutdown.o(.ARM.Collect$$libshutdown$$00000000)
    .ARM.Collect$$libshutdown$$00000002      0x0810000c   Section        0  libshutdown2.o(.ARM.Collect$$libshutdown$$00000002)
    .ARM.Collect$$libshutdown$$00000004      0x0810000c   Section        0  libshutdown2.o(.ARM.Collect$$libshutdown$$00000004)
    .ARM.Collect$$libshutdown$$00000006      0x0810000c   Section        0  libshutdown2.o(.ARM.Collect$$libshutdown$$00000006)
    .ARM.Collect$$libshutdown$$00000009      0x0810000c   Section        0  libshutdown2.o(.ARM.Collect$$libshutdown$$00000009)
    .ARM.Collect$$libshutdown$$0000000C      0x0810000c   Section        0  libshutdown2.o(.ARM.Collect$$libshutdown$$0000000C)
    .ARM.Collect$$libshutdown$$0000000E      0x0810000c   Section        0  libshutdown2.o(.ARM.Collect$$libshutdown$$0000000E)
    .ARM.Collect$$libshutdown$$00000011      0x0810000c   Section        0  libshutdown2.o(.ARM.Collect$$libshutdown$$00000011)
    .ARM.Collect$$libshutdown$$00000012      0x0810000c   Section        2  libshutdown2.o(.ARM.Collect$$libshutdown$$00000012)
    .ARM.Collect$$rtentry$$00000000          0x0810000e   Section        0  __rtentry.o(.ARM.Collect$$rtentry$$00000000)
    .ARM.Collect$$rtentry$$00000002          0x0810000e   Section        0  __rtentry2.o(.ARM.Collect$$rtentry$$00000002)
    .ARM.Collect$$rtentry$$00000004          0x0810000e   Section        6  __rtentry4.o(.ARM.Collect$$rtentry$$00000004)
    .ARM.Collect$$rtentry$$00000009          0x08100014   Section        0  __rtentry2.o(.ARM.Collect$$rtentry$$00000009)
    .ARM.Collect$$rtentry$$0000000A          0x08100014   Section        4  __rtentry2.o(.ARM.Collect$$rtentry$$0000000A)
    .ARM.Collect$$rtentry$$0000000C          0x08100018   Section        0  __rtentry2.o(.ARM.Collect$$rtentry$$0000000C)
    .ARM.Collect$$rtentry$$0000000D          0x08100018   Section        8  __rtentry2.o(.ARM.Collect$$rtentry$$0000000D)
    .ARM.Collect$$rtexit$$00000000           0x08100020   Section        2  rtexit.o(.ARM.Collect$$rtexit$$00000000)
    .ARM.Collect$$rtexit$$00000002           0x08100022   Section        0  rtexit2.o(.ARM.Collect$$rtexit$$00000002)
    .ARM.Collect$$rtexit$$00000003           0x08100022   Section        4  rtexit2.o(.ARM.Collect$$rtexit$$00000003)
    .ARM.Collect$$rtexit$$00000004           0x08100026   Section        6  rtexit2.o(.ARM.Collect$$rtexit$$00000004)
    .text                                    0x0810002c   Section       64  startup_stm32h743xx.o(.text)
    $v0                                      0x0810002c   Number         0  startup_stm32h743xx.o(.text)
    .text                                    0x0810006c   Section        0  noretval__2printf.o(.text)
    .text                                    0x08100084   Section        0  __printf_flags_wp.o(.text)
    .text                                    0x081001bc   Section        0  _printf_char_common.o(.text)
    _printf_input_char                       0x081001bd   Thumb Code    10  _printf_char_common.o(.text)
    .text                                    0x081001ec   Section        0  exit.o(.text)
    i.DebugMon_Handler                       0x08100204   Section        0  stm32h7xx_it.o(i.DebugMon_Handler)
    i.FMC_NORSRAM_Extended_Timing_Init       0x08100208   Section        0  stm32h7xx_ll_fmc.o(i.FMC_NORSRAM_Extended_Timing_Init)
    i.FMC_NORSRAM_Init                       0x08100250   Section        0  stm32h7xx_ll_fmc.o(i.FMC_NORSRAM_Init)
    i.FMC_NORSRAM_Timing_Init                0x081002d0   Section        0  stm32h7xx_ll_fmc.o(i.FMC_NORSRAM_Timing_Init)
    i.FMC_SDRAM_ProgramRefreshRate           0x0810032e   Section        0  stm32h7xx_ll_fmc.o(i.FMC_SDRAM_ProgramRefreshRate)
    i.FMC_SDRAM_Timing_Init                  0x0810033c   Section        0  stm32h7xx_ll_fmc.o(i.FMC_SDRAM_Timing_Init)
    i.HAL_DMA_Abort_IT                       0x081003d8   Section        0  stm32h7xx_hal_dma.o(i.HAL_DMA_Abort_IT)
    i.HAL_EnableCompensationCell             0x081004d0   Section        0  stm32h7xx_hal.o(i.HAL_EnableCompensationCell)
    i.HAL_GPIO_ReadPin                       0x081004e4   Section        0  stm32h7xx_hal_gpio.o(i.HAL_GPIO_ReadPin)
    i.HAL_GPIO_WritePin                      0x081004f4   Section        0  stm32h7xx_hal_gpio.o(i.HAL_GPIO_WritePin)
    i.HAL_GetTick                            0x08100500   Section        0  stm32h7xx_hal.o(i.HAL_GetTick)
    i.HAL_IncTick                            0x0810050c   Section        0  stm32h7xx_hal.o(i.HAL_IncTick)
    i.HAL_Init                               0x08100524   Section        0  stm32h7xx_hal.o(i.HAL_Init)
    i.HAL_InitTick                           0x08100540   Section        0  stm32h7xx_hal.o(i.HAL_InitTick)
    i.HAL_LTDC_Init                          0x0810058c   Section        0  stm32h7xx_hal_ltdc.o(i.HAL_LTDC_Init)
    i.HAL_LTDC_MspInit                       0x081006a8   Section        0  ltdc.o(i.HAL_LTDC_MspInit)
    i.HAL_LTDC_SetWindowPosition             0x081007ec   Section        0  stm32h7xx_hal_ltdc.o(i.HAL_LTDC_SetWindowPosition)
    i.HAL_MPU_ConfigRegion                   0x08100858   Section        0  stm32h7xx_hal_cortex.o(i.HAL_MPU_ConfigRegion)
    i.HAL_MspInit                            0x081008b4   Section        0  stm32h7xx_hal_msp.o(i.HAL_MspInit)
    i.HAL_NVIC_EnableIRQ                     0x081008b6   Section        0  stm32h7xx_hal_cortex.o(i.HAL_NVIC_EnableIRQ)
    i.HAL_NVIC_SetPriority                   0x081008d6   Section        0  stm32h7xx_hal_cortex.o(i.HAL_NVIC_SetPriority)
    i.HAL_NVIC_SetPriorityGrouping           0x08100950   Section        0  stm32h7xx_hal_cortex.o(i.HAL_NVIC_SetPriorityGrouping)
    i.HAL_RCCEx_GetD1SysClockFreq            0x08100978   Section        0  stm32h7xx_hal_rcc_ex.o(i.HAL_RCCEx_GetD1SysClockFreq)
    i.HAL_RCCEx_GetD3PCLK1Freq               0x081009b0   Section        0  stm32h7xx_hal_rcc_ex.o(i.HAL_RCCEx_GetD3PCLK1Freq)
    i.HAL_RCCEx_GetPLL3ClockFreq             0x081009dc   Section        0  stm32h7xx_hal_rcc_ex.o(i.HAL_RCCEx_GetPLL3ClockFreq)
    i.HAL_RCC_ClockConfig                    0x08100c08   Section        0  stm32h7xx_hal_rcc.o(i.HAL_RCC_ClockConfig)
    i.HAL_RCC_GetPCLK1Freq                   0x08100e58   Section        0  stm32h7xx_hal_rcc.o(i.HAL_RCC_GetPCLK1Freq)
    i.HAL_RCC_GetSysClockFreq                0x08100e84   Section        0  stm32h7xx_hal_rcc.o(i.HAL_RCC_GetSysClockFreq)
    i.HAL_SDRAM_ProgramRefreshRate           0x081010c8   Section        0  stm32h7xx_hal_sdram.o(i.HAL_SDRAM_ProgramRefreshRate)
    i.HAL_SDRAM_SendCommand                  0x081010f0   Section        0  stm32h7xx_hal_sdram.o(i.HAL_SDRAM_SendCommand)
    i.HAL_SRAM_Init                          0x0810112c   Section        0  stm32h7xx_hal_sram.o(i.HAL_SRAM_Init)
    i.HAL_SRAM_MspInit                       0x08101194   Section        0  lcd.o(i.HAL_SRAM_MspInit)
    i.HAL_SYSTICK_CLKSourceConfig            0x0810122c   Section        0  stm32h7xx_hal_cortex.o(i.HAL_SYSTICK_CLKSourceConfig)
    i.HAL_UART_IRQHandler                    0x08101254   Section        0  stm32h7xx_hal_uart.o(i.HAL_UART_IRQHandler)
    i.HAL_UART_Init                          0x08101410   Section        0  stm32h7xx_hal_uart.o(i.HAL_UART_Init)
    i.HAL_UART_RxCpltCallback                0x08101488   Section        0  usart.o(i.HAL_UART_RxCpltCallback)
    i.HAL_UART_TxCpltCallback                0x08101510   Section        0  stm32h7xx_hal_uart.o(i.HAL_UART_TxCpltCallback)
    i.KEY_Init                               0x08101514   Section        0  key.o(i.KEY_Init)
    i.LCD_Clear                              0x081015bc   Section        0  lcd.o(i.LCD_Clear)
    i.LCD_MPU_Config                         0x08101604   Section        0  lcd.o(i.LCD_MPU_Config)
    i.LCD_RD_DATA                            0x08101654   Section        0  lcd.o(i.LCD_RD_DATA)
    i.LCD_ShowChar                           0x08101668   Section        0  lcd.o(i.LCD_ShowChar)
    i.LCD_ShowString                         0x081017a4   Section        0  lcd.o(i.LCD_ShowString)
    i.LCD_WR_DATA                            0x0810180c   Section        0  lcd.o(i.LCD_WR_DATA)
    i.LTDC_Clear                             0x08101824   Section        0  ltdc.o(i.LTDC_Clear)
    i.LTDC_Draw_Point                        0x08101848   Section        0  ltdc.o(i.LTDC_Draw_Point)
    i.LTDC_PanelID_Read                      0x08101898   Section        0  ltdc.o(i.LTDC_PanelID_Read)
    i.NMI_Handler                            0x0810196c   Section        0  stm32h7xx_it.o(i.NMI_Handler)
    i.PendSV_Handler                         0x0810196e   Section        0  stm32h7xx_it.o(i.PendSV_Handler)
    i.RCCEx_PLL3_Config                      0x08101970   Section        0  stm32h7xx_hal_rcc_ex.o(i.RCCEx_PLL3_Config)
    RCCEx_PLL3_Config                        0x08101971   Thumb Code   300  stm32h7xx_hal_rcc_ex.o(i.RCCEx_PLL3_Config)
    i.SDRAM_Initialization_Sequence          0x08101aa0   Section        0  sdram.o(i.SDRAM_Initialization_Sequence)
    i.UART_AdvFeatureConfig                  0x08101af4   Section        0  stm32h7xx_hal_uart.o(i.UART_AdvFeatureConfig)
    i.UART_EndTransmit_IT                    0x08101bde   Section        0  stm32h7xx_hal_uart.o(i.UART_EndTransmit_IT)
    UART_EndTransmit_IT                      0x08101bdf   Thumb Code    32  stm32h7xx_hal_uart.o(i.UART_EndTransmit_IT)
    i.UART_Receive_IT                        0x08101bfe   Section        0  stm32h7xx_hal_uart.o(i.UART_Receive_IT)
    UART_Receive_IT                          0x08101bff   Thumb Code   138  stm32h7xx_hal_uart.o(i.UART_Receive_IT)
    i.UART_WaitOnFlagUntilTimeout            0x08101c88   Section        0  stm32h7xx_hal_uart.o(i.UART_WaitOnFlagUntilTimeout)
    i.USART1_IRQHandler                      0x08101cf4   Section        0  usart.o(i.USART1_IRQHandler)
    i.__NVIC_GetPriorityGrouping             0x08101d44   Section        0  stm32h7xx_hal_cortex.o(i.__NVIC_GetPriorityGrouping)
    __NVIC_GetPriorityGrouping               0x08101d45   Thumb Code    10  stm32h7xx_hal_cortex.o(i.__NVIC_GetPriorityGrouping)
    i._sys_exit                              0x08101d54   Section        0  usart.o(i._sys_exit)
    i.main                                   0x08101d58   Section        0  main.o(i.main)
    i.uart_init                              0x08101eb0   Section        0  usart.o(i.uart_init)
    x$fpl$fpinit                             0x08101ee8   Section       10  fpinit.o(x$fpl$fpinit)
    $v0                                      0x08101ee8   Number         0  fpinit.o(x$fpl$fpinit)
    .constdata                               0x08101ef2   Section       48  stm32h7xx_hal_uart.o(.constdata)
    UARTPrescTable                           0x08101ef2   Data          24  stm32h7xx_hal_uart.o(.constdata)
    USARTPrescTable                          0x08101f0a   Data          24  stm32h7xx_hal_uart.o(.constdata)
    .constdata                               0x08101f22   Section    18288  lcd.o(.constdata)
    UARTPrescTable                           0x08101f22   Data          24  lcd.o(.constdata)
    USARTPrescTable                          0x08101f3a   Data          24  lcd.o(.constdata)
    .constdata                               0x08106692   Section       40  _printf_hex_int.o(.constdata)
    uc_hextab                                0x08106692   Data          20  _printf_hex_int.o(.constdata)
    lc_hextab                                0x081066a6   Data          20  _printf_hex_int.o(.constdata)
    .data                                    0x24000000   Section        8  system_stm32h7xx.o(.data)
    .data                                    0x24000008   Section        4  delay.o(.data)
    fac_us                                   0x24000008   Data           4  delay.o(.data)
    .data                                    0x2400000c   Section        7  usart.o(.data)
    .data                                    0x24000014   Section        9  stm32h7xx_hal.o(.data)
    uwTick                                   0x24000014   Data           4  stm32h7xx_hal.o(.data)
    uwTickPrio                               0x24000018   Data           4  stm32h7xx_hal.o(.data)
    uwTickFreq                               0x2400001c   Data           1  stm32h7xx_hal.o(.data)
    .data                                    0x24000020   Section        8  lcd.o(.data)
    .data                                    0x24000028   Section        8  ltdc.o(.data)
    .bss                                     0x24000030   Section      328  usart.o(.bss)
    .bss                                     0x24000178   Section       52  sdram.o(.bss)
    .bss                                     0x240001ac   Section       90  lcd.o(.bss)
    .bss                                     0x24000208   Section      296  ltdc.o(.bss)
    .bss                                     0x24000330   Section       96  libspace.o(.bss)
    HEAP                                     0x24000390   Section      512  startup_stm32h743xx.o(HEAP)
    Heap_Mem                                 0x24000390   Data         512  startup_stm32h743xx.o(HEAP)
    STACK                                    0x24000590   Section     1024  startup_stm32h743xx.o(STACK)
    Stack_Mem                                0x24000590   Data        1024  startup_stm32h743xx.o(STACK)
    __initial_sp                             0x24000990   Data           0  startup_stm32h743xx.o(STACK)
    .ARM.__AT_0xC0000000                     0xc0000000   Section    2048000  ltdc.o(.ARM.__AT_0xC0000000)

    Global Symbols

    Symbol Name                              Value     Ov Type        Size  Object(Section)

    BuildAttributes$$THM_ISAv4$E$P$D$K$B$S$7EM$VFPv5_D16$PE$PLD8$A:L22UL41UL21$X:L11$S22US41US21$IEEE1$IW$USESV6$~STKCKD$USESV7$~SHL$OSPACE$ROPI$EBA8$UX$STANDARDLIB$REQ8$PRES8$EABIv2 0x00000000   Number         0  anon$$obj.o ABSOLUTE
    __ARM_use_no_argv                        0x00000000   Number         0  main.o ABSOLUTE
    _printf_flags                            0x00000000   Number         0  printf_stubs.o ABSOLUTE
    _printf_return_value                     0x00000000   Number         0  printf_stubs.o ABSOLUTE
    _printf_sizespec                         0x00000000   Number         0  printf_stubs.o ABSOLUTE
    _printf_widthprec                        0x00000000   Number         0  printf_stubs.o ABSOLUTE
    __ARM_exceptions_init                     - Undefined Weak Reference
    __alloca_initialize                       - Undefined Weak Reference
    __arm_fini_                               - Undefined Weak Reference
    __arm_preinit_                            - Undefined Weak Reference
    __cpp_initialize__aeabi_                  - Undefined Weak Reference
    __cxa_finalize                            - Undefined Weak Reference
    __rt_locale                               - Undefined Weak Reference
    __sigvec_lookup                           - Undefined Weak Reference
    _atexit_init                              - Undefined Weak Reference
    _call_atexit_fns                          - Undefined Weak Reference
    _clock_init                               - Undefined Weak Reference
    _fp_trap_init                             - Undefined Weak Reference
    _fp_trap_shutdown                         - Undefined Weak Reference
    _get_lc_collate                           - Undefined Weak Reference
    _get_lc_ctype                             - Undefined Weak Reference
    _get_lc_monetary                          - Undefined Weak Reference
    _get_lc_numeric                           - Undefined Weak Reference
    _get_lc_time                              - Undefined Weak Reference
    _getenv_init                              - Undefined Weak Reference
    _handle_redirection                       - Undefined Weak Reference
    _init_alloc                               - Undefined Weak Reference
    _init_user_alloc                          - Undefined Weak Reference
    _initio                                   - Undefined Weak Reference
    _mutex_acquire                            - Undefined Weak Reference
    _mutex_release                            - Undefined Weak Reference
    _printf_truncate_unsigned                 - Undefined Weak Reference
    _rand_init                                - Undefined Weak Reference
    _signal_finish                            - Undefined Weak Reference
    _signal_init                              - Undefined Weak Reference
    _terminate_alloc                          - Undefined Weak Reference
    _terminate_user_alloc                     - Undefined Weak Reference
    _terminateio                              - Undefined Weak Reference
    __Vectors_Size                           0x00000298   Number         0  startup_stm32h743xx.o ABSOLUTE
    __Vectors                                0x08000000   Data           4  startup_stm32h743xx.o(RESET)
    __Vectors_End                            0x08000298   Data           0  startup_stm32h743xx.o(RESET)
    __main                                   0x08000299   Thumb Code     8  __main.o(!!!main)
    __scatterload                            0x080002a1   Thumb Code     0  __scatter.o(!!!scatter)
    __scatterload_rt2                        0x080002a1   Thumb Code    44  __scatter.o(!!!scatter)
    __scatterload_rt2_thumb_only             0x080002a1   Thumb Code     0  __scatter.o(!!!scatter)
    __scatterload_null                       0x080002af   Thumb Code     0  __scatter.o(!!!scatter)
    __scatterload_copy                       0x080002d5   Thumb Code    26  __scatter_copy.o(!!handler_copy)
    __scatterload_zeroinit                   0x080002f1   Thumb Code    28  __scatter_zi.o(!!handler_zi)
    __rt_lib_init                            0x0800030d   Thumb Code     0  libinit.o(.ARM.Collect$$libinit$$00000000)
    __rt_lib_init_fp_1                       0x0800030f   Thumb Code     0  libinit2.o(.ARM.Collect$$libinit$$00000001)
    __rt_lib_init_alloca_1                   0x08000313   Thumb Code     0  libinit2.o(.ARM.Collect$$libinit$$0000002E)
    __rt_lib_init_argv_1                     0x08000313   Thumb Code     0  libinit2.o(.ARM.Collect$$libinit$$0000002C)
    __rt_lib_init_atexit_1                   0x08000313   Thumb Code     0  libinit2.o(.ARM.Collect$$libinit$$0000001B)
    __rt_lib_init_clock_1                    0x08000313   Thumb Code     0  libinit2.o(.ARM.Collect$$libinit$$00000021)
    __rt_lib_init_cpp_1                      0x08000313   Thumb Code     0  libinit2.o(.ARM.Collect$$libinit$$00000032)
    __rt_lib_init_exceptions_1               0x08000313   Thumb Code     0  libinit2.o(.ARM.Collect$$libinit$$00000030)
    __rt_lib_init_fp_trap_1                  0x08000313   Thumb Code     0  libinit2.o(.ARM.Collect$$libinit$$0000001F)
    __rt_lib_init_getenv_1                   0x08000313   Thumb Code     0  libinit2.o(.ARM.Collect$$libinit$$00000023)
    __rt_lib_init_heap_1                     0x08000313   Thumb Code     0  libinit2.o(.ARM.Collect$$libinit$$0000000A)
    __rt_lib_init_lc_collate_1               0x08000313   Thumb Code     0  libinit2.o(.ARM.Collect$$libinit$$00000011)
    __rt_lib_init_lc_ctype_1                 0x08000313   Thumb Code     0  libinit2.o(.ARM.Collect$$libinit$$00000013)
    __rt_lib_init_lc_monetary_1              0x08000313   Thumb Code     0  libinit2.o(.ARM.Collect$$libinit$$00000015)
    __rt_lib_init_lc_numeric_1               0x08000313   Thumb Code     0  libinit2.o(.ARM.Collect$$libinit$$00000017)
    __rt_lib_init_lc_time_1                  0x08000313   Thumb Code     0  libinit2.o(.ARM.Collect$$libinit$$00000019)
    __rt_lib_init_preinit_1                  0x08000313   Thumb Code     0  libinit2.o(.ARM.Collect$$libinit$$00000004)
    __rt_lib_init_rand_1                     0x08000313   Thumb Code     0  libinit2.o(.ARM.Collect$$libinit$$0000000E)
    __rt_lib_init_return                     0x08000313   Thumb Code     0  libinit2.o(.ARM.Collect$$libinit$$00000033)
    __rt_lib_init_signal_1                   0x08000313   Thumb Code     0  libinit2.o(.ARM.Collect$$libinit$$0000001D)
    __rt_lib_init_stdio_1                    0x08000313   Thumb Code     0  libinit2.o(.ARM.Collect$$libinit$$00000025)
    __rt_lib_init_user_alloc_1               0x08000313   Thumb Code     0  libinit2.o(.ARM.Collect$$libinit$$0000000C)
    __aeabi_uldivmod                         0x08000315   Thumb Code     0  lludivv7m.o(.text)
    _ll_udiv                                 0x08000315   Thumb Code   238  lludivv7m.o(.text)
    __2sprintf                               0x08000405   Thumb Code    34  noretval__2sprintf.o(.text)
    _printf_pre_padding                      0x0800042d   Thumb Code    44  _printf_pad.o(.text)
    _printf_post_padding                     0x08000459   Thumb Code    34  _printf_pad.o(.text)
    _printf_int_hex                          0x0800047d   Thumb Code    84  _printf_hex_int.o(.text)
    _printf_longlong_hex                     0x0800047d   Thumb Code     0  _printf_hex_int.o(.text)
    __aeabi_memcpy4                          0x080004d5   Thumb Code     0  rt_memcpy_w.o(.text)
    __aeabi_memcpy8                          0x080004d5   Thumb Code     0  rt_memcpy_w.o(.text)
    __rt_memcpy_w                            0x080004d5   Thumb Code   100  rt_memcpy_w.o(.text)
    _memcpy_lastbytes_aligned                0x0800051d   Thumb Code     0  rt_memcpy_w.o(.text)
    __use_two_region_memory                  0x08000539   Thumb Code     2  heapauxi.o(.text)
    __rt_heap_escrow$2region                 0x0800053b   Thumb Code     2  heapauxi.o(.text)
    __rt_heap_expand$2region                 0x0800053d   Thumb Code     2  heapauxi.o(.text)
    _printf_int_common                       0x0800053f   Thumb Code   178  _printf_intcommon.o(.text)
    _sputc                                   0x080005f1   Thumb Code    10  _sputc.o(.text)
    _printf_char_file                        0x080005fd   Thumb Code    32  _printf_char_file.o(.text)
    ferror                                   0x08000621   Thumb Code     8  ferror.o(.text)
    __user_setup_stackheap                   0x08000629   Thumb Code    74  sys_stackheap_outer.o(.text)
    __user_libspace                          0x08000675   Thumb Code     8  libspace.o(.text)
    __user_perproc_libspace                  0x08000675   Thumb Code     0  libspace.o(.text)
    __user_perthread_libspace                0x08000675   Thumb Code     0  libspace.o(.text)
    BusFault_Handler                         0x0800067d   Thumb Code     4  stm32h7xx_it.o(i.BusFault_Handler)
    Cache_Enable                             0x08000681   Thumb Code    24  sys.o(i.Cache_Enable)
    FMC_SDRAM_Init                           0x0800069d   Thumb Code   116  stm32h7xx_ll_fmc.o(i.FMC_SDRAM_Init)
    FMC_SDRAM_SendCommand                    0x08000711   Thumb Code    38  stm32h7xx_ll_fmc.o(i.FMC_SDRAM_SendCommand)
    HAL_GPIO_Init                            0x08000739   Thumb Code   534  stm32h7xx_hal_gpio.o(i.HAL_GPIO_Init)
    HAL_GPIO_TogglePin                       0x08000985   Thumb Code     8  stm32h7xx_hal_gpio.o(i.HAL_GPIO_TogglePin)
    HAL_LTDC_ConfigLayer                     0x0800098d   Thumb Code    94  stm32h7xx_hal_ltdc.o(i.HAL_LTDC_ConfigLayer)
    HAL_LTDC_SetWindowSize                   0x080009eb   Thumb Code   108  stm32h7xx_hal_ltdc.o(i.HAL_LTDC_SetWindowSize)
    HAL_MPU_Disable                          0x08000a59   Thumb Code    38  stm32h7xx_hal_cortex.o(i.HAL_MPU_Disable)
    HAL_MPU_Enable                           0x08000a85   Thumb Code    58  stm32h7xx_hal_cortex.o(i.HAL_MPU_Enable)
    HAL_RCCEx_GetPLL2ClockFreq               0x08000ac5   Thumb Code   532  stm32h7xx_hal_rcc_ex.o(i.HAL_RCCEx_GetPLL2ClockFreq)
    HAL_RCCEx_PeriphCLKConfig                0x08000cf1   Thumb Code  2868  stm32h7xx_hal_rcc_ex.o(i.HAL_RCCEx_PeriphCLKConfig)
    HAL_RCC_GetHCLKFreq                      0x08001829   Thumb Code    42  stm32h7xx_hal_rcc.o(i.HAL_RCC_GetHCLKFreq)
    HAL_RCC_GetPCLK2Freq                     0x08001861   Thumb Code    36  stm32h7xx_hal_rcc.o(i.HAL_RCC_GetPCLK2Freq)
    HAL_RCC_OscConfig                        0x0800188d   Thumb Code  1724  stm32h7xx_hal_rcc.o(i.HAL_RCC_OscConfig)
    HAL_SDRAM_Init                           0x08001f51   Thumb Code    76  stm32h7xx_hal_sdram.o(i.HAL_SDRAM_Init)
    HAL_SDRAM_MspInit                        0x08001fa1   Thumb Code   290  sdram.o(i.HAL_SDRAM_MspInit)
    HAL_SYSTICK_Config                       0x080020dd   Thumb Code    52  stm32h7xx_hal_cortex.o(i.HAL_SYSTICK_Config)
    HAL_UARTEx_WakeupCallback                0x08002111   Thumb Code     2  stm32h7xx_hal_uart_ex.o(i.HAL_UARTEx_WakeupCallback)
    HAL_UART_ErrorCallback                   0x08002113   Thumb Code     2  stm32h7xx_hal_uart.o(i.HAL_UART_ErrorCallback)
    HAL_UART_GetState                        0x08002115   Thumb Code    20  stm32h7xx_hal_uart.o(i.HAL_UART_GetState)
    HAL_UART_MspInit                         0x08002129   Thumb Code   138  usart.o(i.HAL_UART_MspInit)
    HAL_UART_Receive_IT                      0x080021c1   Thumb Code   224  stm32h7xx_hal_uart.o(i.HAL_UART_Receive_IT)
    HardFault_Handler                        0x080022a1   Thumb Code     4  stm32h7xx_it.o(i.HardFault_Handler)
    LCD_Display_Dir                          0x080022a5   Thumb Code   376  lcd.o(i.LCD_Display_Dir)
    LCD_Fast_DrawPoint                       0x08002425   Thumb Code   278  lcd.o(i.LCD_Fast_DrawPoint)
    LCD_Init                                 0x08002549   Thumb Code  9292  lcd.o(i.LCD_Init)
    LCD_SSD_BackLightSet                     0x080049ad   Thumb Code    72  lcd.o(i.LCD_SSD_BackLightSet)
    LCD_Scan_Dir                             0x080049fd   Thumb Code   624  lcd.o(i.LCD_Scan_Dir)
    LCD_SetCursor                            0x08004c71   Thumb Code   306  lcd.o(i.LCD_SetCursor)
    LCD_WR_REG                               0x08004da9   Thumb Code    18  lcd.o(i.LCD_WR_REG)
    LCD_WriteRAM_Prepare                     0x08004dc1   Thumb Code    10  lcd.o(i.LCD_WriteRAM_Prepare)
    LCD_WriteReg                             0x08004dd5   Thumb Code    10  lcd.o(i.LCD_WriteReg)
    LED_Init                                 0x08004de5   Thumb Code    78  led.o(i.LED_Init)
    LTDC_Clk_Set                             0x08004e3d   Thumb Code    46  ltdc.o(i.LTDC_Clk_Set)
    LTDC_Display_Dir                         0x08004e6d   Thumb Code    40  ltdc.o(i.LTDC_Display_Dir)
    LTDC_Fill                                0x08004e99   Thumb Code   310  ltdc.o(i.LTDC_Fill)
    LTDC_Init                                0x08004fe1   Thumb Code   990  ltdc.o(i.LTDC_Init)
    LTDC_Layer_Parameter_Config              0x080053dd   Thumb Code   114  ltdc.o(i.LTDC_Layer_Parameter_Config)
    LTDC_Layer_Window_Config                 0x08005459   Thumb Code    44  ltdc.o(i.LTDC_Layer_Window_Config)
    LTDC_Select_Layer                        0x08005489   Thumb Code     6  ltdc.o(i.LTDC_Select_Layer)
    SDRAM_Init                               0x080058f1   Thumb Code    94  sdram.o(i.SDRAM_Init)
    SDRAM_Send_Cmd                           0x08005959   Thumb Code    68  sdram.o(i.SDRAM_Send_Cmd)
    SVC_Handler                              0x080059a1   Thumb Code     2  stm32h7xx_it.o(i.SVC_Handler)
    Stm32_Clock_Init                         0x080059a5   Thumb Code   238  sys.o(i.Stm32_Clock_Init)
    SysTick_Handler                          0x08005a9d   Thumb Code     8  stm32h7xx_it.o(i.SysTick_Handler)
    SystemInit                               0x08005aa5   Thumb Code   130  system_stm32h7xx.o(i.SystemInit)
    UART_CheckIdleState                      0x08005b39   Thumb Code   116  stm32h7xx_hal_uart.o(i.UART_CheckIdleState)
    UART_SetConfig                           0x08005be5   Thumb Code  2452  stm32h7xx_hal_uart.o(i.UART_SetConfig)
    UsageFault_Handler                       0x0800660b   Thumb Code     4  stm32h7xx_it.o(i.UsageFault_Handler)
    _is_digit                                0x08006639   Thumb Code    14  __printf_wp.o(i._is_digit)
    delay_init                               0x08006649   Thumb Code    16  delay.o(i.delay_init)
    delay_ms                                 0x0800665d   Thumb Code    24  delay.o(i.delay_ms)
    delay_us                                 0x08006675   Thumb Code    68  delay.o(i.delay_us)
    fputc                                    0x080066bd   Thumb Code    22  usart.o(i.fputc)
    D1CorePrescTable                         0x08006708   Data          16  system_stm32h7xx.o(.constdata)
    Region$$Table$$Base                      0x0800672c   Number         0  anon$$obj.o(Region$$Table)
    Region$$Table$$Limit                     0x0800674c   Number         0  anon$$obj.o(Region$$Table)
    _printf_percent                          0x08100001   Thumb Code     0  _printf_percent.o(.ARM.Collect$$_printf_percent$$00000000)
    _printf_x                                0x08100001   Thumb Code     0  _printf_x.o(.ARM.Collect$$_printf_percent$$0000000C)
    _printf_percent_end                      0x08100007   Thumb Code     0  _printf_percent_end.o(.ARM.Collect$$_printf_percent$$00000017)
    __rt_lib_shutdown                        0x0810000b   Thumb Code     0  libshutdown.o(.ARM.Collect$$libshutdown$$00000000)
    __rt_lib_shutdown_cpp_1                  0x0810000d   Thumb Code     0  libshutdown2.o(.ARM.Collect$$libshutdown$$00000004)
    __rt_lib_shutdown_fini_1                 0x0810000d   Thumb Code     0  libshutdown2.o(.ARM.Collect$$libshutdown$$00000002)
    __rt_lib_shutdown_fp_trap_1              0x0810000d   Thumb Code     0  libshutdown2.o(.ARM.Collect$$libshutdown$$00000009)
    __rt_lib_shutdown_heap_1                 0x0810000d   Thumb Code     0  libshutdown2.o(.ARM.Collect$$libshutdown$$00000011)
    __rt_lib_shutdown_return                 0x0810000d   Thumb Code     0  libshutdown2.o(.ARM.Collect$$libshutdown$$00000012)
    __rt_lib_shutdown_signal_1               0x0810000d   Thumb Code     0  libshutdown2.o(.ARM.Collect$$libshutdown$$0000000C)
    __rt_lib_shutdown_stdio_1                0x0810000d   Thumb Code     0  libshutdown2.o(.ARM.Collect$$libshutdown$$00000006)
    __rt_lib_shutdown_user_alloc_1           0x0810000d   Thumb Code     0  libshutdown2.o(.ARM.Collect$$libshutdown$$0000000E)
    __rt_entry                               0x0810000f   Thumb Code     0  __rtentry.o(.ARM.Collect$$rtentry$$00000000)
    __rt_entry_presh_1                       0x0810000f   Thumb Code     0  __rtentry2.o(.ARM.Collect$$rtentry$$00000002)
    __rt_entry_sh                            0x0810000f   Thumb Code     0  __rtentry4.o(.ARM.Collect$$rtentry$$00000004)
    __rt_entry_li                            0x08100015   Thumb Code     0  __rtentry2.o(.ARM.Collect$$rtentry$$0000000A)
    __rt_entry_postsh_1                      0x08100015   Thumb Code     0  __rtentry2.o(.ARM.Collect$$rtentry$$00000009)
    __rt_entry_main                          0x08100019   Thumb Code     0  __rtentry2.o(.ARM.Collect$$rtentry$$0000000D)
    __rt_entry_postli_1                      0x08100019   Thumb Code     0  __rtentry2.o(.ARM.Collect$$rtentry$$0000000C)
    __rt_exit                                0x08100021   Thumb Code     0  rtexit.o(.ARM.Collect$$rtexit$$00000000)
    __rt_exit_ls                             0x08100023   Thumb Code     0  rtexit2.o(.ARM.Collect$$rtexit$$00000003)
    __rt_exit_prels_1                        0x08100023   Thumb Code     0  rtexit2.o(.ARM.Collect$$rtexit$$00000002)
    __rt_exit_exit                           0x08100027   Thumb Code     0  rtexit2.o(.ARM.Collect$$rtexit$$00000004)
    Reset_Handler                            0x0810002d   Thumb Code     8  startup_stm32h743xx.o(.text)
    MemManage_Handler                        0x08100039   Thumb Code     2  startup_stm32h743xx.o(.text)
    ADC3_IRQHandler                          0x08100047   Thumb Code     0  startup_stm32h743xx.o(.text)
    ADC_IRQHandler                           0x08100047   Thumb Code     0  startup_stm32h743xx.o(.text)
    BDMA_Channel0_IRQHandler                 0x08100047   Thumb Code     0  startup_stm32h743xx.o(.text)
    BDMA_Channel1_IRQHandler                 0x08100047   Thumb Code     0  startup_stm32h743xx.o(.text)
    BDMA_Channel2_IRQHandler                 0x08100047   Thumb Code     0  startup_stm32h743xx.o(.text)
    BDMA_Channel3_IRQHandler                 0x08100047   Thumb Code     0  startup_stm32h743xx.o(.text)
    BDMA_Channel4_IRQHandler                 0x08100047   Thumb Code     0  startup_stm32h743xx.o(.text)
    BDMA_Channel5_IRQHandler                 0x08100047   Thumb Code     0  startup_stm32h743xx.o(.text)
    BDMA_Channel6_IRQHandler                 0x08100047   Thumb Code     0  startup_stm32h743xx.o(.text)
    BDMA_Channel7_IRQHandler                 0x08100047   Thumb Code     0  startup_stm32h743xx.o(.text)
    CEC_IRQHandler                           0x08100047   Thumb Code     0  startup_stm32h743xx.o(.text)
    COMP1_IRQHandler                         0x08100047   Thumb Code     0  startup_stm32h743xx.o(.text)
    CRS_IRQHandler                           0x08100047   Thumb Code     0  startup_stm32h743xx.o(.text)
    DCMI_IRQHandler                          0x08100047   Thumb Code     0  startup_stm32h743xx.o(.text)
    DFSDM1_FLT0_IRQHandler                   0x08100047   Thumb Code     0  startup_stm32h743xx.o(.text)
    DFSDM1_FLT1_IRQHandler                   0x08100047   Thumb Code     0  startup_stm32h743xx.o(.text)
    DFSDM1_FLT2_IRQHandler                   0x08100047   Thumb Code     0  startup_stm32h743xx.o(.text)
    DFSDM1_FLT3_IRQHandler                   0x08100047   Thumb Code     0  startup_stm32h743xx.o(.text)
    DMA1_Stream0_IRQHandler                  0x08100047   Thumb Code     0  startup_stm32h743xx.o(.text)
    DMA1_Stream1_IRQHandler                  0x08100047   Thumb Code     0  startup_stm32h743xx.o(.text)
    DMA1_Stream2_IRQHandler                  0x08100047   Thumb Code     0  startup_stm32h743xx.o(.text)
    DMA1_Stream3_IRQHandler                  0x08100047   Thumb Code     0  startup_stm32h743xx.o(.text)
    DMA1_Stream4_IRQHandler                  0x08100047   Thumb Code     0  startup_stm32h743xx.o(.text)
    DMA1_Stream5_IRQHandler                  0x08100047   Thumb Code     0  startup_stm32h743xx.o(.text)
    DMA1_Stream6_IRQHandler                  0x08100047   Thumb Code     0  startup_stm32h743xx.o(.text)
    DMA1_Stream7_IRQHandler                  0x08100047   Thumb Code     0  startup_stm32h743xx.o(.text)
    DMA2D_IRQHandler                         0x08100047   Thumb Code     0  startup_stm32h743xx.o(.text)
    DMA2_Stream0_IRQHandler                  0x08100047   Thumb Code     0  startup_stm32h743xx.o(.text)
    DMA2_Stream1_IRQHandler                  0x08100047   Thumb Code     0  startup_stm32h743xx.o(.text)
    DMA2_Stream2_IRQHandler                  0x08100047   Thumb Code     0  startup_stm32h743xx.o(.text)
    DMA2_Stream3_IRQHandler                  0x08100047   Thumb Code     0  startup_stm32h743xx.o(.text)
    DMA2_Stream4_IRQHandler                  0x08100047   Thumb Code     0  startup_stm32h743xx.o(.text)
    DMA2_Stream5_IRQHandler                  0x08100047   Thumb Code     0  startup_stm32h743xx.o(.text)
    DMA2_Stream6_IRQHandler                  0x08100047   Thumb Code     0  startup_stm32h743xx.o(.text)
    DMA2_Stream7_IRQHandler                  0x08100047   Thumb Code     0  startup_stm32h743xx.o(.text)
    DMAMUX1_OVR_IRQHandler                   0x08100047   Thumb Code     0  startup_stm32h743xx.o(.text)
    DMAMUX2_OVR_IRQHandler                   0x08100047   Thumb Code     0  startup_stm32h743xx.o(.text)
    ETH_IRQHandler                           0x08100047   Thumb Code     0  startup_stm32h743xx.o(.text)
    ETH_WKUP_IRQHandler                      0x08100047   Thumb Code     0  startup_stm32h743xx.o(.text)
    EXTI0_IRQHandler                         0x08100047   Thumb Code     0  startup_stm32h743xx.o(.text)
    EXTI15_10_IRQHandler                     0x08100047   Thumb Code     0  startup_stm32h743xx.o(.text)
    EXTI1_IRQHandler                         0x08100047   Thumb Code     0  startup_stm32h743xx.o(.text)
    EXTI2_IRQHandler                         0x08100047   Thumb Code     0  startup_stm32h743xx.o(.text)
    EXTI3_IRQHandler                         0x08100047   Thumb Code     0  startup_stm32h743xx.o(.text)
    EXTI4_IRQHandler                         0x08100047   Thumb Code     0  startup_stm32h743xx.o(.text)
    EXTI9_5_IRQHandler                       0x08100047   Thumb Code     0  startup_stm32h743xx.o(.text)
    FDCAN1_IT0_IRQHandler                    0x08100047   Thumb Code     0  startup_stm32h743xx.o(.text)
    FDCAN1_IT1_IRQHandler                    0x08100047   Thumb Code     0  startup_stm32h743xx.o(.text)
    FDCAN2_IT0_IRQHandler                    0x08100047   Thumb Code     0  startup_stm32h743xx.o(.text)
    FDCAN2_IT1_IRQHandler                    0x08100047   Thumb Code     0  startup_stm32h743xx.o(.text)
    FDCAN_CAL_IRQHandler                     0x08100047   Thumb Code     0  startup_stm32h743xx.o(.text)
    FLASH_IRQHandler                         0x08100047   Thumb Code     0  startup_stm32h743xx.o(.text)
    FMC_IRQHandler                           0x08100047   Thumb Code     0  startup_stm32h743xx.o(.text)
    FPU_IRQHandler                           0x08100047   Thumb Code     0  startup_stm32h743xx.o(.text)
    HRTIM1_FLT_IRQHandler                    0x08100047   Thumb Code     0  startup_stm32h743xx.o(.text)
    HRTIM1_Master_IRQHandler                 0x08100047   Thumb Code     0  startup_stm32h743xx.o(.text)
    HRTIM1_TIMA_IRQHandler                   0x08100047   Thumb Code     0  startup_stm32h743xx.o(.text)
    HRTIM1_TIMB_IRQHandler                   0x08100047   Thumb Code     0  startup_stm32h743xx.o(.text)
    HRTIM1_TIMC_IRQHandler                   0x08100047   Thumb Code     0  startup_stm32h743xx.o(.text)
    HRTIM1_TIMD_IRQHandler                   0x08100047   Thumb Code     0  startup_stm32h743xx.o(.text)
    HRTIM1_TIME_IRQHandler                   0x08100047   Thumb Code     0  startup_stm32h743xx.o(.text)
    HSEM1_IRQHandler                         0x08100047   Thumb Code     0  startup_stm32h743xx.o(.text)
    I2C1_ER_IRQHandler                       0x08100047   Thumb Code     0  startup_stm32h743xx.o(.text)
    I2C1_EV_IRQHandler                       0x08100047   Thumb Code     0  startup_stm32h743xx.o(.text)
    I2C2_ER_IRQHandler                       0x08100047   Thumb Code     0  startup_stm32h743xx.o(.text)
    I2C2_EV_IRQHandler                       0x08100047   Thumb Code     0  startup_stm32h743xx.o(.text)
    I2C3_ER_IRQHandler                       0x08100047   Thumb Code     0  startup_stm32h743xx.o(.text)
    I2C3_EV_IRQHandler                       0x08100047   Thumb Code     0  startup_stm32h743xx.o(.text)
    I2C4_ER_IRQHandler                       0x08100047   Thumb Code     0  startup_stm32h743xx.o(.text)
    I2C4_EV_IRQHandler                       0x08100047   Thumb Code     0  startup_stm32h743xx.o(.text)
    JPEG_IRQHandler                          0x08100047   Thumb Code     0  startup_stm32h743xx.o(.text)
    LPTIM1_IRQHandler                        0x08100047   Thumb Code     0  startup_stm32h743xx.o(.text)
    LPTIM2_IRQHandler                        0x08100047   Thumb Code     0  startup_stm32h743xx.o(.text)
    LPTIM3_IRQHandler                        0x08100047   Thumb Code     0  startup_stm32h743xx.o(.text)
    LPTIM4_IRQHandler                        0x08100047   Thumb Code     0  startup_stm32h743xx.o(.text)
    LPTIM5_IRQHandler                        0x08100047   Thumb Code     0  startup_stm32h743xx.o(.text)
    LPUART1_IRQHandler                       0x08100047   Thumb Code     0  startup_stm32h743xx.o(.text)
    LTDC_ER_IRQHandler                       0x08100047   Thumb Code     0  startup_stm32h743xx.o(.text)
    LTDC_IRQHandler                          0x08100047   Thumb Code     0  startup_stm32h743xx.o(.text)
    MDIOS_IRQHandler                         0x08100047   Thumb Code     0  startup_stm32h743xx.o(.text)
    MDIOS_WKUP_IRQHandler                    0x08100047   Thumb Code     0  startup_stm32h743xx.o(.text)
    MDMA_IRQHandler                          0x08100047   Thumb Code     0  startup_stm32h743xx.o(.text)
    OTG_FS_EP1_IN_IRQHandler                 0x08100047   Thumb Code     0  startup_stm32h743xx.o(.text)
    OTG_FS_EP1_OUT_IRQHandler                0x08100047   Thumb Code     0  startup_stm32h743xx.o(.text)
    OTG_FS_IRQHandler                        0x08100047   Thumb Code     0  startup_stm32h743xx.o(.text)
    OTG_FS_WKUP_IRQHandler                   0x08100047   Thumb Code     0  startup_stm32h743xx.o(.text)
    OTG_HS_EP1_IN_IRQHandler                 0x08100047   Thumb Code     0  startup_stm32h743xx.o(.text)
    OTG_HS_EP1_OUT_IRQHandler                0x08100047   Thumb Code     0  startup_stm32h743xx.o(.text)
    OTG_HS_IRQHandler                        0x08100047   Thumb Code     0  startup_stm32h743xx.o(.text)
    OTG_HS_WKUP_IRQHandler                   0x08100047   Thumb Code     0  startup_stm32h743xx.o(.text)
    PVD_AVD_IRQHandler                       0x08100047   Thumb Code     0  startup_stm32h743xx.o(.text)
    QUADSPI_IRQHandler                       0x08100047   Thumb Code     0  startup_stm32h743xx.o(.text)
    RCC_IRQHandler                           0x08100047   Thumb Code     0  startup_stm32h743xx.o(.text)
    RNG_IRQHandler                           0x08100047   Thumb Code     0  startup_stm32h743xx.o(.text)
    RTC_Alarm_IRQHandler                     0x08100047   Thumb Code     0  startup_stm32h743xx.o(.text)
    RTC_WKUP_IRQHandler                      0x08100047   Thumb Code     0  startup_stm32h743xx.o(.text)
    SAI1_IRQHandler                          0x08100047   Thumb Code     0  startup_stm32h743xx.o(.text)
    SAI2_IRQHandler                          0x08100047   Thumb Code     0  startup_stm32h743xx.o(.text)
    SAI3_IRQHandler                          0x08100047   Thumb Code     0  startup_stm32h743xx.o(.text)
    SAI4_IRQHandler                          0x08100047   Thumb Code     0  startup_stm32h743xx.o(.text)
    SDMMC1_IRQHandler                        0x08100047   Thumb Code     0  startup_stm32h743xx.o(.text)
    SDMMC2_IRQHandler                        0x08100047   Thumb Code     0  startup_stm32h743xx.o(.text)
    SPDIF_RX_IRQHandler                      0x08100047   Thumb Code     0  startup_stm32h743xx.o(.text)
    SPI1_IRQHandler                          0x08100047   Thumb Code     0  startup_stm32h743xx.o(.text)
    SPI2_IRQHandler                          0x08100047   Thumb Code     0  startup_stm32h743xx.o(.text)
    SPI3_IRQHandler                          0x08100047   Thumb Code     0  startup_stm32h743xx.o(.text)
    SPI4_IRQHandler                          0x08100047   Thumb Code     0  startup_stm32h743xx.o(.text)
    SPI5_IRQHandler                          0x08100047   Thumb Code     0  startup_stm32h743xx.o(.text)
    SPI6_IRQHandler                          0x08100047   Thumb Code     0  startup_stm32h743xx.o(.text)
    SWPMI1_IRQHandler                        0x08100047   Thumb Code     0  startup_stm32h743xx.o(.text)
    TAMP_STAMP_IRQHandler                    0x08100047   Thumb Code     0  startup_stm32h743xx.o(.text)
    TIM15_IRQHandler                         0x08100047   Thumb Code     0  startup_stm32h743xx.o(.text)
    TIM16_IRQHandler                         0x08100047   Thumb Code     0  startup_stm32h743xx.o(.text)
    TIM17_IRQHandler                         0x08100047   Thumb Code     0  startup_stm32h743xx.o(.text)
    TIM1_BRK_IRQHandler                      0x08100047   Thumb Code     0  startup_stm32h743xx.o(.text)
    TIM1_CC_IRQHandler                       0x08100047   Thumb Code     0  startup_stm32h743xx.o(.text)
    TIM1_TRG_COM_IRQHandler                  0x08100047   Thumb Code     0  startup_stm32h743xx.o(.text)
    TIM1_UP_IRQHandler                       0x08100047   Thumb Code     0  startup_stm32h743xx.o(.text)
    TIM2_IRQHandler                          0x08100047   Thumb Code     0  startup_stm32h743xx.o(.text)
    TIM3_IRQHandler                          0x08100047   Thumb Code     0  startup_stm32h743xx.o(.text)
    TIM4_IRQHandler                          0x08100047   Thumb Code     0  startup_stm32h743xx.o(.text)
    TIM5_IRQHandler                          0x08100047   Thumb Code     0  startup_stm32h743xx.o(.text)
    TIM6_DAC_IRQHandler                      0x08100047   Thumb Code     0  startup_stm32h743xx.o(.text)
    TIM7_IRQHandler                          0x08100047   Thumb Code     0  startup_stm32h743xx.o(.text)
    TIM8_BRK_TIM12_IRQHandler                0x08100047   Thumb Code     0  startup_stm32h743xx.o(.text)
    TIM8_CC_IRQHandler                       0x08100047   Thumb Code     0  startup_stm32h743xx.o(.text)
    TIM8_TRG_COM_TIM14_IRQHandler            0x08100047   Thumb Code     0  startup_stm32h743xx.o(.text)
    TIM8_UP_TIM13_IRQHandler                 0x08100047   Thumb Code     0  startup_stm32h743xx.o(.text)
    UART4_IRQHandler                         0x08100047   Thumb Code     0  startup_stm32h743xx.o(.text)
    UART5_IRQHandler                         0x08100047   Thumb Code     0  startup_stm32h743xx.o(.text)
    UART7_IRQHandler                         0x08100047   Thumb Code     0  startup_stm32h743xx.o(.text)
    UART8_IRQHandler                         0x08100047   Thumb Code     0  startup_stm32h743xx.o(.text)
    USART2_IRQHandler                        0x08100047   Thumb Code     0  startup_stm32h743xx.o(.text)
    USART3_IRQHandler                        0x08100047   Thumb Code     0  startup_stm32h743xx.o(.text)
    USART6_IRQHandler                        0x08100047   Thumb Code     0  startup_stm32h743xx.o(.text)
    WAKEUP_PIN_IRQHandler                    0x08100047   Thumb Code     0  startup_stm32h743xx.o(.text)
    WWDG_IRQHandler                          0x08100047   Thumb Code     0  startup_stm32h743xx.o(.text)
    __user_initial_stackheap                 0x08100049   Thumb Code     0  startup_stm32h743xx.o(.text)
    __2printf                                0x0810006d   Thumb Code    20  noretval__2printf.o(.text)
    __printf                                 0x08100085   Thumb Code   308  __printf_flags_wp.o(.text)
    _printf_char_common                      0x081001c7   Thumb Code    32  _printf_char_common.o(.text)
    exit                                     0x081001ed   Thumb Code    18  exit.o(.text)
    Short Thumb to Thumb Veneer to _printf_int_hex 0x08100201   Thumb Code     4  anon$$obj.o(Veneer$$Code)
    DebugMon_Handler                         0x08100205   Thumb Code     2  stm32h7xx_it.o(i.DebugMon_Handler)
    FMC_NORSRAM_Extended_Timing_Init         0x08100209   Thumb Code    66  stm32h7xx_ll_fmc.o(i.FMC_NORSRAM_Extended_Timing_Init)
    FMC_NORSRAM_Init                         0x08100251   Thumb Code   124  stm32h7xx_ll_fmc.o(i.FMC_NORSRAM_Init)
    FMC_NORSRAM_Timing_Init                  0x081002d1   Thumb Code    94  stm32h7xx_ll_fmc.o(i.FMC_NORSRAM_Timing_Init)
    FMC_SDRAM_ProgramRefreshRate             0x0810032f   Thumb Code    14  stm32h7xx_ll_fmc.o(i.FMC_SDRAM_ProgramRefreshRate)
    FMC_SDRAM_Timing_Init                    0x0810033d   Thumb Code   152  stm32h7xx_ll_fmc.o(i.FMC_SDRAM_Timing_Init)
    HAL_DMA_Abort_IT                         0x081003d9   Thumb Code   236  stm32h7xx_hal_dma.o(i.HAL_DMA_Abort_IT)
    HAL_EnableCompensationCell               0x081004d1   Thumb Code    14  stm32h7xx_hal.o(i.HAL_EnableCompensationCell)
    HAL_GPIO_ReadPin                         0x081004e5   Thumb Code    16  stm32h7xx_hal_gpio.o(i.HAL_GPIO_ReadPin)
    HAL_GPIO_WritePin                        0x081004f5   Thumb Code    10  stm32h7xx_hal_gpio.o(i.HAL_GPIO_WritePin)
    HAL_GetTick                              0x08100501   Thumb Code     6  stm32h7xx_hal.o(i.HAL_GetTick)
    HAL_IncTick                              0x0810050d   Thumb Code    16  stm32h7xx_hal.o(i.HAL_IncTick)
    HAL_Init                                 0x08100525   Thumb Code    28  stm32h7xx_hal.o(i.HAL_Init)
    HAL_InitTick                             0x08100541   Thumb Code    64  stm32h7xx_hal.o(i.HAL_InitTick)
    HAL_LTDC_Init                            0x0810058d   Thumb Code   278  stm32h7xx_hal_ltdc.o(i.HAL_LTDC_Init)
    HAL_LTDC_MspInit                         0x081006a9   Thumb Code   300  ltdc.o(i.HAL_LTDC_MspInit)
    HAL_LTDC_SetWindowPosition               0x081007ed   Thumb Code   108  stm32h7xx_hal_ltdc.o(i.HAL_LTDC_SetWindowPosition)
    HAL_MPU_ConfigRegion                     0x08100859   Thumb Code    88  stm32h7xx_hal_cortex.o(i.HAL_MPU_ConfigRegion)
    HAL_MspInit                              0x081008b5   Thumb Code     2  stm32h7xx_hal_msp.o(i.HAL_MspInit)
    HAL_NVIC_EnableIRQ                       0x081008b7   Thumb Code    32  stm32h7xx_hal_cortex.o(i.HAL_NVIC_EnableIRQ)
    HAL_NVIC_SetPriority                     0x081008d7   Thumb Code   122  stm32h7xx_hal_cortex.o(i.HAL_NVIC_SetPriority)
    HAL_NVIC_SetPriorityGrouping             0x08100951   Thumb Code    32  stm32h7xx_hal_cortex.o(i.HAL_NVIC_SetPriorityGrouping)
    HAL_RCCEx_GetD1SysClockFreq              0x08100979   Thumb Code    44  stm32h7xx_hal_rcc_ex.o(i.HAL_RCCEx_GetD1SysClockFreq)
    HAL_RCCEx_GetD3PCLK1Freq                 0x081009b1   Thumb Code    34  stm32h7xx_hal_rcc_ex.o(i.HAL_RCCEx_GetD3PCLK1Freq)
    HAL_RCCEx_GetPLL3ClockFreq               0x081009dd   Thumb Code   532  stm32h7xx_hal_rcc_ex.o(i.HAL_RCCEx_GetPLL3ClockFreq)
    HAL_RCC_ClockConfig                      0x08100c09   Thumb Code   574  stm32h7xx_hal_rcc.o(i.HAL_RCC_ClockConfig)
    HAL_RCC_GetPCLK1Freq                     0x08100e59   Thumb Code    34  stm32h7xx_hal_rcc.o(i.HAL_RCC_GetPCLK1Freq)
    HAL_RCC_GetSysClockFreq                  0x08100e85   Thumb Code   556  stm32h7xx_hal_rcc.o(i.HAL_RCC_GetSysClockFreq)
    HAL_SDRAM_ProgramRefreshRate             0x081010c9   Thumb Code    40  stm32h7xx_hal_sdram.o(i.HAL_SDRAM_ProgramRefreshRate)
    HAL_SDRAM_SendCommand                    0x081010f1   Thumb Code    58  stm32h7xx_hal_sdram.o(i.HAL_SDRAM_SendCommand)
    HAL_SRAM_Init                            0x0810112d   Thumb Code   100  stm32h7xx_hal_sram.o(i.HAL_SRAM_Init)
    HAL_SRAM_MspInit                         0x08101195   Thumb Code   140  lcd.o(i.HAL_SRAM_MspInit)
    HAL_SYSTICK_CLKSourceConfig              0x0810122d   Thumb Code    40  stm32h7xx_hal_cortex.o(i.HAL_SYSTICK_CLKSourceConfig)
    HAL_UART_IRQHandler                      0x08101255   Thumb Code   434  stm32h7xx_hal_uart.o(i.HAL_UART_IRQHandler)
    HAL_UART_Init                            0x08101411   Thumb Code   120  stm32h7xx_hal_uart.o(i.HAL_UART_Init)
    HAL_UART_RxCpltCallback                  0x08101489   Thumb Code   120  usart.o(i.HAL_UART_RxCpltCallback)
    HAL_UART_TxCpltCallback                  0x08101511   Thumb Code     2  stm32h7xx_hal_uart.o(i.HAL_UART_TxCpltCallback)
    KEY_Init                                 0x08101515   Thumb Code   150  key.o(i.KEY_Init)
    LCD_Clear                                0x081015bd   Thumb Code    58  lcd.o(i.LCD_Clear)
    LCD_MPU_Config                           0x08101605   Thumb Code    80  lcd.o(i.LCD_MPU_Config)
    LCD_RD_DATA                              0x08101655   Thumb Code    14  lcd.o(i.LCD_RD_DATA)
    LCD_ShowChar                             0x08101669   Thumb Code   288  lcd.o(i.LCD_ShowChar)
    LCD_ShowString                           0x081017a5   Thumb Code   102  lcd.o(i.LCD_ShowString)
    LCD_WR_DATA                              0x0810180d   Thumb Code    18  lcd.o(i.LCD_WR_DATA)
    LTDC_Clear                               0x08101825   Thumb Code    32  ltdc.o(i.LTDC_Clear)
    LTDC_Draw_Point                          0x08101849   Thumb Code    70  ltdc.o(i.LTDC_Draw_Point)
    LTDC_PanelID_Read                        0x08101899   Thumb Code   200  ltdc.o(i.LTDC_PanelID_Read)
    NMI_Handler                              0x0810196d   Thumb Code     2  stm32h7xx_it.o(i.NMI_Handler)
    PendSV_Handler                           0x0810196f   Thumb Code     2  stm32h7xx_it.o(i.PendSV_Handler)
    SDRAM_Initialization_Sequence            0x08101aa1   Thumb Code    78  sdram.o(i.SDRAM_Initialization_Sequence)
    UART_AdvFeatureConfig                    0x08101af5   Thumb Code   234  stm32h7xx_hal_uart.o(i.UART_AdvFeatureConfig)
    UART_WaitOnFlagUntilTimeout              0x08101c89   Thumb Code   108  stm32h7xx_hal_uart.o(i.UART_WaitOnFlagUntilTimeout)
    USART1_IRQHandler                        0x08101cf5   Thumb Code    66  usart.o(i.USART1_IRQHandler)
    _sys_exit                                0x08101d55   Thumb Code     4  usart.o(i._sys_exit)
    main                                     0x08101d59   Thumb Code   292  main.o(i.main)
    uart_init                                0x08101eb1   Thumb Code    44  usart.o(i.uart_init)
    _fp_init                                 0x08101ee9   Thumb Code    10  fpinit.o(x$fpl$fpinit)
    __fplib_config_fpu_vfp                   0x08101ef1   Thumb Code     0  fpinit.o(x$fpl$fpinit)
    __fplib_config_pureend_doubles           0x08101ef1   Thumb Code     0  fpinit.o(x$fpl$fpinit)
    asc2_1206                                0x08101f52   Data        1140  lcd.o(.constdata)
    asc2_1608                                0x081023c6   Data        1520  lcd.o(.constdata)
    asc2_2412                                0x081029b6   Data        3420  lcd.o(.constdata)
    asc2_3216                                0x08103712   Data       12160  lcd.o(.constdata)
    SystemCoreClock                          0x24000000   Data           4  system_stm32h7xx.o(.data)
    SystemD2Clock                            0x24000004   Data           4  system_stm32h7xx.o(.data)
    __stdout                                 0x2400000c   Data           4  usart.o(.data)
    USART_RX_STA                             0x24000010   Data           2  usart.o(.data)
    aRxBuffer                                0x24000012   Data           1  usart.o(.data)
    POINT_COLOR                              0x24000020   Data           4  lcd.o(.data)
    BACK_COLOR                               0x24000024   Data           4  lcd.o(.data)
    ltdc_framebuf                            0x24000028   Data           8  ltdc.o(.data)
    USART_RX_BUF                             0x24000030   Data         200  usart.o(.bss)
    UART1_Handler                            0x240000f8   Data         128  usart.o(.bss)
    SDRAM_Handler                            0x24000178   Data          52  sdram.o(.bss)
    SRAM_Handler                             0x240001ac   Data          76  lcd.o(.bss)
    lcddev                                   0x240001f8   Data          14  lcd.o(.bss)
    LTDC_Handler                             0x24000208   Data         168  ltdc.o(.bss)
    DMA2D_Handler                            0x240002b0   Data          96  ltdc.o(.bss)
    lcdltdc                                  0x24000310   Data          32  ltdc.o(.bss)
    __libspace_start                         0x24000330   Data          96  libspace.o(.bss)
    __temporary_stack_top$libspace           0x24000390   Data           0  libspace.o(.bss)
    ltdc_lcd_framebuf                        0xc0000000   Data       2048000  ltdc.o(.ARM.__AT_0xC0000000)



==============================================================================

Memory Map of the image

  Image Entry point : 0x08000299

  Load Region LR_IROM1 (Base: 0x08000000, Size: 0x0000677c, Max: 0x00100000, ABSOLUTE)

    Execution Region ER_IROM1 (Exec base: 0x08000000, Load base: 0x08000000, Size: 0x0000674c, Max: 0x00100000, ABSOLUTE)

    Exec Addr    Load Addr    Size         Type   Attr      Idx    E Section Name        Object

    0x08000000   0x08000000   0x00000298   Data   RO          475    RESET               startup_stm32h743xx.o
    0x08000298   0x08000298   0x00000008   Code   RO         5009  * !!!main             c_w.l(__main.o)
    0x080002a0   0x080002a0   0x00000034   Code   RO         5191    !!!scatter          c_w.l(__scatter.o)
    0x080002d4   0x080002d4   0x0000001a   Code   RO         5193    !!handler_copy      c_w.l(__scatter_copy.o)
    0x080002ee   0x080002ee   0x00000002   PAD
    0x080002f0   0x080002f0   0x0000001c   Code   RO         5195    !!handler_zi        c_w.l(__scatter_zi.o)
    0x0800030c   0x0800030c   0x00000002   Code   RO         5061    .ARM.Collect$$libinit$$00000000  c_w.l(libinit.o)
    0x0800030e   0x0800030e   0x00000004   Code   RO         5073    .ARM.Collect$$libinit$$00000001  c_w.l(libinit2.o)
    0x08000312   0x08000312   0x00000000   Code   RO         5076    .ARM.Collect$$libinit$$00000004  c_w.l(libinit2.o)
    0x08000312   0x08000312   0x00000000   Code   RO         5079    .ARM.Collect$$libinit$$0000000A  c_w.l(libinit2.o)
    0x08000312   0x08000312   0x00000000   Code   RO         5081    .ARM.Collect$$libinit$$0000000C  c_w.l(libinit2.o)
    0x08000312   0x08000312   0x00000000   Code   RO         5083    .ARM.Collect$$libinit$$0000000E  c_w.l(libinit2.o)
    0x08000312   0x08000312   0x00000000   Code   RO         5086    .ARM.Collect$$libinit$$00000011  c_w.l(libinit2.o)
    0x08000312   0x08000312   0x00000000   Code   RO         5088    .ARM.Collect$$libinit$$00000013  c_w.l(libinit2.o)
    0x08000312   0x08000312   0x00000000   Code   RO         5090    .ARM.Collect$$libinit$$00000015  c_w.l(libinit2.o)
    0x08000312   0x08000312   0x00000000   Code   RO         5092    .ARM.Collect$$libinit$$00000017  c_w.l(libinit2.o)
    0x08000312   0x08000312   0x00000000   Code   RO         5094    .ARM.Collect$$libinit$$00000019  c_w.l(libinit2.o)
    0x08000312   0x08000312   0x00000000   Code   RO         5096    .ARM.Collect$$libinit$$0000001B  c_w.l(libinit2.o)
    0x08000312   0x08000312   0x00000000   Code   RO         5098    .ARM.Collect$$libinit$$0000001D  c_w.l(libinit2.o)
    0x08000312   0x08000312   0x00000000   Code   RO         5100    .ARM.Collect$$libinit$$0000001F  c_w.l(libinit2.o)
    0x08000312   0x08000312   0x00000000   Code   RO         5102    .ARM.Collect$$libinit$$00000021  c_w.l(libinit2.o)
    0x08000312   0x08000312   0x00000000   Code   RO         5104    .ARM.Collect$$libinit$$00000023  c_w.l(libinit2.o)
    0x08000312   0x08000312   0x00000000   Code   RO         5106    .ARM.Collect$$libinit$$00000025  c_w.l(libinit2.o)
    0x08000312   0x08000312   0x00000000   Code   RO         5110    .ARM.Collect$$libinit$$0000002C  c_w.l(libinit2.o)
    0x08000312   0x08000312   0x00000000   Code   RO         5112    .ARM.Collect$$libinit$$0000002E  c_w.l(libinit2.o)
    0x08000312   0x08000312   0x00000000   Code   RO         5114    .ARM.Collect$$libinit$$00000030  c_w.l(libinit2.o)
    0x08000312   0x08000312   0x00000000   Code   RO         5116    .ARM.Collect$$libinit$$00000032  c_w.l(libinit2.o)
    0x08000312   0x08000312   0x00000002   Code   RO         5117    .ARM.Collect$$libinit$$00000033  c_w.l(libinit2.o)
    0x08000314   0x08000314   0x000000ee   Code   RO         4948    .text               c_w.l(lludivv7m.o)
    0x08000402   0x08000402   0x00000002   PAD
    0x08000404   0x08000404   0x00000028   Code   RO         4956    .text               c_w.l(noretval__2sprintf.o)
    0x0800042c   0x0800042c   0x0000004e   Code   RO         4960    .text               c_w.l(_printf_pad.o)
    0x0800047a   0x0800047a   0x00000002   PAD
    0x0800047c   0x0800047c   0x00000058   Code   RO         4965    .text               c_w.l(_printf_hex_int.o)
    0x080004d4   0x080004d4   0x00000064   Code   RO         5005    .text               c_w.l(rt_memcpy_w.o)
    0x08000538   0x08000538   0x00000006   Code   RO         5007    .text               c_w.l(heapauxi.o)
    0x0800053e   0x0800053e   0x000000b2   Code   RO         5016    .text               c_w.l(_printf_intcommon.o)
    0x080005f0   0x080005f0   0x0000000a   Code   RO         5020    .text               c_w.l(_sputc.o)
    0x080005fa   0x080005fa   0x00000002   PAD
    0x080005fc   0x080005fc   0x00000024   Code   RO         5022    .text               c_w.l(_printf_char_file.o)
    0x08000620   0x08000620   0x00000008   Code   RO         5044    .text               c_w.l(ferror.o)
    0x08000628   0x08000628   0x0000004a   Code   RO         5048    .text               c_w.l(sys_stackheap_outer.o)
    0x08000672   0x08000672   0x00000002   PAD
    0x08000674   0x08000674   0x00000008   Code   RO         5062    .text               c_w.l(libspace.o)
    0x0800067c   0x0800067c   0x00000004   Code   RO          333    i.BusFault_Handler  stm32h7xx_it.o
    0x08000680   0x08000680   0x0000001c   Code   RO          523    i.Cache_Enable      sys.o
    0x0800069c   0x0800069c   0x00000074   Code   RO         3770    i.FMC_SDRAM_Init    stm32h7xx_ll_fmc.o
    0x08000710   0x08000710   0x00000026   Code   RO         3772    i.FMC_SDRAM_SendCommand  stm32h7xx_ll_fmc.o
    0x08000736   0x08000736   0x00000002   PAD
    0x08000738   0x08000738   0x0000024c   Code   RO         1306    i.HAL_GPIO_Init     stm32h7xx_hal_gpio.o
    0x08000984   0x08000984   0x00000008   Code   RO         1309    i.HAL_GPIO_TogglePin  stm32h7xx_hal_gpio.o
    0x0800098c   0x0800098c   0x0000005e   Code   RO         4190    i.HAL_LTDC_ConfigLayer  stm32h7xx_hal_ltdc.o
    0x080009ea   0x080009ea   0x0000006c   Code   RO         4224    i.HAL_LTDC_SetWindowSize  stm32h7xx_hal_ltdc.o
    0x08000a56   0x08000a56   0x00000002   PAD
    0x08000a58   0x08000a58   0x0000002c   Code   RO          967    i.HAL_MPU_Disable   stm32h7xx_hal_cortex.o
    0x08000a84   0x08000a84   0x00000040   Code   RO          968    i.HAL_MPU_Enable    stm32h7xx_hal_cortex.o
    0x08000ac4   0x08000ac4   0x0000022c   Code   RO         2004    i.HAL_RCCEx_GetPLL2ClockFreq  stm32h7xx_hal_rcc_ex.o
    0x08000cf0   0x08000cf0   0x00000b38   Code   RO         2009    i.HAL_RCCEx_PeriphCLKConfig  stm32h7xx_hal_rcc_ex.o
    0x08001828   0x08001828   0x00000038   Code   RO         1896    i.HAL_RCC_GetHCLKFreq  stm32h7xx_hal_rcc.o
    0x08001860   0x08001860   0x0000002c   Code   RO         1899    i.HAL_RCC_GetPCLK2Freq  stm32h7xx_hal_rcc.o
    0x0800188c   0x0800188c   0x000006c4   Code   RO         1903    i.HAL_RCC_OscConfig  stm32h7xx_hal_rcc.o
    0x08001f50   0x08001f50   0x00000050   Code   RO         4035    i.HAL_SDRAM_Init    stm32h7xx_hal_sdram.o
    0x08001fa0   0x08001fa0   0x0000013c   Code   RO         4542    i.HAL_SDRAM_MspInit  sdram.o
    0x080020dc   0x080020dc   0x00000034   Code   RO          982    i.HAL_SYSTICK_Config  stm32h7xx_hal_cortex.o
    0x08002110   0x08002110   0x00000002   Code   RO         2515    i.HAL_UARTEx_WakeupCallback  stm32h7xx_hal_uart_ex.o
    0x08002112   0x08002112   0x00000002   Code   RO         2179    i.HAL_UART_ErrorCallback  stm32h7xx_hal_uart.o
    0x08002114   0x08002114   0x00000014   Code   RO         2181    i.HAL_UART_GetState  stm32h7xx_hal_uart.o
    0x08002128   0x08002128   0x00000098   Code   RO          584    i.HAL_UART_MspInit  usart.o
    0x080021c0   0x080021c0   0x000000e0   Code   RO         2188    i.HAL_UART_Receive_IT  stm32h7xx_hal_uart.o
    0x080022a0   0x080022a0   0x00000004   Code   RO          335    i.HardFault_Handler  stm32h7xx_it.o
    0x080022a4   0x080022a4   0x00000180   Code   RO         4607    i.LCD_Display_Dir   lcd.o
    0x08002424   0x08002424   0x00000124   Code   RO         4612    i.LCD_Fast_DrawPoint  lcd.o
    0x08002548   0x08002548   0x00002464   Code   RO         4614    i.LCD_Init          lcd.o
    0x080049ac   0x080049ac   0x00000050   Code   RO         4620    i.LCD_SSD_BackLightSet  lcd.o
    0x080049fc   0x080049fc   0x00000274   Code   RO         4621    i.LCD_Scan_Dir      lcd.o
    0x08004c70   0x08004c70   0x00000138   Code   RO         4622    i.LCD_SetCursor     lcd.o
    0x08004da8   0x08004da8   0x00000018   Code   RO         4629    i.LCD_WR_REG        lcd.o
    0x08004dc0   0x08004dc0   0x00000014   Code   RO         4631    i.LCD_WriteRAM_Prepare  lcd.o
    0x08004dd4   0x08004dd4   0x00000010   Code   RO         4632    i.LCD_WriteReg      lcd.o
    0x08004de4   0x08004de4   0x00000058   Code   RO         4446    i.LED_Init          led.o
    0x08004e3c   0x08004e3c   0x0000002e   Code   RO         4834    i.LTDC_Clk_Set      ltdc.o
    0x08004e6a   0x08004e6a   0x00000002   PAD
    0x08004e6c   0x08004e6c   0x0000002c   Code   RO         4836    i.LTDC_Display_Dir  ltdc.o
    0x08004e98   0x08004e98   0x00000148   Code   RO         4838    i.LTDC_Fill         ltdc.o
    0x08004fe0   0x08004fe0   0x000003fc   Code   RO         4839    i.LTDC_Init         ltdc.o
    0x080053dc   0x080053dc   0x0000007c   Code   RO         4840    i.LTDC_Layer_Parameter_Config  ltdc.o
    0x08005458   0x08005458   0x00000030   Code   RO         4842    i.LTDC_Layer_Window_Config  ltdc.o
    0x08005488   0x08005488   0x0000000c   Code   RO         4845    i.LTDC_Select_Layer  ltdc.o
    0x08005494   0x08005494   0x00000212   Code   RO         4226    i.LTDC_SetConfig    stm32h7xx_hal_ltdc.o
    0x080056a6   0x080056a6   0x00000002   PAD
    0x080056a8   0x080056a8   0x00000130   Code   RO         2012    i.RCCEx_PLL2_Config  stm32h7xx_hal_rcc_ex.o
    0x080057d8   0x080057d8   0x0000009c   Code   RO          526    i.SCB_EnableDCache  sys.o
    0x08005874   0x08005874   0x0000007c   Code   RO          527    i.SCB_EnableICache  sys.o
    0x080058f0   0x080058f0   0x00000068   Code   RO         4543    i.SDRAM_Init        sdram.o
    0x08005958   0x08005958   0x00000048   Code   RO         4545    i.SDRAM_Send_Cmd    sdram.o
    0x080059a0   0x080059a0   0x00000002   Code   RO          338    i.SVC_Handler       stm32h7xx_it.o
    0x080059a2   0x080059a2   0x00000002   PAD
    0x080059a4   0x080059a4   0x000000f8   Code   RO          528    i.Stm32_Clock_Init  sys.o
    0x08005a9c   0x08005a9c   0x00000008   Code   RO          339    i.SysTick_Handler   stm32h7xx_it.o
    0x08005aa4   0x08005aa4   0x00000094   Code   RO          408    i.SystemInit        system_stm32h7xx.o
    0x08005b38   0x08005b38   0x00000074   Code   RO         2197    i.UART_CheckIdleState  stm32h7xx_hal_uart.o
    0x08005bac   0x08005bac   0x00000018   Code   RO         2198    i.UART_DMAAbortOnError  stm32h7xx_hal_uart.o
    0x08005bc4   0x08005bc4   0x00000020   Code   RO         2208    i.UART_EndRxTransfer  stm32h7xx_hal_uart.o
    0x08005be4   0x08005be4   0x000009a4   Code   RO         2212    i.UART_SetConfig    stm32h7xx_hal_uart.o
    0x08006588   0x08006588   0x00000082   Code   RO         2213    i.UART_Transmit_IT  stm32h7xx_hal_uart.o
    0x0800660a   0x0800660a   0x00000004   Code   RO          340    i.UsageFault_Handler  stm32h7xx_it.o
    0x0800660e   0x0800660e   0x00000002   PAD
    0x08006610   0x08006610   0x00000028   Code   RO          985    i.__NVIC_SetPriority  stm32h7xx_hal_cortex.o
    0x08006638   0x08006638   0x0000000e   Code   RO         4993    i._is_digit         c_w.l(__printf_wp.o)
    0x08006646   0x08006646   0x00000002   PAD
    0x08006648   0x08006648   0x00000014   Code   RO          483    i.delay_init        delay.o
    0x0800665c   0x0800665c   0x00000018   Code   RO          484    i.delay_ms          delay.o
    0x08006674   0x08006674   0x00000048   Code   RO          485    i.delay_us          delay.o
    0x080066bc   0x080066bc   0x0000001c   Code   RO          588    i.fputc             usart.o
    0x080066d8   0x080066d8   0x00000040   Data   RO          409    .constdata          system_stm32h7xx.o
    0x08006718   0x08006718   0x00000011   Data   RO         4996    .constdata          c_w.l(__printf_flags_wp.o)
    0x08006729   0x08006729   0x00000003   PAD
    0x0800672c   0x0800672c   0x00000020   Data   RO         5189    Region$$Table       anon$$obj.o


    Execution Region RW_IRAM1 (Exec base: 0x20000000, Load base: 0x0800674c, Size: 0x00000000, Max: 0x00020000, ABSOLUTE)

    **** No section assigned to this execution region ****


    Execution Region RW_IRAM2 (Exec base: 0x24000000, Load base: 0x0800674c, Size: 0x00000990, Max: 0x00080000, ABSOLUTE)

    Exec Addr    Load Addr    Size         Type   Attr      Idx    E Section Name        Object

    0x24000000   0x0800674c   0x00000008   Data   RW          410    .data               system_stm32h7xx.o
    0x24000008   0x08006754   0x00000004   Data   RW          487    .data               delay.o
    0x2400000c   0x08006758   0x00000007   Data   RW          592    .data               usart.o
    0x24000013   0x0800675f   0x00000001   PAD
    0x24000014   0x08006760   0x00000009   Data   RW          700    .data               stm32h7xx_hal.o
    0x2400001d   0x08006769   0x00000003   PAD
    0x24000020   0x0800676c   0x00000008   Data   RW         4636    .data               lcd.o
    0x24000028   0x08006774   0x00000008   Data   RW         4850    .data               ltdc.o
    0x24000030        -       0x00000148   Zero   RW          590    .bss                usart.o
    0x24000178        -       0x00000034   Zero   RW         4546    .bss                sdram.o
    0x240001ac        -       0x0000005a   Zero   RW         4634    .bss                lcd.o
    0x24000206   0x0800677c   0x00000002   PAD
    0x24000208        -       0x00000128   Zero   RW         4848    .bss                ltdc.o
    0x24000330        -       0x00000060   Zero   RW         5063    .bss                c_w.l(libspace.o)
    0x24000390        -       0x00000200   Zero   RW          474    HEAP                startup_stm32h743xx.o
    0x24000590        -       0x00000400   Zero   RW          473    STACK               startup_stm32h743xx.o



  Load Region LR_IROM2 (Base: 0x08100000, Size: 0x000066bc, Max: 0x00100000, ABSOLUTE)

    Execution Region ER_IROM2 (Exec base: 0x08100000, Load base: 0x08100000, Size: 0x000066bc, Max: 0x00100000, ABSOLUTE)

    Exec Addr    Load Addr    Size         Type   Attr      Idx    E Section Name        Object

    0x08100000   0x08100000   0x00000000   Code   RO         5004    .ARM.Collect$$_printf_percent$$00000000  c_w.l(_printf_percent.o)
    0x08100000   0x08100000   0x00000006   Code   RO         5003    .ARM.Collect$$_printf_percent$$0000000C  c_w.l(_printf_x.o)
    0x08100006   0x08100006   0x00000004   Code   RO         5024    .ARM.Collect$$_printf_percent$$00000017  c_w.l(_printf_percent_end.o)
    0x0810000a   0x0810000a   0x00000002   Code   RO         5143    .ARM.Collect$$libshutdown$$00000000  c_w.l(libshutdown.o)
    0x0810000c   0x0810000c   0x00000000   Code   RO         5172    .ARM.Collect$$libshutdown$$00000002  c_w.l(libshutdown2.o)
    0x0810000c   0x0810000c   0x00000000   Code   RO         5174    .ARM.Collect$$libshutdown$$00000004  c_w.l(libshutdown2.o)
    0x0810000c   0x0810000c   0x00000000   Code   RO         5176    .ARM.Collect$$libshutdown$$00000006  c_w.l(libshutdown2.o)
    0x0810000c   0x0810000c   0x00000000   Code   RO         5179    .ARM.Collect$$libshutdown$$00000009  c_w.l(libshutdown2.o)
    0x0810000c   0x0810000c   0x00000000   Code   RO         5182    .ARM.Collect$$libshutdown$$0000000C  c_w.l(libshutdown2.o)
    0x0810000c   0x0810000c   0x00000000   Code   RO         5184    .ARM.Collect$$libshutdown$$0000000E  c_w.l(libshutdown2.o)
    0x0810000c   0x0810000c   0x00000000   Code   RO         5187    .ARM.Collect$$libshutdown$$00000011  c_w.l(libshutdown2.o)
    0x0810000c   0x0810000c   0x00000002   Code   RO         5188    .ARM.Collect$$libshutdown$$00000012  c_w.l(libshutdown2.o)
    0x0810000e   0x0810000e   0x00000000   Code   RO         5011    .ARM.Collect$$rtentry$$00000000  c_w.l(__rtentry.o)
    0x0810000e   0x0810000e   0x00000000   Code   RO         5026    .ARM.Collect$$rtentry$$00000002  c_w.l(__rtentry2.o)
    0x0810000e   0x0810000e   0x00000006   Code   RO         5038    .ARM.Collect$$rtentry$$00000004  c_w.l(__rtentry4.o)
    0x08100014   0x08100014   0x00000000   Code   RO         5028    .ARM.Collect$$rtentry$$00000009  c_w.l(__rtentry2.o)
    0x08100014   0x08100014   0x00000004   Code   RO         5029    .ARM.Collect$$rtentry$$0000000A  c_w.l(__rtentry2.o)
    0x08100018   0x08100018   0x00000000   Code   RO         5031    .ARM.Collect$$rtentry$$0000000C  c_w.l(__rtentry2.o)
    0x08100018   0x08100018   0x00000008   Code   RO         5032    .ARM.Collect$$rtentry$$0000000D  c_w.l(__rtentry2.o)
    0x08100020   0x08100020   0x00000002   Code   RO         5065    .ARM.Collect$$rtexit$$00000000  c_w.l(rtexit.o)
    0x08100022   0x08100022   0x00000000   Code   RO         5119    .ARM.Collect$$rtexit$$00000002  c_w.l(rtexit2.o)
    0x08100022   0x08100022   0x00000004   Code   RO         5120    .ARM.Collect$$rtexit$$00000003  c_w.l(rtexit2.o)
    0x08100026   0x08100026   0x00000006   Code   RO         5121    .ARM.Collect$$rtexit$$00000004  c_w.l(rtexit2.o)
    0x0810002c   0x0810002c   0x00000040   Code   RO          476    .text               startup_stm32h743xx.o
    0x0810006c   0x0810006c   0x00000018   Code   RO         4954    .text               c_w.l(noretval__2printf.o)
    0x08100084   0x08100084   0x00000138   Code   RO         4995    .text               c_w.l(__printf_flags_wp.o)
    0x081001bc   0x081001bc   0x00000030   Code   RO         5018    .text               c_w.l(_printf_char_common.o)
    0x081001ec   0x081001ec   0x00000012   Code   RO         5050    .text               c_w.l(exit.o)
    0x081001fe   0x081001fe   0x00000002   PAD
    0x08100200   0x08100200   0x00000004   Ven    RO         5197    Veneer$$Code        anon$$obj.o
    0x08100204   0x08100204   0x00000002   Code   RO          334    i.DebugMon_Handler  stm32h7xx_it.o
    0x08100206   0x08100206   0x00000002   PAD
    0x08100208   0x08100208   0x00000048   Code   RO         3763    i.FMC_NORSRAM_Extended_Timing_Init  stm32h7xx_ll_fmc.o
    0x08100250   0x08100250   0x00000080   Code   RO         3764    i.FMC_NORSRAM_Init  stm32h7xx_ll_fmc.o
    0x081002d0   0x081002d0   0x0000005e   Code   RO         3765    i.FMC_NORSRAM_Timing_Init  stm32h7xx_ll_fmc.o
    0x0810032e   0x0810032e   0x0000000e   Code   RO         3771    i.FMC_SDRAM_ProgramRefreshRate  stm32h7xx_ll_fmc.o
    0x0810033c   0x0810033c   0x0000009c   Code   RO         3774    i.FMC_SDRAM_Timing_Init  stm32h7xx_ll_fmc.o
    0x081003d8   0x081003d8   0x000000f8   Code   RO         1119    i.HAL_DMA_Abort_IT  stm32h7xx_hal_dma.o
    0x081004d0   0x081004d0   0x00000014   Code   RO          666    i.HAL_EnableCompensationCell  stm32h7xx_hal.o
    0x081004e4   0x081004e4   0x00000010   Code   RO         1308    i.HAL_GPIO_ReadPin  stm32h7xx_hal_gpio.o
    0x081004f4   0x081004f4   0x0000000a   Code   RO         1310    i.HAL_GPIO_WritePin  stm32h7xx_hal_gpio.o
    0x081004fe   0x081004fe   0x00000002   PAD
    0x08100500   0x08100500   0x0000000c   Code   RO          673    i.HAL_GetTick       stm32h7xx_hal.o
    0x0810050c   0x0810050c   0x00000018   Code   RO          676    i.HAL_IncTick       stm32h7xx_hal.o
    0x08100524   0x08100524   0x0000001c   Code   RO          677    i.HAL_Init          stm32h7xx_hal.o
    0x08100540   0x08100540   0x0000004c   Code   RO          678    i.HAL_InitTick      stm32h7xx_hal.o
    0x0810058c   0x0810058c   0x0000011c   Code   RO         4207    i.HAL_LTDC_Init     stm32h7xx_hal_ltdc.o
    0x081006a8   0x081006a8   0x00000144   Code   RO         4832    i.HAL_LTDC_MspInit  ltdc.o
    0x081007ec   0x081007ec   0x0000006c   Code   RO         4222    i.HAL_LTDC_SetWindowPosition  stm32h7xx_hal_ltdc.o
    0x08100858   0x08100858   0x0000005c   Code   RO          966    i.HAL_MPU_ConfigRegion  stm32h7xx_hal_cortex.o
    0x081008b4   0x081008b4   0x00000002   Code   RO          445    i.HAL_MspInit       stm32h7xx_hal_msp.o
    0x081008b6   0x081008b6   0x00000020   Code   RO          971    i.HAL_NVIC_EnableIRQ  stm32h7xx_hal_cortex.o
    0x081008d6   0x081008d6   0x0000007a   Code   RO          977    i.HAL_NVIC_SetPriority  stm32h7xx_hal_cortex.o
    0x08100950   0x08100950   0x00000028   Code   RO          978    i.HAL_NVIC_SetPriorityGrouping  stm32h7xx_hal_cortex.o
    0x08100978   0x08100978   0x00000038   Code   RO         2001    i.HAL_RCCEx_GetD1SysClockFreq  stm32h7xx_hal_rcc_ex.o
    0x081009b0   0x081009b0   0x0000002c   Code   RO         2002    i.HAL_RCCEx_GetD3PCLK1Freq  stm32h7xx_hal_rcc_ex.o
    0x081009dc   0x081009dc   0x0000022c   Code   RO         2005    i.HAL_RCCEx_GetPLL3ClockFreq  stm32h7xx_hal_rcc_ex.o
    0x08100c08   0x08100c08   0x00000250   Code   RO         1892    i.HAL_RCC_ClockConfig  stm32h7xx_hal_rcc.o
    0x08100e58   0x08100e58   0x0000002c   Code   RO         1898    i.HAL_RCC_GetPCLK1Freq  stm32h7xx_hal_rcc.o
    0x08100e84   0x08100e84   0x00000244   Code   RO         1900    i.HAL_RCC_GetSysClockFreq  stm32h7xx_hal_rcc.o
    0x081010c8   0x081010c8   0x00000028   Code   RO         4038    i.HAL_SDRAM_ProgramRefreshRate  stm32h7xx_hal_sdram.o
    0x081010f0   0x081010f0   0x0000003a   Code   RO         4044    i.HAL_SDRAM_SendCommand  stm32h7xx_hal_sdram.o
    0x0810112a   0x0810112a   0x00000002   PAD
    0x0810112c   0x0810112c   0x00000068   Code   RO         3911    i.HAL_SRAM_Init     stm32h7xx_hal_sram.o
    0x08101194   0x08101194   0x00000098   Code   RO         4601    i.HAL_SRAM_MspInit  lcd.o
    0x0810122c   0x0810122c   0x00000028   Code   RO          980    i.HAL_SYSTICK_CLKSourceConfig  stm32h7xx_hal_cortex.o
    0x08101254   0x08101254   0x000001bc   Code   RO         2182    i.HAL_UART_IRQHandler  stm32h7xx_hal_uart.o
    0x08101410   0x08101410   0x00000078   Code   RO         2183    i.HAL_UART_Init     stm32h7xx_hal_uart.o
    0x08101488   0x08101488   0x00000088   Code   RO          585    i.HAL_UART_RxCpltCallback  usart.o
    0x08101510   0x08101510   0x00000002   Code   RO         2194    i.HAL_UART_TxCpltCallback  stm32h7xx_hal_uart.o
    0x08101512   0x08101512   0x00000002   PAD
    0x08101514   0x08101514   0x000000a8   Code   RO         4472    i.KEY_Init          key.o
    0x081015bc   0x081015bc   0x00000048   Code   RO         4603    i.LCD_Clear         lcd.o
    0x08101604   0x08101604   0x00000050   Code   RO         4615    i.LCD_MPU_Config    lcd.o
    0x08101654   0x08101654   0x00000014   Code   RO         4617    i.LCD_RD_DATA       lcd.o
    0x08101668   0x08101668   0x0000013c   Code   RO         4624    i.LCD_ShowChar      lcd.o
    0x081017a4   0x081017a4   0x00000066   Code   RO         4626    i.LCD_ShowString    lcd.o
    0x0810180a   0x0810180a   0x00000002   PAD
    0x0810180c   0x0810180c   0x00000018   Code   RO         4628    i.LCD_WR_DATA       lcd.o
    0x08101824   0x08101824   0x00000024   Code   RO         4833    i.LTDC_Clear        ltdc.o
    0x08101848   0x08101848   0x00000050   Code   RO         4837    i.LTDC_Draw_Point   ltdc.o
    0x08101898   0x08101898   0x000000d4   Code   RO         4843    i.LTDC_PanelID_Read  ltdc.o
    0x0810196c   0x0810196c   0x00000002   Code   RO          336    i.NMI_Handler       stm32h7xx_it.o
    0x0810196e   0x0810196e   0x00000002   Code   RO          337    i.PendSV_Handler    stm32h7xx_it.o
    0x08101970   0x08101970   0x00000130   Code   RO         2013    i.RCCEx_PLL3_Config  stm32h7xx_hal_rcc_ex.o
    0x08101aa0   0x08101aa0   0x00000054   Code   RO         4544    i.SDRAM_Initialization_Sequence  sdram.o
    0x08101af4   0x08101af4   0x000000ea   Code   RO         2196    i.UART_AdvFeatureConfig  stm32h7xx_hal_uart.o
    0x08101bde   0x08101bde   0x00000020   Code   RO         2209    i.UART_EndTransmit_IT  stm32h7xx_hal_uart.o
    0x08101bfe   0x08101bfe   0x0000008a   Code   RO         2211    i.UART_Receive_IT   stm32h7xx_hal_uart.o
    0x08101c88   0x08101c88   0x0000006c   Code   RO         2214    i.UART_WaitOnFlagUntilTimeout  stm32h7xx_hal_uart.o
    0x08101cf4   0x08101cf4   0x00000050   Code   RO          586    i.USART1_IRQHandler  usart.o
    0x08101d44   0x08101d44   0x00000010   Code   RO          984    i.__NVIC_GetPriorityGrouping  stm32h7xx_hal_cortex.o
    0x08101d54   0x08101d54   0x00000004   Code   RO          587    i._sys_exit         usart.o
    0x08101d58   0x08101d58   0x00000158   Code   RO            4    i.main              main.o
    0x08101eb0   0x08101eb0   0x00000038   Code   RO          589    i.uart_init         usart.o
    0x08101ee8   0x08101ee8   0x0000000a   Code   RO         5131    x$fpl$fpinit        fz_wv.l(fpinit.o)
    0x08101ef2   0x08101ef2   0x00000030   Data   RO         2215    .constdata          stm32h7xx_hal_uart.o
    0x08101f22   0x08101f22   0x00004770   Data   RO         4635    .constdata          lcd.o
    0x08106692   0x08106692   0x00000028   Data   RO         4966    .constdata          c_w.l(_printf_hex_int.o)



  Load Region LR$$.ARM.__AT_0xC0000000 (Base: 0xc0000000, Size: 0x00000000, Max: 0x001f4000, ABSOLUTE)

    Execution Region ER$$.ARM.__AT_0xC0000000 (Exec base: 0xc0000000, Load base: 0xc0000000, Size: 0x001f4000, Max: 0x001f4000, ABSOLUTE, UNINIT)

    Exec Addr    Load Addr    Size         Type   Attr      Idx    E Section Name        Object

    0xc0000000        -       0x001f4000   Zero   RW         4847    .ARM.__AT_0xC0000000  ltdc.o


==============================================================================

Image component sizes


      Code (inc. data)   RO Data    RW Data    ZI Data      Debug   Object Name

       116          8          0          4          0       2187   delay.o
       168         18          0          0          0       1075   key.o
     11838        200      18288          8         90      20076   lcd.o
        88         10          0          0          0        947   led.o
      2274        122          0          8    2048296      10926   ltdc.o
       344         64          0          0          0    1222787   main.o
       576         46          0          0         52       3914   sdram.o
        64         26        664          0       1536        880   startup_stm32h743xx.o
       160         32          0          9          0       4263   stm32h7xx_hal.o
       542         38          0          0          0      42107   stm32h7xx_hal_cortex.o
       248         12          0          0          0       2167   stm32h7xx_hal_dma.o
       622         54          0          0          0       3996   stm32h7xx_hal_gpio.o
      1124          6          0          0          0       4953   stm32h7xx_hal_ltdc.o
         2          0          0          0          0        490   stm32h7xx_hal_msp.o
      3048         86          0          0          0       6288   stm32h7xx_hal_rcc.o
      4692        118          0          0          0       7751   stm32h7xx_hal_rcc_ex.o
       178          4          0          0          0       2928   stm32h7xx_hal_sdram.o
       104          4          0          0          0       1304   stm32h7xx_hal_sram.o
      4094        140         48          0          0      13600   stm32h7xx_hal_uart.o
         2          0          0          0          0       1060   stm32h7xx_hal_uart_ex.o
        28          0          0          0          0       3962   stm32h7xx_it.o
       618         14          0          0          0       6128   stm32h7xx_ll_fmc.o
       556         30          0          0          0      37589   sys.o
       148         18         64          8          0       1370   system_stm32h7xx.o
       456         62          0          7        328       5873   usart.o

    ----------------------------------------------------------------------
     32116       1112      19096         48    2050304    1408621   Object Totals
         4          0         32          0          0          0   (incl. Generated)
        22          0          0          4          2          0   (incl. Padding)

    ----------------------------------------------------------------------

      Code (inc. data)   RO Data    RW Data    ZI Data      Debug   Library Member Name

         8          0          0          0          0         68   __main.o
       312          4         17          0          0         92   __printf_flags_wp.o
        14          0          0          0          0         68   __printf_wp.o
         0          0          0          0          0          0   __rtentry.o
        12          0          0          0          0          0   __rtentry2.o
         6          0          0          0          0          0   __rtentry4.o
        52          8          0          0          0          0   __scatter.o
        26          0          0          0          0          0   __scatter_copy.o
        28          0          0          0          0          0   __scatter_zi.o
        48          6          0          0          0         96   _printf_char_common.o
        36          4          0          0          0         80   _printf_char_file.o
        88          4         40          0          0         88   _printf_hex_int.o
       178          0          0          0          0         88   _printf_intcommon.o
        78          0          0          0          0        108   _printf_pad.o
         0          0          0          0          0          0   _printf_percent.o
         4          0          0          0          0          0   _printf_percent_end.o
         6          0          0          0          0          0   _printf_x.o
        10          0          0          0          0         68   _sputc.o
        18          0          0          0          0         80   exit.o
         8          0          0          0          0         68   ferror.o
         6          0          0          0          0        152   heapauxi.o
         2          0          0          0          0          0   libinit.o
         6          0          0          0          0          0   libinit2.o
         2          0          0          0          0          0   libshutdown.o
         2          0          0          0          0          0   libshutdown2.o
         8          4          0          0         96         68   libspace.o
       238          0          0          0          0        100   lludivv7m.o
        24          4          0          0          0         84   noretval__2printf.o
        40          6          0          0          0         84   noretval__2sprintf.o
       100          0          0          0          0         80   rt_memcpy_w.o
         2          0          0          0          0          0   rtexit.o
        10          0          0          0          0          0   rtexit2.o
        74          0          0          0          0         80   sys_stackheap_outer.o
        10          0          0          0          0        116   fpinit.o

    ----------------------------------------------------------------------
      1470         40         62          0         96       1668   Library Totals
        14          0          5          0          0          0   (incl. Padding)

    ----------------------------------------------------------------------

      Code (inc. data)   RO Data    RW Data    ZI Data      Debug   Library Name

      1446         40         57          0         96       1552   c_w.l
        10          0          0          0          0        116   fz_wv.l

    ----------------------------------------------------------------------
      1470         40         62          0         96       1668   Library Totals

    ----------------------------------------------------------------------

==============================================================================


      Code (inc. data)   RO Data    RW Data    ZI Data      Debug   

     33586       1152      19158         48    2050400    1398361   Grand Totals
     33586       1152      19158         48    2050400    1398361   ELF Image Totals
     33586       1152      19158         48          0          0   ROM Totals

==============================================================================

    Total RO  Size (Code + RO Data)                52744 (  51.51kB)
    Total RW  Size (RW Data + ZI Data)           2050448 (2002.39kB)
    Total ROM Size (Code + RO Data + RW Data)      52792 (  51.55kB)

==============================================================================

