<html>
<body>
<pre>
<h1>µVision Build Log</h1>
<h2>Tool Versions:</h2>
IDE-Version: ¶ÃVision V5.42.0.0
Copyright (C) 2025 ARM Ltd and ARM Germany GmbH. All rights reserved.
License Information: kuang Jing Ming  , hunnan, LIC=8VRJ7-EKUE3-X70RZ-JXJIG-B5KIZ-33TWR
 
Tool Versions:
Toolchain:       MDK-ARM Plus  Version: 5.42.0.0
Toolchain Path:  C:\Users\kjmsd\AppData\Local\Keil_v5\ARM\ARMCC\Bin
C Compiler:      Armcc.exe V5.06 update 7 (build 960)
Assembler:       Armasm.exe V5.06 update 7 (build 960)
Linker/Locator:  ArmLink.exe V5.06 update 7 (build 960)
Library Manager: ArmAr.exe V5.06 update 7 (build 960)
Hex Converter:   FromElf.exe V5.06 update 7 (build 960)
CPU DLL:         SARMCM3.DLL V5.42.0.0
Dialog DLL:      DCM.DLL V1.17.5.0
Target DLL:      STLink\ST-LINKIII-KEIL_SWO.dll V3.3.0.0
Dialog DLL:      TCM.DLL V1.56.6.0
 
<h2>Project:</h2>
D:\BaiduNetdiskDownload\08.5¥Á800X480 œ‘ æ\08.5¥Á7¥Á800X480 œ‘ æ\USER\LTDC.uvprojx
Project File Date:  05/16/2025

<h2>Output:</h2>
*** Using Compiler 'V5.06 update 7 (build 960)', folder: 'C:\Users\kjmsd\AppData\Local\Keil_v5\ARM\ARMCC\Bin'
Rebuild target 'LTDC'
assembling startup_stm32h743xx.s...
compiling sys.c...
compiling usart.c...
compiling system_stm32h7xx.c...
compiling stm32h7xx_hal_dma_ex.c...
compiling stm32h7xx_hal_dma.c...
compiling stm32h7xx_hal_msp.c...
compiling main.c...
compiling stm32h7xx_hal.c...
compiling stm32h7xx_it.c...
compiling stm32h7xx_hal_cortex.c...
compiling delay.c...
compiling stm32h7xx_hal_gpio.c...
compiling stm32h7xx_hal_pwr.c...
compiling stm32h7xx_hal_mdma.c...
compiling stm32h7xx_hal_uart_ex.c...
compiling stm32h7xx_hal_pwr_ex.c...
compiling stm32h7xx_hal_rcc.c...
compiling stm32h7xx_hal_uart.c...
compiling stm32h7xx_hal_rcc_ex.c...
compiling stm32h7xx_hal_sram.c...
compiling stm32h7xx_hal_usart.c...
compiling stm32h7xx_ll_fmc.c...
compiling stm32h7xx_hal_tim_ex.c...
compiling stm32h7xx_hal_tim.c...
compiling led.c...
compiling stm32h7xx_hal_sdram.c...
compiling key.c...
compiling stm32h7xx_hal_ltdc.c...
compiling mpu.c...
compiling sdram.c...
compiling ltdc.c...
compiling lcd.c...
linking...
Program Size: Code=33586 RO-data=19158 RW-data=48 ZI-data=2050400  
FromELF: creating hex file...
"..\OBJ\Template.axf" - 0 Error(s), 0 Warning(s).

<h2>Software Packages used:</h2>

Package Vendor: Keil
                https://www.keil.com/pack/Keil.STM32H7xx_DFP.4.0.0.pack
                Keil::STM32H7xx_DFP@4.0.0
                STMicroelectronics STM32H7 Series Device Support

<h2>Collection of Component include folders:</h2>

<h2>Collection of Component Files used:</h2>
Build Time Elapsed:  00:00:05
</pre>
</body>
</html>
